OpenROAD 26Q3-1260-g06a5a02279 
Features included (+) or not (-): +GPU +GUI +Python
This program is licensed under the BSD-3 license. See the LICENSE file for details.
Components of this program may be licensed under more restrictive licenses which must be honored.
[INFO ORD-0030] Using 24 thread(s).
read_liberty /OpenROAD-flow-scripts/flow/platforms/gf180/lib/gf180mcu_fd_sc_mcu7t5v0__tt_025C_5v00.lib.gz
read_db /Users/rwalters/GitHub/gf180-dx7/.loom/worktrees/issue-32/pnr/orfs/work/results/gf180/dx7core/twoslot/1_synth.odb
read_sdc /Users/rwalters/GitHub/gf180-dx7/.loom/worktrees/issue-32/pnr/orfs/work/results/gf180/dx7core/twoslot/1_synth.sdc
source /OpenROAD-flow-scripts/flow/platforms/gf180/setRC.tcl

==========================================================================
Floorplan check_setup
--------------------------------------------------------------------------
number instances in verilog is 966492
[INFO IFP-0001] Added 469 rows of 3285 site GF018hv5v_mcu_sc7.
[INFO IFP-0100] Die BBox:  (  0.000  0.000 ) ( 1860.880 1862.000 ) um
[INFO IFP-0101] Core BBox: ( 10.640 11.760 ) ( 1850.240 1850.240 ) um
[INFO IFP-0102] Core area:                      3382067.808 um^2
[INFO IFP-0103] Total instances area:          32941030.707 um^2
[INFO IFP-0104] Effective utilization:                9.740
[INFO IFP-0105] Number of instances:                 966492
source /OpenROAD-flow-scripts/flow/platforms/gf180/fastroute.tcl
Repair tie lo fanout...
[INFO RSZ-0042] Inserted 323 tie gf180mcu_fd_sc_mcu7t5v0__tiel instances.
Repair tie hi fanout...
repair_timing -setup_margin 0 -hold_margin 0 -repair_tns 100 -setup -skip_last_gasp -sequence unbuffer,sizeup,swap,vt_swap -verbose
[WARNING EST-0027] no estimated parasitics. Using wire load models.
[INFO RSZ-0100] Repair move sequence: UnbufferMove SizeUpMove SwapPinsMove 
[INFO RSZ-0094] Found 878 endpoints with setup violations.
[INFO RSZ-0099] Repairing 878 out of 878 (100.00%) violating endpoints...
   Iter   | Removed | Resized | Inserted | Cloned |  Pin  |   Area   |    WNS   |   StTNS    |   EnTNS    |  Viol  |  Worst  
          | Buffers |  Gates  | Buffers  |  Gates | Swaps |          |          |            |            | Endpts | St/EnPt 
------------------------------------------------------------------------------------------------------------------------------
       0* |       0 |       0 |        0 |      0 |     0 |    +0.0% |  -31.661 |   -75627.7 |    -6252.4 |    878 | tgt\[1\]$_SDFFE_PP0P_/D
      10* |       0 |       9 |        0 |      0 |     0 |    +0.0% |  -30.987 |   -75512.0 |    -6249.7 |    878 | tgt\[1\]$_SDFFE_PP0P_/D
      20* |       0 |      18 |        0 |      0 |     1 |    +0.0% |  -30.486 |   -74854.2 |    -6247.7 |    878 | tgt\[1\]$_SDFFE_PP0P_/D
      30* |       0 |      28 |        0 |      0 |     1 |    +0.0% |  -30.148 |   -73510.8 |    -6246.2 |    878 | tgt\[2\]$_SDFFE_PP0P_/D
      40* |       0 |      38 |        0 |      0 |     1 |    +0.0% |  -29.706 |   -72250.4 |    -6244.4 |    878 | tgt\[2\]$_SDFFE_PP0P_/D
      50* |       0 |      48 |        0 |      0 |     1 |    +0.0% |  -29.354 |   -71752.7 |    -6243.3 |    878 | tgt\[1\]$_SDFFE_PP0P_/D
      60* |       0 |      58 |        0 |      0 |     1 |    +0.0% |  -28.967 |   -71070.1 |    -6241.7 |    878 | tgt\[1\]$_SDFFE_PP0P_/D
      70* |       0 |      68 |        0 |      0 |     1 |    +0.0% |  -28.544 |   -69593.8 |    -6240.0 |    878 | tgt\[2\]$_SDFFE_PP0P_/D
      80* |       0 |      78 |        0 |      0 |     1 |    +0.0% |  -28.288 |   -69039.4 |    -6239.0 |    878 | tgt\[1\]$_SDFFE_PP0P_/D
      90* |       0 |      87 |        0 |      0 |     2 |    +0.0% |  -28.047 |   -68321.6 |    -6238.0 |    878 | tgt\[2\]$_SDFFE_PP0P_/D
     100* |       0 |      97 |        0 |      0 |     2 |    +0.0% |  -28.030 |   -68043.6 |    -6237.7 |    878 | tgt\[2\]$_SDFFE_PP0P_/D
     110* |       0 |     107 |        0 |      0 |     2 |    +0.0% |  -27.747 |   -67299.3 |    -6236.9 |    878 | tgt\[2\]$_SDFFE_PP0P_/D
     120* |       0 |     116 |        0 |      0 |     3 |    +0.0% |  -27.593 |   -66272.9 |    -6236.0 |    878 | tgt\[2\]$_SDFFE_PP0P_/D
     130* |       0 |     124 |        0 |      0 |     5 |    +0.0% |  -27.315 |   -65729.7 |    -6235.1 |    878 | tgt\[2\]$_SDFFE_PP0P_/D
     140* |       0 |     133 |        0 |      0 |     6 |    +0.0% |  -27.043 |   -64603.5 |    -6234.0 |    878 | tgt\[2\]$_SDFFE_PP0P_/D
     150* |       0 |     141 |        0 |      0 |     8 |    +0.0% |  -26.979 |   -64456.9 |    -6233.8 |    878 | tgt\[1\]$_SDFFE_PP0P_/D
     160* |       0 |     149 |        0 |      0 |    10 |    +0.0% |  -26.899 |   -64145.8 |    -6233.3 |    878 | tgt\[2\]$_SDFFE_PP0P_/D
     170* |       0 |     159 |        0 |      0 |    10 |    +0.0% |  -26.689 |   -63608.3 |    -6232.6 |    878 | tgt\[2\]$_SDFFE_PP0P_/D
     180* |       0 |     168 |        0 |      0 |    11 |    +0.0% |  -26.704 |   -63600.8 |    -6232.6 |    878 | tgt\[1\]$_SDFFE_PP0P_/D
     190* |       0 |     175 |        0 |      0 |    14 |    +0.0% |  -26.517 |   -62783.2 |    -6231.9 |    878 | tgt\[2\]$_SDFFE_PP0P_/D
     200* |       0 |     184 |        0 |      0 |    15 |    +0.0% |  -26.498 |   -62636.8 |    -6231.7 |    878 | tgt\[2\]$_SDFFE_PP0P_/D
     210* |       0 |     194 |        0 |      0 |    15 |    +0.0% |  -26.368 |   -62252.2 |    -6231.3 |    878 | tgt\[2\]$_SDFFE_PP0P_/D
     220* |       0 |     201 |        0 |      0 |    18 |    +0.0% |  -26.241 |   -61859.8 |    -6230.8 |    878 | tgt\[1\]$_SDFFE_PP0P_/D
     230* |       0 |     210 |        0 |      0 |    19 |    +0.0% |  -26.052 |   -61234.7 |    -6230.0 |    878 | tgt\[1\]$_SDFFE_PP0P_/D
     240* |       0 |     216 |        0 |      0 |    23 |    +0.0% |  -25.969 |   -60900.3 |    -6229.7 |    878 | tgt\[1\]$_SDFFE_PP0P_/D
     250* |       0 |     223 |        0 |      0 |    26 |    +0.0% |  -25.915 |   -60669.1 |    -6229.5 |    878 | tgt\[1\]$_SDFFE_PP0P_/D
     260* |       0 |     230 |        0 |      0 |    29 |    +0.0% |  -25.790 |   -60103.8 |    -6229.0 |    878 | tgt\[1\]$_SDFFE_PP0P_/D
     270* |       0 |     233 |        0 |      0 |    36 |    +0.0% |  -25.808 |   -60027.9 |    -6229.0 |    878 | tgt\[2\]$_SDFFE_PP0P_/D
     280* |       0 |     239 |        0 |      0 |    40 |    +0.0% |  -25.753 |   -59978.4 |    -6228.9 |    878 | tgt\[1\]$_SDFFE_PP0P_/D
     290* |       0 |     245 |        0 |      0 |    44 |    +0.0% |  -25.804 |   -59969.8 |    -6228.9 |    878 | tgt\[2\]$_SDFFE_PP0P_/D
     300* |       0 |     250 |        0 |      0 |    49 |    +0.0% |  -25.718 |   -59902.5 |    -6228.7 |    878 | tgt\[1\]$_SDFFE_PP0P_/D
     310* |       0 |     255 |        0 |      0 |    54 |    +0.0% |  -25.587 |   -59362.2 |    -6228.2 |    878 | tgt\[1\]$_SDFFE_PP0P_/D
     320* |       0 |     260 |        0 |      0 |    59 |    +0.0% |  -25.545 |   -59169.0 |    -6228.0 |    878 | tgt\[1\]$_SDFFE_PP0P_/D
     330* |       0 |     267 |        0 |      0 |    62 |    +0.0% |  -25.523 |   -58920.6 |    -6228.0 |    878 | tgt\[2\]$_SDFFE_PP0P_/D
     340* |       0 |     273 |        0 |      0 |    66 |    +0.0% |  -25.298 |   -58991.8 |    -6227.0 |    878 | tgt\[1\]$_SDFFE_PP0P_/D
     350* |       0 |     279 |        0 |      0 |    70 |    +0.0% |  -25.273 |   -58727.8 |    -6226.9 |    878 | tgt\[2\]$_SDFFE_PP0P_/D
     360* |       0 |     287 |        0 |      0 |    72 |    +0.0% |  -25.299 |   -58536.9 |    -6226.8 |    878 | tgt\[2\]$_SDFFE_PP0P_/D
     370* |       0 |     291 |        0 |      0 |    78 |    +0.0% |  -25.120 |   -58275.7 |    -6226.3 |    878 | tgt\[1\]$_SDFFE_PP0P_/D
     380* |       0 |     291 |        0 |      0 |    88 |    +0.0% |  -25.336 |   -58286.4 |    -6226.8 |    878 | tgt\[2\]$_SDFFE_PP0P_/D
     390* |       0 |     292 |        0 |      0 |    97 |    +0.0% |  -25.470 |   -58590.3 |    -6227.4 |    878 | tgt\[2\]$_SDFFE_PP0P_/D
     400* |       0 |     295 |        0 |      0 |   104 |    +0.0% |  -25.470 |   -58646.7 |    -6227.4 |    878 | tgt\[2\]$_SDFFE_PP0P_/D
     410* |       0 |     298 |        0 |      0 |   111 |    +0.0% |  -25.412 |   -58499.6 |    -6227.1 |    878 | tgt\[2\]$_SDFFE_PP0P_/D
     420* |       0 |     306 |        0 |      0 |   113 |    +0.0% |  -25.342 |   -58355.0 |    -6226.9 |    878 | tgt\[2\]$_SDFFE_PP0P_/D
     423* |       0 |     291 |        0 |      0 |    81 |    +0.0% |  -25.084 |   -58150.5 |    -6226.2 |    878 | tgt\[2\]$_SDFFE_PP0P_/D
     430* |       0 |     293 |        0 |      0 |    85 |    +0.0% |  -25.099 |   -57938.6 |    -6226.0 |    878 | tgt\[2\]$_SDFFE_PP0P_/D
     440* |       0 |     300 |        0 |      0 |    88 |    +0.0% |  -25.001 |   -57748.5 |    -6225.7 |    878 | tgt\[2\]$_SDFFE_PP0P_/D
     450* |       0 |     300 |        0 |      0 |    98 |    +0.0% |  -25.310 |   -58909.4 |    -6227.0 |    878 | tgt\[1\]$_SDFFE_PP0P_/D
     460* |       0 |     304 |        0 |      0 |   104 |    +0.0% |  -25.298 |   -58947.3 |    -6227.0 |    878 | tgt\[1\]$_SDFFE_PP0P_/D
     470* |       0 |     307 |        0 |      0 |   111 |    +0.0% |  -25.311 |   -58899.1 |    -6227.0 |    878 | tgt\[1\]$_SDFFE_PP0P_/D
     480* |       0 |     313 |        0 |      0 |   115 |    +0.0% |  -25.394 |   -59241.2 |    -6227.4 |    878 | tgt\[1\]$_SDFFE_PP0P_/D
     490* |       0 |     317 |        0 |      0 |   121 |    +0.0% |  -25.273 |   -58922.8 |    -6226.9 |    878 | tgt\[1\]$_SDFFE_PP0P_/D
     490* |       0 |     300 |        0 |      0 |    88 |    +0.0% |  -25.001 |   -57748.5 |    -6225.7 |    878 | tgt\[2\]$_SDFFE_PP0P_/D
     500* |       0 |     309 |        0 |      0 |    88 |    +0.0% |  -24.951 |   -57721.3 |    -6225.6 |    878 | tgt\[1\]$_SDFFE_PP0P_/D
     510* |       0 |     315 |        0 |      0 |    92 |    +0.0% |  -24.885 |   -57447.0 |    -6225.3 |    878 | tgt\[1\]$_SDFFE_PP0P_/D
     520* |       0 |     317 |        0 |      0 |   100 |    +0.0% |  -24.953 |   -57495.6 |    -6225.5 |    878 | tgt\[2\]$_SDFFE_PP0P_/D
     530* |       0 |     318 |        0 |      0 |   109 |    +0.0% |  -24.994 |   -57531.4 |    -6225.7 |    878 | tgt\[2\]$_SDFFE_PP0P_/D
     540* |       0 |     320 |        0 |      0 |   117 |    +0.0% |  -25.094 |   -57729.0 |    -6226.0 |    878 | tgt\[2\]$_SDFFE_PP0P_/D
     550* |       0 |     324 |        0 |      0 |   123 |    +0.0% |  -25.073 |   -57682.6 |    -6225.9 |    878 | tgt\[2\]$_SDFFE_PP0P_/D
     560* |       0 |     325 |        0 |      0 |   132 |    +0.0% |  -25.028 |   -57577.4 |    -6225.8 |    878 | tgt\[2\]$_SDFFE_PP0P_/D
     564* |       0 |     317 |        0 |      0 |    94 |    +0.0% |  -24.875 |   -57446.8 |    -6225.3 |    878 | tgt\[1\]$_SDFFE_PP0P_/D
     570* |       0 |     322 |        0 |      0 |    94 |    +0.0% |  -24.820 |   -57235.5 |    -6225.1 |    878 | tgt\[1\]$_SDFFE_PP0P_/D
     580* |       0 |     330 |        0 |      0 |    96 |    +0.0% |  -24.841 |   -57320.2 |    -6225.2 |    878 | tgt\[1\]$_SDFFE_PP0P_/D
     590* |       0 |     339 |        0 |      0 |    97 |    +0.0% |  -24.804 |   -57060.9 |    -6225.1 |    878 | tgt\[2\]$_SDFFE_PP0P_/D
     600* |       0 |     341 |        0 |      0 |   105 |    +0.0% |  -24.905 |   -57438.4 |    -6225.4 |    878 | tgt\[1\]$_SDFFE_PP0P_/D
     610* |       0 |     343 |        0 |      0 |   113 |    +0.0% |  -24.959 |   -57608.9 |    -6225.7 |    878 | tgt\[1\]$_SDFFE_PP0P_/D
     620* |       0 |     344 |        0 |      0 |   122 |    +0.0% |  -25.321 |   -58714.3 |    -6227.1 |    878 | tgt\[1\]$_SDFFE_PP0P_/D
     630* |       0 |     344 |        0 |      0 |   132 |    +0.0% |  -25.430 |   -59135.6 |    -6227.6 |    878 | tgt\[1\]$_SDFFE_PP0P_/D
     640* |       0 |     345 |        0 |      0 |   141 |    +0.0% |  -25.430 |   -58909.2 |    -6227.6 |    878 | tgt\[1\]$_SDFFE_PP0P_/D
     644* |       0 |     341 |        0 |      0 |    99 |    +0.0% |  -24.804 |   -56970.2 |    -6225.0 |    878 | tgt\[2\]$_SDFFE_PP0P_/D
     650* |       0 |     345 |        0 |      0 |   100 |    +0.0% |  -24.804 |   -56964.2 |    -5381.8 |    878 | tgt\[2\]$_SDFFE_PP0P_/D
     660* |       0 |     353 |        0 |      0 |   102 |    +0.0% |  -24.804 |   -56964.2 |    -4935.3 |    878 | tgt\[2\]$_SDFFE_PP0P_/D
     670* |       0 |     362 |        0 |      0 |   103 |    +0.0% |  -24.804 |   -56964.1 |    -4391.1 |    878 | tgt\[2\]$_SDFFE_PP0P_/D
     680* |       0 |     371 |        0 |      0 |   104 |    +0.0% |  -24.804 |   -56963.7 |    -4036.9 |    878 | tgt\[2\]$_SDFFE_PP0P_/D
     690* |       0 |     380 |        0 |      0 |   105 |    +0.0% |  -24.804 |   -56963.4 |    -3800.6 |    878 | tgt\[2\]$_SDFFE_PP0P_/D
     700* |       0 |     390 |        0 |      0 |   105 |    +0.0% |  -24.804 |   -56963.0 |    -3479.7 |    878 | tgt\[2\]$_SDFFE_PP0P_/D
     710* |       0 |     398 |        0 |      0 |   107 |    +0.0% |  -24.804 |   -56962.1 |    -3255.7 |    878 | tgt\[2\]$_SDFFE_PP0P_/D
     720* |       0 |     407 |        0 |      0 |   108 |    +0.0% |  -24.804 |   -56961.8 |    -3012.7 |    878 | tgt\[2\]$_SDFFE_PP0P_/D
     730* |       0 |     414 |        0 |      0 |   111 |    +0.0% |  -24.804 |   -56961.1 |    -2863.1 |    878 | tgt\[2\]$_SDFFE_PP0P_/D
     740* |       0 |     422 |        0 |      0 |   113 |    +0.0% |  -24.804 |   -56960.6 |    -2709.2 |    878 | tgt\[2\]$_SDFFE_PP0P_/D
     750* |       0 |     426 |        0 |      0 |   119 |    +0.0% |  -24.804 |   -56961.0 |    -2659.7 |    878 | tgt\[2\]$_SDFFE_PP0P_/D
     760* |       0 |     429 |        0 |      0 |   126 |    +0.0% |  -24.804 |   -56960.9 |    -2682.0 |    878 | tgt\[2\]$_SDFFE_PP0P_/D
     770* |       0 |     434 |        0 |      0 |   131 |    +0.0% |  -24.804 |   -56960.4 |    -2549.7 |    878 | tgt\[2\]$_SDFFE_PP0P_/D
     780* |       0 |     440 |        0 |      0 |   135 |    +0.0% |  -24.804 |   -56959.9 |    -2450.5 |    878 | tgt\[2\]$_SDFFE_PP0P_/D
     790* |       0 |     446 |        0 |      0 |   139 |    +0.0% |  -24.804 |   -56959.6 |    -2377.1 |    878 | tgt\[2\]$_SDFFE_PP0P_/D
     800* |       0 |     452 |        0 |      0 |   143 |    +0.0% |  -24.804 |   -56959.4 |    -2306.9 |    878 | tgt\[2\]$_SDFFE_PP0P_/D
     810* |       0 |     460 |        0 |      0 |   145 |    +0.0% |  -24.804 |   -56957.2 |    -2147.3 |    878 | tgt\[2\]$_SDFFE_PP0P_/D
     820* |       0 |     465 |        0 |      0 |   150 |    +0.0% |  -24.804 |   -56957.1 |    -2136.1 |    878 | tgt\[2\]$_SDFFE_PP0P_/D
     830* |       0 |     469 |        0 |      0 |   156 |    +0.0% |  -24.804 |   -56957.3 |    -2131.3 |    878 | tgt\[2\]$_SDFFE_PP0P_/D
     840* |       0 |     474 |        0 |      0 |   161 |    +0.0% |  -24.804 |   -56959.3 |    -2217.3 |    878 | tgt\[2\]$_SDFFE_PP0P_/D
     850* |       0 |     483 |        0 |      0 |   162 |    +0.0% |  -24.804 |   -56959.1 |    -2182.7 |    878 | tgt\[2\]$_SDFFE_PP0P_/D
     859* |       0 |     460 |        0 |      0 |   144 |    +0.0% |  -24.804 |   -56957.0 |    -2130.9 |    878 | tgt\[2\]$_SDFFE_PP0P_/D
     860* |       0 |     460 |        0 |      0 |   144 |    +0.0% |  -24.804 |   -56957.0 |    -2130.9 |    878 | tgt\[2\]$_SDFFE_PP0P_/D
     870* |       0 |     467 |        0 |      0 |   147 |    +0.0% |  -24.804 |   -56956.8 |    -2124.0 |    878 | tgt\[2\]$_SDFFE_PP0P_/D
     880* |       0 |     476 |        0 |      0 |   148 |    +0.0% |  -24.804 |   -56957.6 |    -2100.9 |    878 | tgt\[2\]$_SDFFE_PP0P_/D
     890* |       0 |     484 |        0 |      0 |   150 |    +0.0% |  -24.804 |   -56957.8 |    -2096.4 |    878 | tgt\[2\]$_SDFFE_PP0P_/D
     900* |       0 |     491 |        0 |      0 |   153 |    +0.0% |  -24.804 |   -56958.1 |    -2113.2 |    878 | tgt\[2\]$_SDFFE_PP0P_/D
     910* |       0 |     494 |        0 |      0 |   160 |    +0.0% |  -24.804 |   -56957.9 |    -2100.3 |    878 | tgt\[2\]$_SDFFE_PP0P_/D
     920* |       0 |     502 |        0 |      0 |   162 |    +0.0% |  -24.804 |   -56958.3 |    -2069.6 |    878 | tgt\[2\]$_SDFFE_PP0P_/D
     930* |       0 |     504 |        0 |      0 |   170 |    +0.0% |  -24.804 |   -56957.4 |    -2009.3 |    878 | tgt\[2\]$_SDFFE_PP0P_/D
     940* |       0 |     509 |        0 |      0 |   175 |    +0.0% |  -24.804 |   -56956.2 |    -1901.1 |    878 | tgt\[2\]$_SDFFE_PP0P_/D
     950* |       0 |     515 |        0 |      0 |   179 |    +0.0% |  -24.804 |   -56955.7 |    -1863.3 |    878 | tgt\[2\]$_SDFFE_PP0P_/D
     960* |       0 |     518 |        0 |      0 |   186 |    +0.0% |  -24.804 |   -56956.4 |    -1930.8 |    878 | tgt\[2\]$_SDFFE_PP0P_/D
     970* |       0 |     519 |        0 |      0 |   195 |    +0.0% |  -24.804 |   -56956.7 |    -1941.7 |    878 | tgt\[2\]$_SDFFE_PP0P_/D
     980* |       0 |     524 |        0 |      0 |   200 |    +0.0% |  -24.804 |   -56957.0 |    -1930.0 |    878 | tgt\[2\]$_SDFFE_PP0P_/D
     990* |       0 |     526 |        0 |      0 |   208 |    +0.0% |  -24.804 |   -56958.1 |    -2004.7 |    878 | tgt\[2\]$_SDFFE_PP0P_/D
     996* |       0 |     514 |        0 |      0 |   178 |    +0.0% |  -24.804 |   -56955.3 |    -1839.3 |    878 | tgt\[2\]$_SDFFE_PP0P_/D
    1000* |       0 |     517 |        0 |      0 |   178 |    +0.0% |  -24.804 |   -56955.3 |    -1835.9 |    878 | tgt\[2\]$_SDFFE_PP0P_/D
    1010* |       0 |     523 |        0 |      0 |   182 |    +0.0% |  -24.804 |   -56956.4 |    -1895.3 |    878 | tgt\[2\]$_SDFFE_PP0P_/D
    1016* |       0 |     522 |        0 |      0 |   180 |    +0.0% |  -24.804 |   -56954.8 |    -1784.2 |    878 | tgt\[2\]$_SDFFE_PP0P_/D
    1020* |       0 |     525 |        0 |      0 |   180 |    +0.0% |  -24.804 |   -56955.3 |    -1800.4 |    878 | tgt\[2\]$_SDFFE_PP0P_/D
    1024* |       0 |     528 |        0 |      0 |   180 |    +0.0% |  -24.804 |   -56955.2 |    -1776.6 |    878 | tgt\[2\]$_SDFFE_PP0P_/D
    1026* |       0 |     528 |        0 |      0 |   180 |    +0.0% |  -24.804 |   -56955.2 |    -1776.6 |    878 | tgt\[2\]$_SDFFE_PP0P_/D
    1028* |       0 |     528 |        0 |      0 |   180 |    +0.0% |  -24.804 |   -56955.2 |    -1776.6 |    878 | tgt\[2\]$_SDFFE_PP0P_/D
    1030* |       0 |     528 |        0 |      0 |   181 |    +0.0% |  -24.804 |   -56955.2 |    -1776.6 |    878 | tgt\[2\]$_SDFFE_PP0P_/D
    1030* |       0 |     528 |        0 |      0 |   180 |    +0.0% |  -24.804 |   -56955.2 |    -1776.6 |    878 | tgt\[2\]$_SDFFE_PP0P_/D
    1032* |       0 |     528 |        0 |      0 |   180 |    +0.0% |  -24.804 |   -56955.2 |    -1776.6 |    878 | tgt\[2\]$_SDFFE_PP0P_/D
    1036* |       0 |     530 |        0 |      0 |   180 |    +0.0% |  -24.804 |   -56955.2 |    -1776.2 |    878 | tgt\[2\]$_SDFFE_PP0P_/D
    1040* |       0 |     532 |        0 |      0 |   181 |    +0.0% |  -24.804 |   -56955.5 |    -1775.9 |    878 | tgt\[2\]$_SDFFE_PP0P_/D
    1040* |       0 |     532 |        0 |      0 |   180 |    +0.0% |  -24.804 |   -56955.5 |    -1775.9 |    878 | tgt\[2\]$_SDFFE_PP0P_/D
    1042* |       0 |     532 |        0 |      0 |   180 |    +0.0% |  -24.804 |   -56955.5 |    -1775.9 |    878 | tgt\[2\]$_SDFFE_PP0P_/D
    1044* |       0 |     532 |        0 |      0 |   180 |    +0.0% |  -24.804 |   -56955.5 |    -1775.9 |    878 | tgt\[2\]$_SDFFE_PP0P_/D
    1046* |       0 |     532 |        0 |      0 |   180 |    +0.0% |  -24.804 |   -56955.5 |    -1775.9 |    878 | tgt\[2\]$_SDFFE_PP0P_/D
    1048* |       0 |     532 |        0 |      0 |   180 |    +0.0% |  -24.804 |   -56955.5 |    -1775.9 |    878 | tgt\[2\]$_SDFFE_PP0P_/D
    1050* |       0 |     532 |        0 |      0 |   181 |    +0.0% |  -24.804 |   -56955.5 |    -1775.9 |    878 | tgt\[2\]$_SDFFE_PP0P_/D
    1050* |       0 |     532 |        0 |      0 |   180 |    +0.0% |  -24.804 |   -56955.5 |    -1775.9 |    878 | tgt\[2\]$_SDFFE_PP0P_/D
    1052* |       0 |     532 |        0 |      0 |   180 |    +0.0% |  -24.804 |   -56955.5 |    -1775.9 |    878 | tgt\[2\]$_SDFFE_PP0P_/D
    1054* |       0 |     532 |        0 |      0 |   180 |    +0.0% |  -24.804 |   -56955.5 |    -1775.9 |    878 | tgt\[2\]$_SDFFE_PP0P_/D
    1056* |       0 |     532 |        0 |      0 |   180 |    +0.0% |  -24.804 |   -56955.5 |    -1775.9 |    878 | tgt\[2\]$_SDFFE_PP0P_/D
    1058* |       0 |     532 |        0 |      0 |   180 |    +0.0% |  -24.804 |   -56955.5 |    -1775.9 |    878 | tgt\[2\]$_SDFFE_PP0P_/D
    1060* |       0 |     532 |        0 |      0 |   181 |    +0.0% |  -24.804 |   -56955.5 |    -1775.9 |    878 | tgt\[2\]$_SDFFE_PP0P_/D
    1060* |       0 |     532 |        0 |      0 |   180 |    +0.0% |  -24.804 |   -56955.5 |    -1775.9 |    878 | tgt\[2\]$_SDFFE_PP0P_/D
    1062* |       0 |     532 |        0 |      0 |   180 |    +0.0% |  -24.804 |   -56955.5 |    -1775.9 |    878 | tgt\[2\]$_SDFFE_PP0P_/D
    1064* |       0 |     532 |        0 |      0 |   180 |    +0.0% |  -24.804 |   -56955.5 |    -1775.9 |    878 | tgt\[2\]$_SDFFE_PP0P_/D
    1070* |       0 |     536 |        0 |      0 |   181 |    +0.0% |  -24.804 |   -56955.5 |    -1775.0 |    878 | tgt\[2\]$_SDFFE_PP0P_/D
    1070* |       0 |     536 |        0 |      0 |   180 |    +0.0% |  -24.804 |   -56955.5 |    -1775.0 |    878 | tgt\[2\]$_SDFFE_PP0P_/D
    1076* |       0 |     540 |        0 |      0 |   180 |    +0.0% |  -24.804 |   -56954.6 |    -1774.2 |    878 | tgt\[2\]$_SDFFE_PP0P_/D
    1078* |       0 |     540 |        0 |      0 |   180 |    +0.0% |  -24.804 |   -56954.6 |    -1774.2 |    878 | tgt\[2\]$_SDFFE_PP0P_/D
    1080* |       0 |     540 |        0 |      0 |   181 |    +0.0% |  -24.804 |   -56954.6 |    -1774.2 |    878 | tgt\[2\]$_SDFFE_PP0P_/D
    1080* |       0 |     540 |        0 |      0 |   180 |    +0.0% |  -24.804 |   -56954.6 |    -1774.2 |    878 | tgt\[2\]$_SDFFE_PP0P_/D
    1082* |       0 |     540 |        0 |      0 |   180 |    +0.0% |  -24.804 |   -56954.6 |    -1774.2 |    878 | tgt\[2\]$_SDFFE_PP0P_/D
    1084* |       0 |     540 |        0 |      0 |   180 |    +0.0% |  -24.804 |   -56954.6 |    -1774.2 |    878 | tgt\[2\]$_SDFFE_PP0P_/D
    1087* |       0 |     541 |        0 |      0 |   180 |    +0.0% |  -24.804 |   -56954.6 |    -1774.3 |    878 | tgt\[2\]$_SDFFE_PP0P_/D
    1090* |       0 |     542 |        0 |      0 |   181 |    +0.0% |  -24.804 |   -56954.6 |    -1774.5 |    878 | tgt\[2\]$_SDFFE_PP0P_/D
    1090* |       0 |     542 |        0 |      0 |   180 |    +0.0% |  -24.804 |   -56954.6 |    -1774.5 |    878 | tgt\[2\]$_SDFFE_PP0P_/D
    1092* |       0 |     542 |        0 |      0 |   180 |    +0.0% |  -24.804 |   -56954.6 |    -1774.5 |    878 | tgt\[2\]$_SDFFE_PP0P_/D
    1094* |       0 |     542 |        0 |      0 |   180 |    +0.0% |  -24.804 |   -56954.6 |    -1774.5 |    878 | tgt\[2\]$_SDFFE_PP0P_/D
    1097* |       0 |     543 |        0 |      0 |   180 |    +0.0% |  -24.804 |   -56954.6 |    -1774.6 |    878 | tgt\[2\]$_SDFFE_PP0P_/D
    1100* |       0 |     544 |        0 |      0 |   181 |    +0.0% |  -24.804 |   -56954.6 |    -1774.8 |    878 | tgt\[2\]$_SDFFE_PP0P_/D
    1100* |       0 |     544 |        0 |      0 |   180 |    +0.0% |  -24.804 |   -56954.6 |    -1774.8 |    878 | tgt\[2\]$_SDFFE_PP0P_/D
    1102* |       0 |     544 |        0 |      0 |   180 |    +0.0% |  -24.804 |   -56954.6 |    -1774.8 |    878 | tgt\[2\]$_SDFFE_PP0P_/D
    1104* |       0 |     544 |        0 |      0 |   180 |    +0.0% |  -24.804 |   -56954.6 |    -1774.8 |    878 | tgt\[2\]$_SDFFE_PP0P_/D
    1106* |       0 |     544 |        0 |      0 |   180 |    +0.0% |  -24.804 |   -56954.6 |    -1774.8 |    878 | tgt\[2\]$_SDFFE_PP0P_/D
    1108* |       0 |     544 |        0 |      0 |   180 |    +0.0% |  -24.804 |   -56954.6 |    -1774.8 |    878 | tgt\[2\]$_SDFFE_PP0P_/D
    1110* |       0 |     544 |        0 |      0 |   181 |    +0.0% |  -24.804 |   -56954.6 |    -1774.8 |    878 | tgt\[2\]$_SDFFE_PP0P_/D
    1110* |       0 |     544 |        0 |      0 |   180 |    +0.0% |  -24.804 |   -56954.6 |    -1774.8 |    878 | tgt\[2\]$_SDFFE_PP0P_/D
    1112* |       0 |     544 |        0 |      0 |   180 |    +0.0% |  -24.804 |   -56954.6 |    -1774.8 |    878 | tgt\[2\]$_SDFFE_PP0P_/D
    1115* |       0 |     545 |        0 |      0 |   180 |    +0.0% |  -24.804 |   -56954.6 |    -1774.9 |    878 | tgt\[2\]$_SDFFE_PP0P_/D
    1118* |       0 |     546 |        0 |      0 |   180 |    +0.0% |  -24.804 |   -56954.6 |    -1775.1 |    878 | tgt\[2\]$_SDFFE_PP0P_/D
    1120* |       0 |     546 |        0 |      0 |   181 |    +0.0% |  -24.804 |   -56954.6 |    -1775.1 |    878 | tgt\[2\]$_SDFFE_PP0P_/D
    1120* |       0 |     546 |        0 |      0 |   180 |    +0.0% |  -24.804 |   -56954.6 |    -1775.1 |    878 | tgt\[2\]$_SDFFE_PP0P_/D
    1122* |       0 |     546 |        0 |      0 |   180 |    +0.0% |  -24.804 |   -56954.6 |    -1775.1 |    878 | tgt\[2\]$_SDFFE_PP0P_/D
    1124* |       0 |     546 |        0 |      0 |   180 |    +0.0% |  -24.804 |   -56954.6 |    -1775.1 |    878 | tgt\[2\]$_SDFFE_PP0P_/D
    1126* |       0 |     546 |        0 |      0 |   180 |    +0.0% |  -24.804 |   -56954.6 |    -1775.1 |    878 | tgt\[2\]$_SDFFE_PP0P_/D
    1128* |       0 |     546 |        0 |      0 |   180 |    +0.0% |  -24.804 |   -56954.6 |    -1775.1 |    878 | tgt\[2\]$_SDFFE_PP0P_/D
    1130* |       0 |     546 |        0 |      0 |   181 |    +0.0% |  -24.804 |   -56954.6 |    -1775.1 |    878 | tgt\[2\]$_SDFFE_PP0P_/D
    1130* |       0 |     546 |        0 |      0 |   180 |    +0.0% |  -24.804 |   -56954.6 |    -1775.1 |    878 | tgt\[2\]$_SDFFE_PP0P_/D
    1132* |       0 |     546 |        0 |      0 |   180 |    +0.0% |  -24.804 |   -56954.6 |    -1775.1 |    878 | tgt\[2\]$_SDFFE_PP0P_/D
    1134* |       0 |     546 |        0 |      0 |   180 |    +0.0% |  -24.804 |   -56954.6 |    -1775.1 |    878 | tgt\[2\]$_SDFFE_PP0P_/D
    1136* |       0 |     546 |        0 |      0 |   180 |    +0.0% |  -24.804 |   -56954.6 |    -1775.1 |    878 | tgt\[2\]$_SDFFE_PP0P_/D
    1138* |       0 |     546 |        0 |      0 |   180 |    +0.0% |  -24.804 |   -56954.6 |    -1775.1 |    878 | tgt\[2\]$_SDFFE_PP0P_/D
    1140* |       0 |     546 |        0 |      0 |   181 |    +0.0% |  -24.804 |   -56954.6 |    -1775.1 |    878 | tgt\[2\]$_SDFFE_PP0P_/D
    1140* |       0 |     546 |        0 |      0 |   180 |    +0.0% |  -24.804 |   -56954.6 |    -1775.1 |    878 | tgt\[2\]$_SDFFE_PP0P_/D
    1142* |       0 |     546 |        0 |      0 |   180 |    +0.0% |  -24.804 |   -56954.6 |    -1775.1 |    878 | tgt\[2\]$_SDFFE_PP0P_/D
    1144* |       0 |     546 |        0 |      0 |   180 |    +0.0% |  -24.804 |   -56954.6 |    -1775.1 |    878 | tgt\[2\]$_SDFFE_PP0P_/D
    1146* |       0 |     546 |        0 |      0 |   180 |    +0.0% |  -24.804 |   -56954.6 |    -1775.1 |    878 | tgt\[2\]$_SDFFE_PP0P_/D
    1148* |       0 |     546 |        0 |      0 |   180 |    +0.0% |  -24.804 |   -56954.6 |    -1775.1 |    878 | tgt\[2\]$_SDFFE_PP0P_/D
    1150* |       0 |     546 |        0 |      0 |   181 |    +0.0% |  -24.804 |   -56954.6 |    -1775.1 |    878 | tgt\[2\]$_SDFFE_PP0P_/D
    1150* |       0 |     546 |        0 |      0 |   180 |    +0.0% |  -24.804 |   -56954.6 |    -1775.1 |    878 | tgt\[2\]$_SDFFE_PP0P_/D
    1152* |       0 |     546 |        0 |      0 |   180 |    +0.0% |  -24.804 |   -56954.6 |    -1775.1 |    878 | tgt\[2\]$_SDFFE_PP0P_/D
    1154* |       0 |     546 |        0 |      0 |   180 |    +0.0% |  -24.804 |   -56954.6 |    -1775.1 |    878 | tgt\[2\]$_SDFFE_PP0P_/D
    1156* |       0 |     546 |        0 |      0 |   180 |    +0.0% |  -24.804 |   -56954.6 |    -1775.1 |    878 | tgt\[2\]$_SDFFE_PP0P_/D
    1158* |       0 |     546 |        0 |      0 |   180 |    +0.0% |  -24.804 |   -56954.6 |    -1775.1 |    878 | tgt\[2\]$_SDFFE_PP0P_/D
    1160* |       0 |     546 |        0 |      0 |   181 |    +0.0% |  -24.804 |   -56954.6 |    -1775.1 |    878 | tgt\[2\]$_SDFFE_PP0P_/D
    1160* |       0 |     546 |        0 |      0 |   180 |    +0.0% |  -24.804 |   -56954.6 |    -1775.1 |    878 | tgt\[2\]$_SDFFE_PP0P_/D
    1162* |       0 |     546 |        0 |      0 |   180 |    +0.0% |  -24.804 |   -56954.6 |    -1775.1 |    878 | tgt\[2\]$_SDFFE_PP0P_/D
    1164* |       0 |     546 |        0 |      0 |   180 |    +0.0% |  -24.804 |   -56954.6 |    -1775.1 |    878 | tgt\[2\]$_SDFFE_PP0P_/D
    1166* |       0 |     546 |        0 |      0 |   180 |    +0.0% |  -24.804 |   -56954.6 |    -1775.1 |    878 | tgt\[2\]$_SDFFE_PP0P_/D
    1168* |       0 |     546 |        0 |      0 |   180 |    +0.0% |  -24.804 |   -56954.6 |    -1775.1 |    878 | tgt\[2\]$_SDFFE_PP0P_/D
    1170* |       0 |     546 |        0 |      0 |   181 |    +0.0% |  -24.804 |   -56954.6 |    -1775.1 |    878 | tgt\[2\]$_SDFFE_PP0P_/D
    1170* |       0 |     546 |        0 |      0 |   180 |    +0.0% |  -24.804 |   -56954.6 |    -1775.1 |    878 | tgt\[2\]$_SDFFE_PP0P_/D
    1172* |       0 |     546 |        0 |      0 |   180 |    +0.0% |  -24.804 |   -56954.6 |    -1775.1 |    878 | tgt\[2\]$_SDFFE_PP0P_/D
    1174* |       0 |     546 |        0 |      0 |   180 |    +0.0% |  -24.804 |   -56954.6 |    -1775.1 |    878 | tgt\[2\]$_SDFFE_PP0P_/D
    1176* |       0 |     546 |        0 |      0 |   180 |    +0.0% |  -24.804 |   -56954.6 |    -1775.1 |    878 | tgt\[2\]$_SDFFE_PP0P_/D
    1178* |       0 |     546 |        0 |      0 |   180 |    +0.0% |  -24.804 |   -56954.6 |    -1775.1 |    878 | tgt\[2\]$_SDFFE_PP0P_/D
    1180* |       0 |     546 |        0 |      0 |   181 |    +0.0% |  -24.804 |   -56954.6 |    -1775.1 |    878 | tgt\[2\]$_SDFFE_PP0P_/D
    1180* |       0 |     546 |        0 |      0 |   180 |    +0.0% |  -24.804 |   -56954.6 |    -1775.1 |    878 | tgt\[2\]$_SDFFE_PP0P_/D
    1182* |       0 |     546 |        0 |      0 |   180 |    +0.0% |  -24.804 |   -56954.6 |    -1775.1 |    878 | tgt\[2\]$_SDFFE_PP0P_/D
    1184* |       0 |     546 |        0 |      0 |   180 |    +0.0% |  -24.804 |   -56954.6 |    -1775.1 |    878 | tgt\[2\]$_SDFFE_PP0P_/D
    1186* |       0 |     546 |        0 |      0 |   180 |    +0.0% |  -24.804 |   -56954.6 |    -1775.1 |    878 | tgt\[2\]$_SDFFE_PP0P_/D
    1188* |       0 |     546 |        0 |      0 |   180 |    +0.0% |  -24.804 |   -56954.6 |    -1775.1 |    878 | tgt\[2\]$_SDFFE_PP0P_/D
    1190* |       0 |     546 |        0 |      0 |   181 |    +0.0% |  -24.804 |   -56954.6 |    -1775.1 |    878 | tgt\[2\]$_SDFFE_PP0P_/D
    1190* |       0 |     546 |        0 |      0 |   180 |    +0.0% |  -24.804 |   -56954.6 |    -1775.1 |    878 | tgt\[2\]$_SDFFE_PP0P_/D
    1192* |       0 |     546 |        0 |      0 |   180 |    +0.0% |  -24.804 |   -56954.6 |    -1775.1 |    878 | tgt\[2\]$_SDFFE_PP0P_/D
    1194* |       0 |     546 |        0 |      0 |   180 |    +0.0% |  -24.804 |   -56954.6 |    -1775.1 |    878 | tgt\[2\]$_SDFFE_PP0P_/D
    1199* |       0 |     549 |        0 |      0 |   180 |    +0.0% |  -24.804 |   -56954.6 |    -1775.1 |    878 | tgt\[2\]$_SDFFE_PP0P_/D
    1200* |       0 |     549 |        0 |      0 |   180 |    +0.0% |  -24.804 |   -56954.6 |    -1775.1 |    878 | tgt\[2\]$_SDFFE_PP0P_/D
    1200* |       0 |     549 |        0 |      0 |   180 |    +0.0% |  -24.804 |   -56954.6 |    -1775.1 |    878 | tgt\[2\]$_SDFFE_PP0P_/D
    1202* |       0 |     549 |        0 |      0 |   180 |    +0.0% |  -24.804 |   -56954.6 |    -1775.1 |    878 | tgt\[2\]$_SDFFE_PP0P_/D
    1207* |       0 |     552 |        0 |      0 |   180 |    +0.0% |  -24.804 |   -56954.7 |    -1775.2 |    878 | tgt\[2\]$_SDFFE_PP0P_/D
    1209* |       0 |     552 |        0 |      0 |   180 |    +0.0% |  -24.804 |   -56954.7 |    -1775.2 |    878 | tgt\[2\]$_SDFFE_PP0P_/D
    1210* |       0 |     552 |        0 |      0 |   180 |    +0.0% |  -24.804 |   -56954.7 |    -1775.2 |    878 | tgt\[2\]$_SDFFE_PP0P_/D
    1211* |       0 |     552 |        0 |      0 |   180 |    +0.0% |  -24.804 |   -56954.7 |    -1775.2 |    878 | tgt\[2\]$_SDFFE_PP0P_/D
    1218* |       0 |     554 |        0 |      0 |   181 |    +0.0% |  -24.804 |   -56954.7 |    -1773.9 |    878 | tgt\[2\]$_SDFFE_PP0P_/D
    1220* |       0 |     554 |        0 |      0 |   182 |    +0.0% |  -24.804 |   -56954.7 |    -1774.0 |    878 | tgt\[2\]$_SDFFE_PP0P_/D
    1221* |       0 |     554 |        0 |      0 |   181 |    +0.0% |  -24.804 |   -56954.7 |    -1773.9 |    878 | tgt\[2\]$_SDFFE_PP0P_/D
    1224* |       0 |     554 |        0 |      0 |   181 |    +0.0% |  -24.804 |   -56954.7 |    -1773.9 |    878 | tgt\[2\]$_SDFFE_PP0P_/D
    1227* |       0 |     554 |        0 |      0 |   181 |    +0.0% |  -24.804 |   -56954.7 |    -1773.9 |    878 | tgt\[2\]$_SDFFE_PP0P_/D
    1230* |       0 |     556 |        0 |      0 |   181 |    +0.0% |  -24.804 |   -56954.7 |    -1774.3 |    878 | tgt\[2\]$_SDFFE_PP0P_/D
    1232* |       0 |     556 |        0 |      0 |   181 |    +0.0% |  -24.804 |   -56954.7 |    -1774.3 |    878 | tgt\[2\]$_SDFFE_PP0P_/D
    1235* |       0 |     556 |        0 |      0 |   181 |    +0.0% |  -24.804 |   -56954.7 |    -1774.3 |    878 | tgt\[2\]$_SDFFE_PP0P_/D
    1240* |       0 |     559 |        0 |      0 |   182 |    +0.0% |  -24.804 |   -56954.9 |    -1782.8 |    878 | tgt\[2\]$_SDFFE_PP0P_/D
    1240* |       0 |     558 |        0 |      0 |   181 |    +0.0% |  -24.804 |   -56954.7 |    -1774.7 |    878 | tgt\[2\]$_SDFFE_PP0P_/D
    1243* |       0 |     558 |        0 |      0 |   181 |    +0.0% |  -24.804 |   -56954.7 |    -1774.7 |    878 | tgt\[2\]$_SDFFE_PP0P_/D
    1246* |       0 |     558 |        0 |      0 |   181 |    +0.0% |  -24.804 |   -56954.7 |    -1774.7 |    878 | tgt\[2\]$_SDFFE_PP0P_/D
    1250* |       0 |     560 |        0 |      0 |   182 |    +0.0% |  -24.804 |   -56954.7 |    -1775.1 |    878 | tgt\[2\]$_SDFFE_PP0P_/D
    1251* |       0 |     560 |        0 |      0 |   181 |    +0.0% |  -24.804 |   -56954.7 |    -1775.1 |    878 | tgt\[2\]$_SDFFE_PP0P_/D
    1254* |       0 |     560 |        0 |      0 |   181 |    +0.0% |  -24.804 |   -56954.7 |    -1775.1 |    878 | tgt\[2\]$_SDFFE_PP0P_/D
    1257* |       0 |     560 |        0 |      0 |   181 |    +0.0% |  -24.804 |   -56954.7 |    -1775.1 |    878 | tgt\[2\]$_SDFFE_PP0P_/D
    1260* |       0 |     562 |        0 |      0 |   181 |    +0.0% |  -24.804 |   -56954.8 |    -1775.5 |    878 | tgt\[2\]$_SDFFE_PP0P_/D
    1262* |       0 |     562 |        0 |      0 |   181 |    +0.0% |  -24.804 |   -56954.8 |    -1775.5 |    878 | tgt\[2\]$_SDFFE_PP0P_/D
    1265* |       0 |     562 |        0 |      0 |   181 |    +0.0% |  -24.804 |   -56954.8 |    -1775.5 |    878 | tgt\[2\]$_SDFFE_PP0P_/D
    1268* |       0 |     562 |        0 |      0 |   181 |    +0.0% |  -24.804 |   -56954.8 |    -1775.5 |    878 | tgt\[2\]$_SDFFE_PP0P_/D
    1270* |       0 |     562 |        0 |      0 |   182 |    +0.0% |  -24.804 |   -56954.8 |    -1775.5 |    878 | tgt\[2\]$_SDFFE_PP0P_/D
    1271* |       0 |     562 |        0 |      0 |   181 |    +0.0% |  -24.804 |   -56954.8 |    -1775.5 |    878 | tgt\[2\]$_SDFFE_PP0P_/D
    1274* |       0 |     562 |        0 |      0 |   181 |    +0.0% |  -24.804 |   -56954.8 |    -1775.5 |    878 | tgt\[2\]$_SDFFE_PP0P_/D
    1277* |       0 |     562 |        0 |      0 |   181 |    +0.0% |  -24.804 |   -56954.8 |    -1775.5 |    878 | tgt\[2\]$_SDFFE_PP0P_/D
    1280* |       0 |     563 |        0 |      0 |   182 |    +0.0% |  -24.804 |   -56954.9 |    -1783.6 |    878 | tgt\[2\]$_SDFFE_PP0P_/D
    1280* |       0 |     562 |        0 |      0 |   181 |    +0.0% |  -24.804 |   -56954.8 |    -1775.5 |    878 | tgt\[2\]$_SDFFE_PP0P_/D
    1283* |       0 |     562 |        0 |      0 |   181 |    +0.0% |  -24.804 |   -56954.8 |    -1775.5 |    878 | tgt\[2\]$_SDFFE_PP0P_/D
    1286* |       0 |     562 |        0 |      0 |   181 |    +0.0% |  -24.804 |   -56954.8 |    -1775.5 |    878 | tgt\[2\]$_SDFFE_PP0P_/D
    1289* |       0 |     562 |        0 |      0 |   181 |    +0.0% |  -24.804 |   -56954.8 |    -1775.5 |    878 | tgt\[2\]$_SDFFE_PP0P_/D
    1290* |       0 |     562 |        0 |      0 |   181 |    +0.0% |  -24.804 |   -56954.8 |    -1775.5 |    878 | tgt\[2\]$_SDFFE_PP0P_/D
    1292* |       0 |     562 |        0 |      0 |   181 |    +0.0% |  -24.804 |   -56954.8 |    -1775.5 |    878 | tgt\[2\]$_SDFFE_PP0P_/D
    1295* |       0 |     562 |        0 |      0 |   181 |    +0.0% |  -24.804 |   -56954.8 |    -1775.5 |    878 | tgt\[2\]$_SDFFE_PP0P_/D
    1298* |       0 |     562 |        0 |      0 |   181 |    +0.0% |  -24.804 |   -56954.8 |    -1775.5 |    878 | tgt\[2\]$_SDFFE_PP0P_/D
    1300* |       0 |     562 |        0 |      0 |   182 |    +0.0% |  -24.804 |   -56954.8 |    -1775.5 |    878 | tgt\[2\]$_SDFFE_PP0P_/D
    1300* |       0 |     562 |        0 |      0 |   181 |    +0.0% |  -24.804 |   -56954.8 |    -1775.5 |    878 | tgt\[2\]$_SDFFE_PP0P_/D
    1300* |       0 |     562 |        0 |      0 |   181 |    +0.0% |  -24.804 |   -56954.8 |    -1775.5 |    878 | tgt\[2\]$_SDFFE_PP0P_/D
    final |       0 |     562 |        0 |      0 |   181 |    +0.0% |  -24.804 |   -56954.8 |    -1775.5 |    878 | tgt\[2\]$_SDFFE_PP0P_/D
------------------------------------------------------------------------------------------------------------------------------
[INFO RSZ-0051] Resized 562 instances: 562 up, 0 up match, 0 down, 0 VT
[INFO RSZ-0043] Swapped pins on 181 instances.
[WARNING RSZ-0062] Unable to repair all setup violations.
[INFO RSZ-0505] Runtime: 409.47s
Took 409 seconds: repair_timing -setup_margin 0 -hold_margin 0 -repair_tns 100 -setup -skip_last_gasp -sequence unbuffer,sizeup,swap,vt_swap -verbose
Default units for flow
 time 1ns
 capacitance 1pF
 resistance 1ohm
 voltage 1v
 current 1mA
 power 1uW
 distance 1um
   Layer   | Unit Resistance | Unit Capacitance 
           |        (ohm/um) |          (pF/um)
------------------------------------------------
    Metal1 |        3.91e-01 |         9.06e-06
    Metal2 |        2.26e-04 |         1.35e-04
    Metal3 |        2.26e-04 |         1.46e-04
    Metal4 |        2.26e-04 |         1.51e-04
    Metal5 |        5.86e-05 |         1.56e-04
------------------------------------------------

   Layer   | Via Resistance 
           |          (ohm) 
----------------------------
      Via1 |       0.00e+00 
      Via2 |       0.00e+00 
      Via3 |       0.00e+00 
      Via4 |       0.00e+00 
----------------------------
Report metrics stage 2, floorplan final...

==========================================================================
floorplan final report_design_area
--------------------------------------------------------------------------
Design area 32951146 um^2 974% utilization.
write_db /Users/rwalters/GitHub/gf180-dx7/.loom/worktrees/issue-32/pnr/orfs/work/results/gf180/dx7core/twoslot/2_1_floorplan.odb
write_sdc -no_timestamp /Users/rwalters/GitHub/gf180-dx7/.loom/worktrees/issue-32/pnr/orfs/work/results/gf180/dx7core/twoslot/2_1_floorplan.sdc
Elapsed time: 9:57.11[h:]min:sec. CPU time: user 802.48 sys 600.70 (234%). Peak memory: 4097392KB.
Log                       Ext     Elapsed/s Peak Memory/MB sha1sum result [0:20)
2_1_floorplan             .odb          597           4001 7662cd48b790529ada3c
2_1_floorplan             .sdc                             c6e9d2887a0f857b6200
