# yosys script (cwd=/private/tmp/opencode/wt-h04-env-rtl): read_verilog -DH04_STRIP_OBSERVABILITY /private/tmp/opencode/wt-h04-env-rtl/rtl/env_unit.v; hierarchy -check -top env_unit; synth -top env_unit; dfflibmap -liberty /Users/joseph/dev/2amlogic/prep/tinytapeout/pdk/ciel/gf180mcu/versions/54435919abffb937387ec956209f9cf5fd2dfbee/gf180mcuD/libs.ref/gf180mcu_fd_sc_mcu7t5v0/lib/gf180mcu_fd_sc_mcu7t5v0__tt_025C_5v00.lib; abc -liberty /Users/joseph/dev/2amlogic/prep/tinytapeout/pdk/ciel/gf180mcu/versions/54435919abffb937387ec956209f9cf5fd2dfbee/gf180mcuD/libs.ref/gf180mcu_fd_sc_mcu7t5v0/lib/gf180mcu_fd_sc_mcu7t5v0__tt_025C_5v00.lib; stat -liberty /Users/joseph/dev/2amlogic/prep/tinytapeout/pdk/ciel/gf180mcu/versions/54435919abffb937387ec956209f9cf5fd2dfbee/gf180mcuD/libs.ref/gf180mcu_fd_sc_mcu7t5v0/lib/gf180mcu_fd_sc_mcu7t5v0__tt_025C_5v00.lib

 /----------------------------------------------------------------------------\
 |  yosys -- Yosys Open SYnthesis Suite                                       |
 |  Copyright (C) 2012 - 2026  Claire Xenia Wolf <claire@yosyshq.com>         |
 |  Distributed under an ISC-like license, type "license" to see terms        |
 \----------------------------------------------------------------------------/
 Yosys 0.69+post (git sha1 143eb14f9cc55d6f8927e68523b0c9d2166ed02c, Release, AppleClang clang++ 21.0.0.21000101)

-- Running command `read_verilog -DH04_STRIP_OBSERVABILITY /private/tmp/opencode/wt-h04-env-rtl/rtl/env_unit.v; hierarchy -check -top env_unit; synth -top env_unit; dfflibmap -liberty /Users/joseph/dev/2amlogic/prep/tinytapeout/pdk/ciel/gf180mcu/versions/54435919abffb937387ec956209f9cf5fd2dfbee/gf180mcuD/libs.ref/gf180mcu_fd_sc_mcu7t5v0/lib/gf180mcu_fd_sc_mcu7t5v0__tt_025C_5v00.lib; abc -liberty /Users/joseph/dev/2amlogic/prep/tinytapeout/pdk/ciel/gf180mcu/versions/54435919abffb937387ec956209f9cf5fd2dfbee/gf180mcuD/libs.ref/gf180mcu_fd_sc_mcu7t5v0/lib/gf180mcu_fd_sc_mcu7t5v0__tt_025C_5v00.lib; stat -liberty /Users/joseph/dev/2amlogic/prep/tinytapeout/pdk/ciel/gf180mcu/versions/54435919abffb937387ec956209f9cf5fd2dfbee/gf180mcuD/libs.ref/gf180mcu_fd_sc_mcu7t5v0/lib/gf180mcu_fd_sc_mcu7t5v0__tt_025C_5v00.lib' --

1. Executing Verilog-2005 frontend: /private/tmp/opencode/wt-h04-env-rtl/rtl/env_unit.v
Parsing Verilog input from `/private/tmp/opencode/wt-h04-env-rtl/rtl/env_unit.v' to AST representation.
Generating RTLIL representation for module `\env_unit'.
Warning: Replacing memory \levels_q with list of registers. See /private/tmp/opencode/wt-h04-env-rtl/rtl/env_unit.v:476
Warning: Replacing memory \rates_q with list of registers. See /private/tmp/opencode/wt-h04-env-rtl/rtl/env_unit.v:472
Successfully finished Verilog frontend.

2. Executing HIERARCHY pass (managing design hierarchy).

2.1. Analyzing design hierarchy..
Top module:  \env_unit

2.2. Analyzing design hierarchy..
Top module:  \env_unit
Removed 0 unused modules.

3. Executing SYNTH pass.

3.1. Executing HIERARCHY pass (managing design hierarchy).

3.1.1. Analyzing design hierarchy..
Top module:  \env_unit

3.1.2. Analyzing design hierarchy..
Top module:  \env_unit
Removed 0 unused modules.

3.2. Executing PROC pass (convert processes to netlists).

3.2.1. Executing PROC_CLEAN pass (remove empty switches from decision trees).
Cleaned up 0 empty switches.

3.2.2. Executing PROC_RMDEAD pass (remove dead branches from decision trees).
Removed 1 dead cases from process $proc$/private/tmp/opencode/wt-h04-env-rtl/rtl/env_unit.v:232$105 in module env_unit.
Marked 1 switch rules as full_case in process $proc$/private/tmp/opencode/wt-h04-env-rtl/rtl/env_unit.v:232$105 in module env_unit.
Removed 1 dead cases from process $proc$/private/tmp/opencode/wt-h04-env-rtl/rtl/env_unit.v:231$102 in module env_unit.
Marked 1 switch rules as full_case in process $proc$/private/tmp/opencode/wt-h04-env-rtl/rtl/env_unit.v:231$102 in module env_unit.
Marked 2 switch rules as full_case in process $proc$/private/tmp/opencode/wt-h04-env-rtl/rtl/env_unit.v:461$66 in module env_unit.
Marked 3 switch rules as full_case in process $proc$/private/tmp/opencode/wt-h04-env-rtl/rtl/env_unit.v:425$60 in module env_unit.
Marked 1 switch rules as full_case in process $proc$/private/tmp/opencode/wt-h04-env-rtl/rtl/env_unit.v:291$21 in module env_unit.
Marked 2 switch rules as full_case in process $proc$/private/tmp/opencode/wt-h04-env-rtl/rtl/env_unit.v:236$6 in module env_unit.
Removed a total of 2 dead cases.

3.2.3. Executing PROC_PRUNE pass (remove redundant assignments in processes).
Removed 2 redundant assignments.
Promoted 5 assignments to connections.

3.2.4. Executing PROC_INIT pass (extract init attributes).

3.2.5. Executing PROC_ARST pass (detect async resets in processes).

3.2.6. Executing PROC_ROM pass (convert switches to ROMs).
Converted 2 switches.
<suppressed ~17 debug messages>

3.2.7. Executing PROC_MUX pass (convert decision trees to multiplexers).
Creating decoders for process `\env_unit.$proc$/private/tmp/opencode/wt-h04-env-rtl/rtl/env_unit.v:232$105'.
     1/1: $1$mem2reg_rd$\levels_q$/private/tmp/opencode/wt-h04-env-rtl/rtl/env_unit.v:232$2_DATA[6:0]$107
Creating decoders for process `\env_unit.$proc$/private/tmp/opencode/wt-h04-env-rtl/rtl/env_unit.v:231$102'.
     1/1: $1$mem2reg_rd$\rates_q$/private/tmp/opencode/wt-h04-env-rtl/rtl/env_unit.v:231$1_DATA[6:0]$104
Creating decoders for process `\env_unit.$proc$/private/tmp/opencode/wt-h04-env-rtl/rtl/env_unit.v:652$97'.
     1/7: $1\down_q[0:0]
     2/7: $1\rising_q[0:0]
     3/7: $1\ix_q[2:0]
     4/7: $1\static_q[31:0]
     5/7: $1\inc_q[31:0]
     6/7: $1\target_q[31:0]
     7/7: $1\level_q[31:0]
Creating decoders for process `\env_unit.$proc$/private/tmp/opencode/wt-h04-env-rtl/rtl/env_unit.v:461$66'.
     1/32: $0\done_q[0:0]
     2/32: $0\state_q[3:0]
     3/32: $0\levels_q[3][6:0]
     4/32: $0\levels_q[2][6:0]
     5/32: $0\levels_q[1][6:0]
     6/32: $0\levels_q[0][6:0]
     7/32: $0\rates_q[3][6:0]
     8/32: $0\rates_q[2][6:0]
     9/32: $0\rates_q[1][6:0]
    10/32: $0\rates_q[0][6:0]
    11/32: $0\kd_fire[0:0]
    12/32: $0\st_adv_r[0:0]
    13/32: $0\st_after_r[31:0]
    14/32: $0\inc_pre_r[25:0]
    15/32: $0\stat_new_r[31:0]
    16/32: $0\raw_static_r[20:0]
    17/32: $0\static_cond_r[0:0]
    18/32: $0\qr_r[5:0]
    19/32: $0\rising_new[0:0]
    20/32: $0\newlv_r[6:0]
    21/32: $0\tgt_new[27:0]
    22/32: $0\adv_ret_mov[0:0]
    23/32: $0\adv_ix[3:0]
    24/32: $0\rs_q[5:0]
    25/32: $0\outlevel_q[12:0]
    26/32: $0\down_q[0:0]
    27/32: $0\rising_q[0:0]
    28/32: $0\ix_q[2:0]
    29/32: $0\static_q[31:0]
    30/32: $0\inc_q[31:0]
    31/32: $0\target_q[31:0]
    32/32: $0\level_q[31:0]
Creating decoders for process `\env_unit.$proc$/private/tmp/opencode/wt-h04-env-rtl/rtl/env_unit.v:425$60'.
     1/3: $3\nstate[3:0]
     2/3: $2\nstate[3:0]
     3/3: $1\nstate[3:0]
Creating decoders for process `\env_unit.$proc$/private/tmp/opencode/wt-h04-env-rtl/rtl/env_unit.v:291$21'.
     1/1: $1\sta_v[20:0]
Creating decoders for process `\env_unit.$proc$/private/tmp/opencode/wt-h04-env-rtl/rtl/env_unit.v:236$6'.
     1/2: $2\lut_v[6:0]
     2/2: $1\lut_v[6:0]

3.2.8. Executing PROC_DLATCH pass (convert process syncs to latches).
No latch inferred for signal `\env_unit.$mem2reg_rd$\levels_q$/private/tmp/opencode/wt-h04-env-rtl/rtl/env_unit.v:232$2_DATA' from process `\env_unit.$proc$/private/tmp/opencode/wt-h04-env-rtl/rtl/env_unit.v:232$105'.
No latch inferred for signal `\env_unit.$mem2reg_rd$\rates_q$/private/tmp/opencode/wt-h04-env-rtl/rtl/env_unit.v:231$1_DATA' from process `\env_unit.$proc$/private/tmp/opencode/wt-h04-env-rtl/rtl/env_unit.v:231$102'.
No latch inferred for signal `\env_unit.\nstate' from process `\env_unit.$proc$/private/tmp/opencode/wt-h04-env-rtl/rtl/env_unit.v:425$60'.
No latch inferred for signal `\env_unit.\sta_v' from process `\env_unit.$proc$/private/tmp/opencode/wt-h04-env-rtl/rtl/env_unit.v:291$21'.
No latch inferred for signal `\env_unit.\lut_v' from process `\env_unit.$proc$/private/tmp/opencode/wt-h04-env-rtl/rtl/env_unit.v:236$6'.

3.2.9. Executing PROC_DFF pass (convert process syncs to FFs).
Creating register for signal `\env_unit.\level_q' using process `\env_unit.$proc$/private/tmp/opencode/wt-h04-env-rtl/rtl/env_unit.v:652$97'.
  created $dff cell `$procdff$703' with positive edge clock.
Creating register for signal `\env_unit.\target_q' using process `\env_unit.$proc$/private/tmp/opencode/wt-h04-env-rtl/rtl/env_unit.v:652$97'.
  created $dff cell `$procdff$704' with positive edge clock.
Creating register for signal `\env_unit.\inc_q' using process `\env_unit.$proc$/private/tmp/opencode/wt-h04-env-rtl/rtl/env_unit.v:652$97'.
  created $dff cell `$procdff$705' with positive edge clock.
Creating register for signal `\env_unit.\static_q' using process `\env_unit.$proc$/private/tmp/opencode/wt-h04-env-rtl/rtl/env_unit.v:652$97'.
  created $dff cell `$procdff$706' with positive edge clock.
Creating register for signal `\env_unit.\ix_q' using process `\env_unit.$proc$/private/tmp/opencode/wt-h04-env-rtl/rtl/env_unit.v:652$97'.
  created $dff cell `$procdff$707' with positive edge clock.
Creating register for signal `\env_unit.\rising_q' using process `\env_unit.$proc$/private/tmp/opencode/wt-h04-env-rtl/rtl/env_unit.v:652$97'.
  created $dff cell `$procdff$708' with positive edge clock.
Creating register for signal `\env_unit.\down_q' using process `\env_unit.$proc$/private/tmp/opencode/wt-h04-env-rtl/rtl/env_unit.v:652$97'.
  created $dff cell `$procdff$709' with positive edge clock.
Creating register for signal `\env_unit.\level_q' using process `\env_unit.$proc$/private/tmp/opencode/wt-h04-env-rtl/rtl/env_unit.v:461$66'.
  created $dff cell `$procdff$710' with positive edge clock.
Creating register for signal `\env_unit.\target_q' using process `\env_unit.$proc$/private/tmp/opencode/wt-h04-env-rtl/rtl/env_unit.v:461$66'.
  created $dff cell `$procdff$711' with positive edge clock.
Creating register for signal `\env_unit.\inc_q' using process `\env_unit.$proc$/private/tmp/opencode/wt-h04-env-rtl/rtl/env_unit.v:461$66'.
  created $dff cell `$procdff$712' with positive edge clock.
Creating register for signal `\env_unit.\static_q' using process `\env_unit.$proc$/private/tmp/opencode/wt-h04-env-rtl/rtl/env_unit.v:461$66'.
  created $dff cell `$procdff$713' with positive edge clock.
Creating register for signal `\env_unit.\ix_q' using process `\env_unit.$proc$/private/tmp/opencode/wt-h04-env-rtl/rtl/env_unit.v:461$66'.
  created $dff cell `$procdff$714' with positive edge clock.
Creating register for signal `\env_unit.\rising_q' using process `\env_unit.$proc$/private/tmp/opencode/wt-h04-env-rtl/rtl/env_unit.v:461$66'.
  created $dff cell `$procdff$715' with positive edge clock.
Creating register for signal `\env_unit.\down_q' using process `\env_unit.$proc$/private/tmp/opencode/wt-h04-env-rtl/rtl/env_unit.v:461$66'.
  created $dff cell `$procdff$716' with positive edge clock.
Creating register for signal `\env_unit.\outlevel_q' using process `\env_unit.$proc$/private/tmp/opencode/wt-h04-env-rtl/rtl/env_unit.v:461$66'.
  created $dff cell `$procdff$717' with positive edge clock.
Creating register for signal `\env_unit.\rs_q' using process `\env_unit.$proc$/private/tmp/opencode/wt-h04-env-rtl/rtl/env_unit.v:461$66'.
  created $dff cell `$procdff$718' with positive edge clock.
Creating register for signal `\env_unit.\state_q' using process `\env_unit.$proc$/private/tmp/opencode/wt-h04-env-rtl/rtl/env_unit.v:461$66'.
  created $dff cell `$procdff$719' with positive edge clock.
Creating register for signal `\env_unit.\adv_ix' using process `\env_unit.$proc$/private/tmp/opencode/wt-h04-env-rtl/rtl/env_unit.v:461$66'.
  created $dff cell `$procdff$720' with positive edge clock.
Creating register for signal `\env_unit.\adv_ret_mov' using process `\env_unit.$proc$/private/tmp/opencode/wt-h04-env-rtl/rtl/env_unit.v:461$66'.
  created $dff cell `$procdff$721' with positive edge clock.
Creating register for signal `\env_unit.\tgt_new' using process `\env_unit.$proc$/private/tmp/opencode/wt-h04-env-rtl/rtl/env_unit.v:461$66'.
  created $dff cell `$procdff$722' with positive edge clock.
Creating register for signal `\env_unit.\newlv_r' using process `\env_unit.$proc$/private/tmp/opencode/wt-h04-env-rtl/rtl/env_unit.v:461$66'.
  created $dff cell `$procdff$723' with positive edge clock.
Creating register for signal `\env_unit.\rising_new' using process `\env_unit.$proc$/private/tmp/opencode/wt-h04-env-rtl/rtl/env_unit.v:461$66'.
  created $dff cell `$procdff$724' with positive edge clock.
Creating register for signal `\env_unit.\qr_r' using process `\env_unit.$proc$/private/tmp/opencode/wt-h04-env-rtl/rtl/env_unit.v:461$66'.
  created $dff cell `$procdff$725' with positive edge clock.
Creating register for signal `\env_unit.\static_cond_r' using process `\env_unit.$proc$/private/tmp/opencode/wt-h04-env-rtl/rtl/env_unit.v:461$66'.
  created $dff cell `$procdff$726' with positive edge clock.
Creating register for signal `\env_unit.\raw_static_r' using process `\env_unit.$proc$/private/tmp/opencode/wt-h04-env-rtl/rtl/env_unit.v:461$66'.
  created $dff cell `$procdff$727' with positive edge clock.
Creating register for signal `\env_unit.\stat_new_r' using process `\env_unit.$proc$/private/tmp/opencode/wt-h04-env-rtl/rtl/env_unit.v:461$66'.
  created $dff cell `$procdff$728' with positive edge clock.
Creating register for signal `\env_unit.\inc_pre_r' using process `\env_unit.$proc$/private/tmp/opencode/wt-h04-env-rtl/rtl/env_unit.v:461$66'.
  created $dff cell `$procdff$729' with positive edge clock.
Creating register for signal `\env_unit.\st_after_r' using process `\env_unit.$proc$/private/tmp/opencode/wt-h04-env-rtl/rtl/env_unit.v:461$66'.
  created $dff cell `$procdff$730' with positive edge clock.
Creating register for signal `\env_unit.\st_adv_r' using process `\env_unit.$proc$/private/tmp/opencode/wt-h04-env-rtl/rtl/env_unit.v:461$66'.
  created $dff cell `$procdff$731' with positive edge clock.
Creating register for signal `\env_unit.\kd_fire' using process `\env_unit.$proc$/private/tmp/opencode/wt-h04-env-rtl/rtl/env_unit.v:461$66'.
  created $dff cell `$procdff$732' with positive edge clock.
Creating register for signal `\env_unit.\done_q' using process `\env_unit.$proc$/private/tmp/opencode/wt-h04-env-rtl/rtl/env_unit.v:461$66'.
  created $dff cell `$procdff$733' with positive edge clock.
Creating register for signal `\env_unit.\rates_q[0]' using process `\env_unit.$proc$/private/tmp/opencode/wt-h04-env-rtl/rtl/env_unit.v:461$66'.
  created $dff cell `$procdff$734' with positive edge clock.
Creating register for signal `\env_unit.\rates_q[1]' using process `\env_unit.$proc$/private/tmp/opencode/wt-h04-env-rtl/rtl/env_unit.v:461$66'.
  created $dff cell `$procdff$735' with positive edge clock.
Creating register for signal `\env_unit.\rates_q[2]' using process `\env_unit.$proc$/private/tmp/opencode/wt-h04-env-rtl/rtl/env_unit.v:461$66'.
  created $dff cell `$procdff$736' with positive edge clock.
Creating register for signal `\env_unit.\rates_q[3]' using process `\env_unit.$proc$/private/tmp/opencode/wt-h04-env-rtl/rtl/env_unit.v:461$66'.
  created $dff cell `$procdff$737' with positive edge clock.
Creating register for signal `\env_unit.\levels_q[0]' using process `\env_unit.$proc$/private/tmp/opencode/wt-h04-env-rtl/rtl/env_unit.v:461$66'.
  created $dff cell `$procdff$738' with positive edge clock.
Creating register for signal `\env_unit.\levels_q[1]' using process `\env_unit.$proc$/private/tmp/opencode/wt-h04-env-rtl/rtl/env_unit.v:461$66'.
  created $dff cell `$procdff$739' with positive edge clock.
Creating register for signal `\env_unit.\levels_q[2]' using process `\env_unit.$proc$/private/tmp/opencode/wt-h04-env-rtl/rtl/env_unit.v:461$66'.
  created $dff cell `$procdff$740' with positive edge clock.
Creating register for signal `\env_unit.\levels_q[3]' using process `\env_unit.$proc$/private/tmp/opencode/wt-h04-env-rtl/rtl/env_unit.v:461$66'.
  created $dff cell `$procdff$741' with positive edge clock.

3.2.10. Executing PROC_MEMWR pass (convert process memory writes to cells).

3.2.11. Executing PROC_CLEAN pass (remove empty switches from decision trees).
Found and cleaned up 1 empty switch in `\env_unit.$proc$/private/tmp/opencode/wt-h04-env-rtl/rtl/env_unit.v:232$105'.
Removing empty process `env_unit.$proc$/private/tmp/opencode/wt-h04-env-rtl/rtl/env_unit.v:232$105'.
Found and cleaned up 1 empty switch in `\env_unit.$proc$/private/tmp/opencode/wt-h04-env-rtl/rtl/env_unit.v:231$102'.
Removing empty process `env_unit.$proc$/private/tmp/opencode/wt-h04-env-rtl/rtl/env_unit.v:231$102'.
Found and cleaned up 1 empty switch in `\env_unit.$proc$/private/tmp/opencode/wt-h04-env-rtl/rtl/env_unit.v:652$97'.
Removing empty process `env_unit.$proc$/private/tmp/opencode/wt-h04-env-rtl/rtl/env_unit.v:652$97'.
Found and cleaned up 10 empty switches in `\env_unit.$proc$/private/tmp/opencode/wt-h04-env-rtl/rtl/env_unit.v:461$66'.
Removing empty process `env_unit.$proc$/private/tmp/opencode/wt-h04-env-rtl/rtl/env_unit.v:461$66'.
Found and cleaned up 3 empty switches in `\env_unit.$proc$/private/tmp/opencode/wt-h04-env-rtl/rtl/env_unit.v:425$60'.
Removing empty process `env_unit.$proc$/private/tmp/opencode/wt-h04-env-rtl/rtl/env_unit.v:425$60'.
Found and cleaned up 1 empty switch in `\env_unit.$proc$/private/tmp/opencode/wt-h04-env-rtl/rtl/env_unit.v:291$21'.
Removing empty process `env_unit.$proc$/private/tmp/opencode/wt-h04-env-rtl/rtl/env_unit.v:291$21'.
Found and cleaned up 2 empty switches in `\env_unit.$proc$/private/tmp/opencode/wt-h04-env-rtl/rtl/env_unit.v:236$6'.
Removing empty process `env_unit.$proc$/private/tmp/opencode/wt-h04-env-rtl/rtl/env_unit.v:236$6'.
Cleaned up 19 empty switches.

3.2.12. Executing OPT_EXPR pass (perform const folding).
Optimizing module env_unit.
<suppressed ~53 debug messages>

3.3. Executing OPT_EXPR pass (perform const folding).
Optimizing module env_unit.
<suppressed ~1 debug messages>

3.4. Executing OPT_CLEAN pass (remove unused cells and wires).
Finding unused cells or wires in module \env_unit..
Removed 385 unused cells and 552 unused wires.
<suppressed ~457 debug messages>

3.5. Executing CHECK pass (checking for obvious problems).
Checking module env_unit...
Found and reported 0 problems.

3.6. Executing OPT pass (performing simple optimizations).

3.6.1. Executing OPT_EXPR pass (perform const folding).
Optimizing module env_unit.

3.6.2. Executing OPT_MERGE pass (detect identical cells).
Finding identical cells in module `\env_unit'.
Computing hashes of 0 cells of `\env_unit'.
Finding duplicate cells in `\env_unit'.
Removed a total of 0 cells.

3.6.3. Executing OPT_MUXTREE pass (detect dead branches in mux trees).
Running muxtree optimizer on module \env_unit..
  Creating internal representation of mux trees.
  No muxes found in this module.
Removed 0 multiplexer ports.

3.6.4. Executing OPT_REDUCE pass (consolidate $*mux and $reduce_* inputs).
  Optimizing cells in module \env_unit.
Performed a total of 0 changes.

3.6.5. Executing OPT_MERGE pass (detect identical cells).
Finding identical cells in module `\env_unit'.
Computing hashes of 0 cells of `\env_unit'.
Finding duplicate cells in `\env_unit'.
Removed a total of 0 cells.

3.6.6. Executing OPT_DFF pass (perform DFF optimizations).

3.6.7. Executing OPT_CLEAN pass (remove unused cells and wires).
Finding unused cells or wires in module \env_unit..

3.6.8. Executing OPT_EXPR pass (perform const folding).
Optimizing module env_unit.

3.6.9. Finished fast OPT passes. (There is nothing left to do.)

3.7. Executing FSM pass (extract and optimize FSM).

3.7.1. Executing FSM_DETECT pass (finding FSMs in design).

3.7.2. Executing FSM_EXTRACT pass (extracting FSM from design).

3.7.3. Executing FSM_OPT pass (simple optimizations of FSMs).

3.7.4. Executing OPT_CLEAN pass (remove unused cells and wires).
Finding unused cells or wires in module \env_unit..

3.7.5. Executing FSM_OPT pass (simple optimizations of FSMs).

3.7.6. Executing FSM_RECODE pass (re-assigning FSM state encoding).

3.7.7. Executing FSM_INFO pass (dumping all available information on FSM cells).

3.7.8. Executing FSM_MAP pass (mapping FSMs to basic logic).

3.8. Executing OPT pass (performing simple optimizations).

3.8.1. Executing OPT_EXPR pass (perform const folding).
Optimizing module env_unit.

3.8.2. Executing OPT_MERGE pass (detect identical cells).
Finding identical cells in module `\env_unit'.
Computing hashes of 0 cells of `\env_unit'.
Finding duplicate cells in `\env_unit'.
Removed a total of 0 cells.

3.8.3. Executing OPT_MUXTREE pass (detect dead branches in mux trees).
Running muxtree optimizer on module \env_unit..
  Creating internal representation of mux trees.
  No muxes found in this module.
Removed 0 multiplexer ports.

3.8.4. Executing OPT_REDUCE pass (consolidate $*mux and $reduce_* inputs).
  Optimizing cells in module \env_unit.
Performed a total of 0 changes.

3.8.5. Executing OPT_MERGE pass (detect identical cells).
Finding identical cells in module `\env_unit'.
Computing hashes of 0 cells of `\env_unit'.
Finding duplicate cells in `\env_unit'.
Removed a total of 0 cells.

3.8.6. Executing OPT_DFF pass (perform DFF optimizations).

3.8.7. Executing OPT_CLEAN pass (remove unused cells and wires).
Finding unused cells or wires in module \env_unit..

3.8.8. Executing OPT_EXPR pass (perform const folding).
Optimizing module env_unit.

3.8.9. Finished fast OPT passes. (There is nothing left to do.)

3.9. Executing WREDUCE pass (reducing word size of cells).

3.10. Executing PEEPOPT pass (run peephole optimizers).

3.11. Executing OPT_CLEAN pass (remove unused cells and wires).
Finding unused cells or wires in module \env_unit..

3.12. Executing ALUMACC pass (create $alu and $macc cells).
Extracting $alu and $macc cells in module env_unit:
  created 0 $alu and 0 $macc cells.

3.13. Executing SHARE pass (SAT-based resource sharing).

3.14. Executing OPT pass (performing simple optimizations).

3.14.1. Executing OPT_EXPR pass (perform const folding).
Optimizing module env_unit.

3.14.2. Executing OPT_MERGE pass (detect identical cells).
Finding identical cells in module `\env_unit'.
Computing hashes of 0 cells of `\env_unit'.
Finding duplicate cells in `\env_unit'.
Removed a total of 0 cells.

3.14.3. Executing OPT_MUXTREE pass (detect dead branches in mux trees).
Running muxtree optimizer on module \env_unit..
  Creating internal representation of mux trees.
  No muxes found in this module.
Removed 0 multiplexer ports.

3.14.4. Executing OPT_REDUCE pass (consolidate $*mux and $reduce_* inputs).
  Optimizing cells in module \env_unit.
Performed a total of 0 changes.

3.14.5. Executing OPT_MERGE pass (detect identical cells).
Finding identical cells in module `\env_unit'.
Computing hashes of 0 cells of `\env_unit'.
Finding duplicate cells in `\env_unit'.
Removed a total of 0 cells.

3.14.6. Executing OPT_DFF pass (perform DFF optimizations).

3.14.7. Executing OPT_CLEAN pass (remove unused cells and wires).
Finding unused cells or wires in module \env_unit..

3.14.8. Executing OPT_EXPR pass (perform const folding).
Optimizing module env_unit.

3.14.9. Finished fast OPT passes. (There is nothing left to do.)

3.15. Executing MEMORY pass.

3.15.1. Executing OPT_MEM pass (optimize memories).
Performed a total of 0 transformations.

3.15.2. Executing OPT_MEM_PRIORITY pass (removing unnecessary memory write priority relations).
Performed a total of 0 transformations.

3.15.3. Executing OPT_MEM_FEEDBACK pass (finding memory read-to-write feedback paths).

3.15.4. Executing MEMORY_BMUX2ROM pass (converting muxes to ROMs).

3.15.5. Executing MEMORY_DFF pass (merging $dff cells to $memrd).

3.15.6. Executing OPT_CLEAN pass (remove unused cells and wires).
Finding unused cells or wires in module \env_unit..

3.15.7. Executing MEMORY_SHARE pass (consolidating $memrd/$memwr cells).

3.15.8. Executing OPT_MEM_WIDEN pass (optimize memories where all ports are wide).
Performed a total of 0 transformations.

3.15.9. Executing OPT_CLEAN pass (remove unused cells and wires).
Finding unused cells or wires in module \env_unit..

3.15.10. Executing MEMORY_COLLECT pass (generating $mem cells).

3.16. Executing OPT_CLEAN pass (remove unused cells and wires).
Finding unused cells or wires in module \env_unit..

3.17. Executing OPT pass (performing simple optimizations).

3.17.1. Executing OPT_EXPR pass (perform const folding).
Optimizing module env_unit.
<suppressed ~6 debug messages>

3.17.2. Executing OPT_MERGE pass (detect identical cells).
Finding identical cells in module `\env_unit'.
Computing hashes of 0 cells of `\env_unit'.
Finding duplicate cells in `\env_unit'.
Removed a total of 0 cells.

3.17.3. Executing OPT_DFF pass (perform DFF optimizations).

3.17.4. Executing OPT_CLEAN pass (remove unused cells and wires).
Finding unused cells or wires in module \env_unit..

3.17.5. Finished fast OPT passes.

3.18. Executing MEMORY_MAP pass (converting memories to logic and flip-flops).

3.19. Executing OPT pass (performing simple optimizations).

3.19.1. Executing OPT_EXPR pass (perform const folding).
Optimizing module env_unit.

3.19.2. Executing OPT_MERGE pass (detect identical cells).
Finding identical cells in module `\env_unit'.
Computing hashes of 0 cells of `\env_unit'.
Finding duplicate cells in `\env_unit'.
Removed a total of 0 cells.

3.19.3. Executing OPT_MUXTREE pass (detect dead branches in mux trees).
Running muxtree optimizer on module \env_unit..
  Creating internal representation of mux trees.
  No muxes found in this module.
Removed 0 multiplexer ports.

3.19.4. Executing OPT_REDUCE pass (consolidate $*mux and $reduce_* inputs).
  Optimizing cells in module \env_unit.
Performed a total of 0 changes.

3.19.5. Executing OPT_MERGE pass (detect identical cells).
Finding identical cells in module `\env_unit'.
Computing hashes of 0 cells of `\env_unit'.
Finding duplicate cells in `\env_unit'.
Removed a total of 0 cells.

3.19.6. Executing OPT_SHARE pass.

3.19.7. Executing OPT_DFF pass (perform DFF optimizations).

3.19.8. Executing OPT_CLEAN pass (remove unused cells and wires).
Finding unused cells or wires in module \env_unit..

3.19.9. Executing OPT_EXPR pass (perform const folding).
Optimizing module env_unit.

3.19.10. Finished fast OPT passes. (There is nothing left to do.)

3.20. Executing TECHMAP pass (map to technology primitives).

3.20.1. Executing Verilog-2005 frontend: /opt/homebrew/bin/../share/yosys/techmap.v
Parsing Verilog input from `/opt/homebrew/bin/../share/yosys/techmap.v' to AST representation.
Generating RTLIL representation for module `\_90_simplemap_bool_ops'.
Generating RTLIL representation for module `\_90_simplemap_reduce_ops'.
Generating RTLIL representation for module `\_90_simplemap_logic_ops'.
Generating RTLIL representation for module `\_90_simplemap_compare_ops'.
Generating RTLIL representation for module `\_90_simplemap_various'.
Generating RTLIL representation for module `\_90_simplemap_registers'.
Generating RTLIL representation for module `\_90_shift_ops_shr_shl_sshl_sshr'.
Generating RTLIL representation for module `\_90_shift_shiftx'.
Generating RTLIL representation for module `\_90_fa'.
Generating RTLIL representation for module `\_90_lcu_brent_kung'.
Generating RTLIL representation for module `\_90_alu'.
Generating RTLIL representation for module `\_90_macc'.
Generating RTLIL representation for module `\_90_alumacc'.
Generating RTLIL representation for module `$__div_mod_u'.
Generating RTLIL representation for module `$__div_mod_trunc'.
Generating RTLIL representation for module `\_90_div'.
Generating RTLIL representation for module `\_90_mod'.
Generating RTLIL representation for module `$__div_mod_floor'.
Generating RTLIL representation for module `\_90_divfloor'.
Generating RTLIL representation for module `\_90_modfloor'.
Generating RTLIL representation for module `\_90_pow'.
Generating RTLIL representation for module `\_90_demux'.
Generating RTLIL representation for module `\_90_lut'.
Generating RTLIL representation for module `$connect'.
Generating RTLIL representation for module `$input_port'.
Successfully finished Verilog frontend.

3.20.2. Continuing TECHMAP pass.
No more expansions possible.
<suppressed ~77 debug messages>

3.21. Executing OPT pass (performing simple optimizations).

3.21.1. Executing OPT_EXPR pass (perform const folding).
Optimizing module env_unit.

3.21.2. Executing OPT_MERGE pass (detect identical cells).
Finding identical cells in module `\env_unit'.
Computing hashes of 0 cells of `\env_unit'.
Finding duplicate cells in `\env_unit'.
Removed a total of 0 cells.

3.21.3. Executing OPT_DFF pass (perform DFF optimizations).

3.21.4. Executing OPT_CLEAN pass (remove unused cells and wires).
Finding unused cells or wires in module \env_unit..

3.21.5. Finished fast OPT passes.

3.22. Executing ABC pass (technology mapping using ABC).

3.22.1. Extracting gate netlist of module `\env_unit' to `<abc-temp-dir>/input.blif'..

3.22.1.1. Executed ABC.
Extracted 0 gates and 0 wires to a netlist network with 0 inputs and 0 outputs.
Don't call ABC as there is nothing to map.
Removing temp directory.
Removing global temp directory.

3.23. Executing OPT pass (performing simple optimizations).

3.23.1. Executing OPT_EXPR pass (perform const folding).
Optimizing module env_unit.

3.23.2. Executing OPT_MERGE pass (detect identical cells).
Finding identical cells in module `\env_unit'.
Computing hashes of 0 cells of `\env_unit'.
Finding duplicate cells in `\env_unit'.
Removed a total of 0 cells.

3.23.3. Executing OPT_DFF pass (perform DFF optimizations).

3.23.4. Executing OPT_CLEAN pass (remove unused cells and wires).
Finding unused cells or wires in module \env_unit..

3.23.5. Finished fast OPT passes.

3.24. Executing HIERARCHY pass (managing design hierarchy).
Attribute `top' found on module `env_unit'. Setting top module to env_unit.

3.24.1. Analyzing design hierarchy..
Top module:  \env_unit

3.24.2. Analyzing design hierarchy..
Top module:  \env_unit
Removed 0 unused modules.

3.25. Printing statistics.

=== env_unit ===

        +----------Local Count, excluding submodules.
        | 
       18 wires
      598 wire bits
       18 public wires
      598 public wire bits
       12 ports
      484 port bits

3.26. Executing CHECK pass (checking for obvious problems).
Checking module env_unit...
Found and reported 0 problems.

4. Executing DFFLIBMAP pass (mapping DFF/DLATCH cells to sequential cells from liberty file).
  cell gf180mcu_fd_sc_mcu7t5v0__dffnq_1 (noninv, pins=3, area=65.86) is a direct match for cell type $_DFF_N_.
  cell gf180mcu_fd_sc_mcu7t5v0__dffq_1 (noninv, pins=3, area=63.66) is a direct match for cell type $_DFF_P_.
  cell gf180mcu_fd_sc_mcu7t5v0__dffnrnq_1 (noninv, pins=4, area=74.64) is a direct match for cell type $_DFF_NN0_.
  cell gf180mcu_fd_sc_mcu7t5v0__dffnsnq_1 (noninv, pins=4, area=79.03) is a direct match for cell type $_DFF_NN1_.
  cell gf180mcu_fd_sc_mcu7t5v0__dffrnq_1 (noninv, pins=4, area=74.64) is a direct match for cell type $_DFF_PN0_.
  cell gf180mcu_fd_sc_mcu7t5v0__dffsnq_1 (noninv, pins=4, area=79.03) is a direct match for cell type $_DFF_PN1_.
  cell gf180mcu_fd_sc_mcu7t5v0__dffnrsnq_1 (noninv, pins=5, area=94.39) is a direct match for cell type $_DFFSR_NNN_.
  cell gf180mcu_fd_sc_mcu7t5v0__dffrsnq_1 (noninv, pins=5, area=85.61) is a direct match for cell type $_DFFSR_PNN_.
  cell gf180mcu_fd_sc_mcu7t5v0__latq_1 (noninv, pins=3, area=43.90) is a direct match for cell type $_DLATCH_P_.
  cell gf180mcu_fd_sc_mcu7t5v0__latrnq_1 (noninv, pins=4, area=48.29) is a direct match for cell type $_DLATCH_PN0_.
  cell gf180mcu_fd_sc_mcu7t5v0__latsnq_1 (noninv, pins=4, area=46.10) is a direct match for cell type $_DLATCH_PN1_.
  cell gf180mcu_fd_sc_mcu7t5v0__latrsnq_1 (noninv, pins=5, area=52.68) is a direct match for cell type $_DLATCHSR_PNN_.
  final dff/dlatch cell mappings:
    \gf180mcu_fd_sc_mcu7t5v0__dffnq_1 _DFF_N_ (.CLKN( C), .D( D), .Q( Q));
    \gf180mcu_fd_sc_mcu7t5v0__dffq_1 _DFF_P_ (.CLK( C), .D( D), .Q( Q));
    \gf180mcu_fd_sc_mcu7t5v0__dffnrnq_1 _DFF_NN0_ (.CLKN( C), .D( D), .Q( Q), .RN( R));
    \gf180mcu_fd_sc_mcu7t5v0__dffnsnq_1 _DFF_NN1_ (.CLKN( C), .D( D), .Q( Q), .SETN( R));
    unmapped dff/dlatch cell: $_DFF_NP0_
    unmapped dff/dlatch cell: $_DFF_NP1_
    \gf180mcu_fd_sc_mcu7t5v0__dffrnq_1 _DFF_PN0_ (.CLK( C), .D( D), .Q( Q), .RN( R));
    \gf180mcu_fd_sc_mcu7t5v0__dffsnq_1 _DFF_PN1_ (.CLK( C), .D( D), .Q( Q), .SETN( R));
    unmapped dff/dlatch cell: $_DFF_PP0_
    unmapped dff/dlatch cell: $_DFF_PP1_
    unmapped dff/dlatch cell: $_DFFE_NN_
    unmapped dff/dlatch cell: $_DFFE_NP_
    unmapped dff/dlatch cell: $_DFFE_PN_
    unmapped dff/dlatch cell: $_DFFE_PP_
    \gf180mcu_fd_sc_mcu7t5v0__dffnrsnq_1 _DFFSR_NNN_ (.CLKN( C), .D( D), .Q( Q), .RN( R), .SETN( S));
    unmapped dff/dlatch cell: $_DFFSR_NNP_
    unmapped dff/dlatch cell: $_DFFSR_NPN_
    unmapped dff/dlatch cell: $_DFFSR_NPP_
    \gf180mcu_fd_sc_mcu7t5v0__dffrsnq_1 _DFFSR_PNN_ (.CLK( C), .D( D), .Q( Q), .RN( R), .SETN( S));
    unmapped dff/dlatch cell: $_DFFSR_PNP_
    unmapped dff/dlatch cell: $_DFFSR_PPN_
    unmapped dff/dlatch cell: $_DFFSR_PPP_
    unmapped dff/dlatch cell: $_DLATCH_N_
    \gf180mcu_fd_sc_mcu7t5v0__latq_1 _DLATCH_P_ (.D( D), .E( E), .Q( Q));
    unmapped dff/dlatch cell: $_DLATCH_NN0_
    unmapped dff/dlatch cell: $_DLATCH_NN1_
    unmapped dff/dlatch cell: $_DLATCH_NP0_
    unmapped dff/dlatch cell: $_DLATCH_NP1_
    \gf180mcu_fd_sc_mcu7t5v0__latrnq_1 _DLATCH_PN0_ (.D( D), .E( E), .Q( Q), .RN( R));
    \gf180mcu_fd_sc_mcu7t5v0__latsnq_1 _DLATCH_PN1_ (.D( D), .E( E), .Q( Q), .SETN( R));
    unmapped dff/dlatch cell: $_DLATCH_PP0_
    unmapped dff/dlatch cell: $_DLATCH_PP1_
    unmapped dff/dlatch cell: $_DLATCHSR_NNN_
    unmapped dff/dlatch cell: $_DLATCHSR_NNP_
    unmapped dff/dlatch cell: $_DLATCHSR_NPN_
    unmapped dff/dlatch cell: $_DLATCHSR_NPP_
    \gf180mcu_fd_sc_mcu7t5v0__latrsnq_1 _DLATCHSR_PNN_ (.D( D), .E( E), .Q( Q), .RN( R), .SETN( S));
    unmapped dff/dlatch cell: $_DLATCHSR_PNP_
    unmapped dff/dlatch cell: $_DLATCHSR_PPN_
    unmapped dff/dlatch cell: $_DLATCHSR_PPP_

4.1. Executing DFFLEGALIZE pass (convert FFs and LATCHes to types supported by the target).
<suppressed ~12 debug messages>
Mapping DFF/DLATCH cells in module `\env_unit':

5. Executing ABC pass (technology mapping using ABC).

5.1. Extracting gate netlist of module `\env_unit' to `<abc-temp-dir>/input.blif'..
ABC: using cached merged SCL: /var/folders/fb/l4j31ymn3bn0mc6v1qbvvl8c0000gn/T/yosys-liberty-scl-cache-501/yosys_merged_d72b0919.scl (1 files)

5.1.1. Executed ABC.
Extracted 0 gates and 0 wires to a netlist network with 0 inputs and 0 outputs.
Don't call ABC as there is nothing to map.
Removing temp directory.
Removing global temp directory.

6. Printing statistics.

=== env_unit ===

        +----------Local Count, excluding submodules.
        | 
       18 wires
      598 wire bits
       18 public wires
      598 public wire bits
       12 ports
      484 port bits

Warnings: 2 unique messages, 2 total
End of script. Logfile hash: 593b3738cb, time: 2.10s, user: 0.24s, system: 0.04s, MEM: 56.73 MB peak
Yosys 0.69+post (git sha1 143eb14f9cc55d6f8927e68523b0c9d2166ed02c, Release, AppleClang clang++ 21.0.0.21000101)
Time spent: 39% 1x dfflibmap (0 sec), 38% 2x stat (0 sec), ...
