=== STA_SYNTH design=dx7_core stage=synth clock_period_ns=40.691998 parasitics=none clock=ideal lib=7t5v0 tt_025C_5v00/ss_125C_4v50/ff_n40C_5v50
=== CORNER tt setup_wns_ns=-32.095 setup_tns_ns=-7002.125 hold_wns_ns=+0.567 hold_tns_ns=0.000 implied_min_period_ns=72.79 implied_fmax_mhz=13.7
=== CORNER ss setup_wns_ns=-94.242 setup_tns_ns=-216486.768 hold_wns_ns=+1.066 hold_tns_ns=0.000 implied_min_period_ns=134.93 implied_fmax_mhz=7.4
=== CORNER ff setup_wns_ns=-4.859 setup_tns_ns=-18.597 hold_wns_ns=+0.343 hold_tns_ns=0.000 implied_min_period_ns=45.55 implied_fmax_mhz=22.0
=== WORST SETUP PATH corner ss
Startpoint: seq_ctr[1]$_SDFFE_PP0P_
            (rising edge-triggered flip-flop clocked by clk)
Endpoint: tgt[3]$_SDFFE_PP0P_ (rising edge-triggered flip-flop clocked by clk)
Path Group: clk
Path Type: max
Corner: ss

Fanout     Cap    Slew   Delay    Time   Description
-----------------------------------------------------------------------------
                  0.00    0.00    0.00   clock clk (rise edge)
                          0.00    0.00   clock network delay (ideal)
                  0.00    0.00    0.00 ^ seq_ctr[1]$_SDFFE_PP0P_/CLK (gf180mcu_fd_sc_mcu7t5v0__dffq_2)
    18    0.12    1.06    1.87    1.87 v seq_ctr[1]$_SDFFE_PP0P_/Q (gf180mcu_fd_sc_mcu7t5v0__dffq_2)
    10    0.08    1.23    1.03    2.90 ^ _1524819_/ZN (gf180mcu_fd_sc_mcu7t5v0__inv_2)
    25    0.27    3.88    2.50    5.40 ^ _1524837_/Z (gf180mcu_fd_sc_mcu7t5v0__buf_2)
     2    0.02    0.71    1.34    6.74 ^ _1827946_/CO (gf180mcu_fd_sc_mcu7t5v0__addf_1)
     2    0.02    0.45    0.35    7.09 v _1116886_/ZN (gf180mcu_fd_sc_mcu7t5v0__oai21_2)
     1    0.01    0.61    0.41    7.50 ^ _1116887_/ZN (gf180mcu_fd_sc_mcu7t5v0__aoi21_2)
     1    0.01    0.32    0.25    7.75 v _1116890_/ZN (gf180mcu_fd_sc_mcu7t5v0__oai21_2)
     2    0.01    0.32    1.13    8.88 ^ _1116891_/ZN (gf180mcu_fd_sc_mcu7t5v0__xnor2_2)
    10    0.07    1.09    0.86    9.74 ^ _1116892_/Z (gf180mcu_fd_sc_mcu7t5v0__buf_2)
    10    0.09    1.36    1.09   10.83 ^ _1116893_/Z (gf180mcu_fd_sc_mcu7t5v0__buf_2)
     1    0.00    0.30    1.19   12.01 v _1951439_/S (gf180mcu_fd_sc_mcu7t5v0__addh_1)
     2    0.01    0.19    0.48   12.50 v _1123183_/Z (gf180mcu_fd_sc_mcu7t5v0__and2_2)
     1    0.01    0.24    0.64   13.14 v _1123184_/Z (gf180mcu_fd_sc_mcu7t5v0__and4_2)
     2    0.01    0.94    0.54   13.68 ^ _1123190_/ZN (gf180mcu_fd_sc_mcu7t5v0__nor3_2)
     1    0.01    0.35    0.27   13.95 v _1123191_/ZN (gf180mcu_fd_sc_mcu7t5v0__clkinv_2)
     1    0.00    0.26    0.25   14.20 ^ _1123192_/ZN (gf180mcu_fd_sc_mcu7t5v0__nand2_2)
     1    0.01    0.18    0.42   14.63 ^ _1123193_/Z (gf180mcu_fd_sc_mcu7t5v0__and2_2)
    10    0.09    1.37    0.99   15.62 ^ _1123194_/Z (gf180mcu_fd_sc_mcu7t5v0__buf_2)
     5    0.03    0.72    0.58   16.20 v _1128190_/ZN (gf180mcu_fd_sc_mcu7t5v0__clkinv_2)
     2    0.02    0.26    0.64   16.84 v _1135390_/Z (gf180mcu_fd_sc_mcu7t5v0__and2_2)
     2    0.01    0.75    0.56   17.40 ^ _1159426_/ZN (gf180mcu_fd_sc_mcu7t5v0__aoi21_2)
     2    0.01    0.45    1.23   18.63 v _1978202_/S (gf180mcu_fd_sc_mcu7t5v0__addh_1)
     1    0.01    0.19    0.50   19.13 v _1123171_/Z (gf180mcu_fd_sc_mcu7t5v0__and2_2)
     1    0.01    1.30    0.69   19.82 ^ _1123172_/ZN (gf180mcu_fd_sc_mcu7t5v0__aoi221_2)
     1    0.01    0.43    0.26   20.08 v _1123174_/ZN (gf180mcu_fd_sc_mcu7t5v0__nor2_2)
     1    0.00    1.45    0.99   21.06 ^ _1123175_/ZN (gf180mcu_fd_sc_mcu7t5v0__oai32_2)
     6    0.04    0.67    0.87   21.94 ^ _1123176_/Z (gf180mcu_fd_sc_mcu7t5v0__and2_2)
    10    0.09    1.34    1.05   22.99 ^ _1128923_/Z (gf180mcu_fd_sc_mcu7t5v0__buf_2)
     1    0.01    0.21    0.59   23.58 ^ _1234028_/Z (gf180mcu_fd_sc_mcu7t5v0__mux2_2)
     1    0.00    0.30    1.01   24.59 v _1952001_/S (gf180mcu_fd_sc_mcu7t5v0__addh_1)
     1    0.01    0.19    0.49   25.08 v _1123154_/Z (gf180mcu_fd_sc_mcu7t5v0__and2_2)
     1    0.01    0.65    0.43   25.51 ^ _1123155_/ZN (gf180mcu_fd_sc_mcu7t5v0__oai211_2)
     1    0.01    0.32    0.24   25.76 v _1123157_/ZN (gf180mcu_fd_sc_mcu7t5v0__nand2_2)
     1    0.01    1.30    0.65   26.40 ^ _1123159_/ZN (gf180mcu_fd_sc_mcu7t5v0__aoi221_2)
     1    0.01    0.43    0.26   26.67 v _1123161_/ZN (gf180mcu_fd_sc_mcu7t5v0__nor2_2)
     1    0.00    0.80    0.66   27.32 ^ _1123162_/ZN (gf180mcu_fd_sc_mcu7t5v0__oai31_2)
     9    0.09    1.28    1.16   28.48 ^ _1123163_/Z (gf180mcu_fd_sc_mcu7t5v0__and2_2)
     6    0.04    0.49    0.31   28.79 v _1123164_/ZN (gf180mcu_fd_sc_mcu7t5v0__inv_3)
     7    0.05    0.48    0.73   29.53 v _1128145_/Z (gf180mcu_fd_sc_mcu7t5v0__and2_2)
     2    0.02    0.28    0.58   30.10 v _1134403_/Z (gf180mcu_fd_sc_mcu7t5v0__and2_2)
     1    0.01    1.32    0.95   31.06 ^ _1134404_/ZN (gf180mcu_fd_sc_mcu7t5v0__aoi221_2)
     2    0.01    0.53    0.37   31.43 v _1134405_/ZN (gf180mcu_fd_sc_mcu7t5v0__oai21_2)
     1    0.01    0.22    0.21   31.64 ^ _1198440_/ZN (gf180mcu_fd_sc_mcu7t5v0__clkinv_2)
     1    0.00    0.30    1.01   32.65 v _1966325_/S (gf180mcu_fd_sc_mcu7t5v0__addh_1)
     1    0.01    0.19    0.49   33.14 v _1123199_/Z (gf180mcu_fd_sc_mcu7t5v0__and2_2)
     1    0.01    0.65    0.43   33.57 ^ _1123200_/ZN (gf180mcu_fd_sc_mcu7t5v0__oai211_2)
     1    0.01    0.32    0.24   33.82 v _1123202_/ZN (gf180mcu_fd_sc_mcu7t5v0__nand2_2)
     1    0.01    1.30    0.65   34.46 ^ _1123204_/ZN (gf180mcu_fd_sc_mcu7t5v0__aoi221_2)
     1    0.01    0.43    0.26   34.73 v _1123206_/ZN (gf180mcu_fd_sc_mcu7t5v0__nor2_2)
     1    0.00    0.80    0.66   35.39 ^ _1123207_/ZN (gf180mcu_fd_sc_mcu7t5v0__oai31_2)
     7    0.05    0.76    0.87   36.25 ^ _1123208_/Z (gf180mcu_fd_sc_mcu7t5v0__and2_2)
     9    0.04    0.68    0.56   36.82 v _1127623_/ZN (gf180mcu_fd_sc_mcu7t5v0__clkinv_2)
     5    0.04    0.43    0.80   37.62 v _1170573_/Z (gf180mcu_fd_sc_mcu7t5v0__and2_2)
     2    0.02    0.49    1.21   38.83 v _1207163_/Z (gf180mcu_fd_sc_mcu7t5v0__or4_2)
     1    0.01    0.55    0.44   39.26 ^ _1207296_/ZN (gf180mcu_fd_sc_mcu7t5v0__oai21_2)
     1    0.00    0.30    1.08   40.34 v _1992786_/S (gf180mcu_fd_sc_mcu7t5v0__addh_1)
     1    0.01    0.19    0.48   40.82 v _1119421_/Z (gf180mcu_fd_sc_mcu7t5v0__and2_2)
     1    0.01    1.30    0.69   41.52 ^ _1119422_/ZN (gf180mcu_fd_sc_mcu7t5v0__aoi221_2)
     1    0.01    0.43    0.26   41.78 v _1119424_/ZN (gf180mcu_fd_sc_mcu7t5v0__nor2_2)
     1    0.01    1.00    0.78   42.56 ^ _1122620_/ZN (gf180mcu_fd_sc_mcu7t5v0__oai31_2)
     8    0.06    0.55    0.76   43.32 ^ _1123150_/Z (gf180mcu_fd_sc_mcu7t5v0__and2_4)
     4    0.02    0.38    0.33   43.65 v _1123151_/ZN (gf180mcu_fd_sc_mcu7t5v0__clkinv_2)
    10    0.08    0.73    0.82   44.47 v _1128167_/Z (gf180mcu_fd_sc_mcu7t5v0__buf_2)
     4    0.04    0.40    0.75   45.22 v _1128199_/Z (gf180mcu_fd_sc_mcu7t5v0__and2_2)
     1    0.01    0.37    0.27   45.49 ^ _1197537_/ZN (gf180mcu_fd_sc_mcu7t5v0__nand2_2)
     2    0.02    0.62    0.37   45.86 v _1197538_/ZN (gf180mcu_fd_sc_mcu7t5v0__oai21_2)
     1    0.01    0.54    0.49   46.35 ^ _1252489_/ZN (gf180mcu_fd_sc_mcu7t5v0__aoi21_2)
     1    0.00    0.30    1.07   47.43 v _1951061_/S (gf180mcu_fd_sc_mcu7t5v0__addh_1)
     1    0.01    0.19    0.49   47.91 v _1123215_/Z (gf180mcu_fd_sc_mcu7t5v0__and2_2)
     1    0.01    0.65    0.43   48.35 ^ _1123216_/ZN (gf180mcu_fd_sc_mcu7t5v0__oai211_2)
     1    0.01    0.32    0.24   48.59 v _1123218_/ZN (gf180mcu_fd_sc_mcu7t5v0__nand2_2)
     1    0.01    1.30    0.65   49.24 ^ _1123220_/ZN (gf180mcu_fd_sc_mcu7t5v0__aoi221_2)
     1    0.01    0.43    0.26   49.49 v _1123222_/ZN (gf180mcu_fd_sc_mcu7t5v0__nor2_2)
     1    0.01    1.66    1.10   50.60 ^ _1123223_/ZN (gf180mcu_fd_sc_mcu7t5v0__oai32_2)
     9    0.08    0.64    0.87   51.47 ^ _1123735_/Z (gf180mcu_fd_sc_mcu7t5v0__and2_4)
     7    0.04    0.66    0.54   52.01 v _1123736_/ZN (gf180mcu_fd_sc_mcu7t5v0__clkinv_2)
     4    0.02    0.29    0.69   52.71 v _1123737_/Z (gf180mcu_fd_sc_mcu7t5v0__and2_2)
     2    0.01    0.19    0.45   53.16 v _1128136_/Z (gf180mcu_fd_sc_mcu7t5v0__and2_2)
    10    0.08    0.67    0.73   53.89 v _1128137_/Z (gf180mcu_fd_sc_mcu7t5v0__buf_2)
     1    0.00    0.16    0.53   54.42 v _1198618_/Z (gf180mcu_fd_sc_mcu7t5v0__and2_2)
     1    0.01    0.33    0.88   55.29 v _1198619_/Z (gf180mcu_fd_sc_mcu7t5v0__or3_2)
     1    0.01    1.20    0.88   56.17 ^ _1198620_/ZN (gf180mcu_fd_sc_mcu7t5v0__aoi221_2)
     2    0.02    0.54    1.36   57.53 v _1965522_/S (gf180mcu_fd_sc_mcu7t5v0__addh_1)
     1    0.01    0.65    0.50   58.04 ^ _1123742_/ZN (gf180mcu_fd_sc_mcu7t5v0__oai211_2)
     1    0.01    0.32    0.24   58.28 v _1123744_/ZN (gf180mcu_fd_sc_mcu7t5v0__nand2_2)
     1    0.01    1.30    0.65   58.93 ^ _1123746_/ZN (gf180mcu_fd_sc_mcu7t5v0__aoi221_2)
     1    0.01    0.43    0.26   59.19 v _1123748_/ZN (gf180mcu_fd_sc_mcu7t5v0__nor2_2)
     1    0.00    0.80    0.66   59.85 ^ _1123751_/ZN (gf180mcu_fd_sc_mcu7t5v0__oai31_2)
     2    0.01    0.28    0.57   60.42 ^ _1124248_/Z (gf180mcu_fd_sc_mcu7t5v0__and2_2)
     3    0.01    0.27    0.23   60.65 v _1124249_/ZN (gf180mcu_fd_sc_mcu7t5v0__clkinv_2)
    10    0.08    0.71    0.78   61.43 v _1127767_/Z (gf180mcu_fd_sc_mcu7t5v0__buf_2)
     8    0.04    0.44    0.82   62.25 v _1127768_/Z (gf180mcu_fd_sc_mcu7t5v0__and2_2)
     7    0.06    0.58    0.84   63.09 v _1197541_/Z (gf180mcu_fd_sc_mcu7t5v0__and2_2)
     1    0.01    0.40    0.32   63.41 ^ _1197542_/ZN (gf180mcu_fd_sc_mcu7t5v0__nand2_2)
     1    0.01    0.64    0.43   63.84 v _1197544_/ZN (gf180mcu_fd_sc_mcu7t5v0__oai211_2)
     1    0.01    1.17    0.93   64.77 ^ _1197545_/ZN (gf180mcu_fd_sc_mcu7t5v0__aoi221_2)
     1    0.00    0.30    1.17   65.94 v _1967834_/S (gf180mcu_fd_sc_mcu7t5v0__addh_1)
     1    0.01    0.19    0.49   66.43 v _1124254_/Z (gf180mcu_fd_sc_mcu7t5v0__and2_2)
     1    0.01    0.65    0.43   66.86 ^ _1124255_/ZN (gf180mcu_fd_sc_mcu7t5v0__oai211_2)
     1    0.01    0.32    0.24   67.10 v _1124257_/ZN (gf180mcu_fd_sc_mcu7t5v0__nand2_2)
     1    0.01    1.30    0.65   67.75 ^ _1124259_/ZN (gf180mcu_fd_sc_mcu7t5v0__aoi221_2)
     1    0.01    0.43    0.26   68.01 v _1124261_/ZN (gf180mcu_fd_sc_mcu7t5v0__nor2_2)
     1    0.00    0.80    0.66   68.67 ^ _1124263_/ZN (gf180mcu_fd_sc_mcu7t5v0__oai31_2)
     1    0.01    0.25    0.55   69.22 ^ _1124721_/Z (gf180mcu_fd_sc_mcu7t5v0__and2_2)
    10    0.09    0.71    0.62   69.84 ^ _1124722_/Z (gf180mcu_fd_sc_mcu7t5v0__buf_4)
     5    0.04    0.62    0.52   70.36 v _1124723_/ZN (gf180mcu_fd_sc_mcu7t5v0__clkinv_2)
     5    0.03    0.34    0.67   71.03 v _1128164_/Z (gf180mcu_fd_sc_mcu7t5v0__and2_2)
     5    0.03    0.37    0.61   71.64 v _1181937_/Z (gf180mcu_fd_sc_mcu7t5v0__and2_2)
     1    0.01    0.20    0.48   72.11 v _1223260_/Z (gf180mcu_fd_sc_mcu7t5v0__and2_2)
     1    0.01    1.32    0.94   73.05 ^ _1223261_/ZN (gf180mcu_fd_sc_mcu7t5v0__aoi221_2)
     1    0.01    0.69    0.46   73.52 v _1223264_/ZN (gf180mcu_fd_sc_mcu7t5v0__nand4_2)
     1    0.01    1.20    0.94   74.46 ^ _1223265_/ZN (gf180mcu_fd_sc_mcu7t5v0__aoi221_2)
     2    0.02    0.54    1.36   75.82 v _1958901_/S (gf180mcu_fd_sc_mcu7t5v0__addh_1)
     1    0.01    0.65    0.50   76.32 ^ _1124728_/ZN (gf180mcu_fd_sc_mcu7t5v0__oai211_2)
     1    0.01    0.32    0.24   76.56 v _1124730_/ZN (gf180mcu_fd_sc_mcu7t5v0__nand2_2)
     1    0.01    1.30    0.65   77.21 ^ _1124732_/ZN (gf180mcu_fd_sc_mcu7t5v0__aoi221_2)
     1    0.01    0.43    0.26   77.47 v _1124734_/ZN (gf180mcu_fd_sc_mcu7t5v0__nor2_2)
     1    0.00    1.45    0.99   78.45 ^ _1124735_/ZN (gf180mcu_fd_sc_mcu7t5v0__oai32_2)
     3    0.02    0.42    0.72   79.17 ^ _1125229_/Z (gf180mcu_fd_sc_mcu7t5v0__and2_2)
     8    0.06    0.80    0.55   79.71 v _1127620_/ZN (gf180mcu_fd_sc_mcu7t5v0__nor2_2)
     5    0.03    0.34    0.72   80.43 v _1128130_/Z (gf180mcu_fd_sc_mcu7t5v0__and2_2)
     6    0.06    0.55    0.78   81.21 v _1128139_/Z (gf180mcu_fd_sc_mcu7t5v0__and2_2)
     1    0.01    1.33    1.00   82.22 ^ _1178165_/ZN (gf180mcu_fd_sc_mcu7t5v0__aoi221_2)
     1    0.01    0.54    0.36   82.58 v _1178169_/ZN (gf180mcu_fd_sc_mcu7t5v0__nand3_2)
     1    0.01    1.00    0.45   83.03 ^ _1178180_/ZN (gf180mcu_fd_sc_mcu7t5v0__oai22_2)
     1    0.00    0.30    1.15   84.17 v _1992891_/S (gf180mcu_fd_sc_mcu7t5v0__addh_1)
     1    0.01    0.19    0.49   84.66 v _1125234_/Z (gf180mcu_fd_sc_mcu7t5v0__and2_2)
     1    0.01    0.65    0.43   85.10 ^ _1125235_/ZN (gf180mcu_fd_sc_mcu7t5v0__oai211_2)
     1    0.01    0.32    0.24   85.34 v _1125237_/ZN (gf180mcu_fd_sc_mcu7t5v0__nand2_2)
     1    0.01    1.30    0.65   85.99 ^ _1125239_/ZN (gf180mcu_fd_sc_mcu7t5v0__aoi221_2)
     1    0.01    0.43    0.26   86.25 v _1125241_/ZN (gf180mcu_fd_sc_mcu7t5v0__nor2_2)
     1    0.01    1.01    0.78   87.03 ^ _1125243_/ZN (gf180mcu_fd_sc_mcu7t5v0__oai31_2)
     8    0.06    0.98    0.76   87.79 v _1125747_/ZN (gf180mcu_fd_sc_mcu7t5v0__nand2_2)
     2    0.01    0.46    0.46   88.25 ^ _1127638_/ZN (gf180mcu_fd_sc_mcu7t5v0__nand2_2)
     1    0.01    0.21    0.38   88.63 ^ _1128101_/Z (gf180mcu_fd_sc_mcu7t5v0__or2_2)
     3    0.01    0.25    0.22   88.85 v _1128102_/ZN (gf180mcu_fd_sc_mcu7t5v0__clkinv_2)
     8    0.05    0.47    0.66   89.50 v _1128106_/Z (gf180mcu_fd_sc_mcu7t5v0__and2_2)
     1    0.01    0.20    0.51   90.01 v _1796416_/Z (gf180mcu_fd_sc_mcu7t5v0__and2_2)
     1    0.00    1.12    0.83   90.84 ^ _1796417_/ZN (gf180mcu_fd_sc_mcu7t5v0__aoi221_2)
     1    0.00    0.24    0.80   91.64 ^ _1796421_/Z (gf180mcu_fd_sc_mcu7t5v0__and4_2)
     1    0.01    0.26    0.66   92.30 ^ _1796425_/Z (gf180mcu_fd_sc_mcu7t5v0__and4_2)
     1    0.01    0.37    1.09   93.39 v _1930519_/S (gf180mcu_fd_sc_mcu7t5v0__addh_1)
     1    0.01    0.65    0.48   93.87 ^ _1125752_/ZN (gf180mcu_fd_sc_mcu7t5v0__oai211_2)
     1    0.01    0.32    0.24   94.11 v _1125754_/ZN (gf180mcu_fd_sc_mcu7t5v0__nand2_2)
     1    0.01    1.30    0.65   94.76 ^ _1125756_/ZN (gf180mcu_fd_sc_mcu7t5v0__aoi221_2)
     1    0.01    0.40    0.23   94.99 v _1125758_/ZN (gf180mcu_fd_sc_mcu7t5v0__nor2_2)
     1    0.01    0.78    0.50   95.48 ^ _1125760_/ZN (gf180mcu_fd_sc_mcu7t5v0__nor3_2)
     1    0.01    0.35    0.28   95.77 v _1125761_/ZN (gf180mcu_fd_sc_mcu7t5v0__nor2_2)
     2    0.02    0.68    0.47   96.24 ^ _1126163_/ZN (gf180mcu_fd_sc_mcu7t5v0__nor2_2)
    10    0.09    0.69    0.66   96.90 ^ _1127639_/Z (gf180mcu_fd_sc_mcu7t5v0__buf_4)
     4    0.03    0.51    0.43   97.34 v _1127640_/ZN (gf180mcu_fd_sc_mcu7t5v0__nor2_2)
    10    0.05    0.50    0.76   98.09 v _1127770_/Z (gf180mcu_fd_sc_mcu7t5v0__and2_2)
     8    0.08    0.69    0.93   99.02 v _1127987_/Z (gf180mcu_fd_sc_mcu7t5v0__and2_2)
     1    0.00    0.62    0.53   99.55 ^ _1198311_/ZN (gf180mcu_fd_sc_mcu7t5v0__aoi22_2)
     1    0.01    0.27    0.65  100.21 ^ _1198314_/Z (gf180mcu_fd_sc_mcu7t5v0__and3_2)
     1    0.01    0.56    0.37  100.57 v _1198321_/ZN (gf180mcu_fd_sc_mcu7t5v0__nand4_2)
     1    0.01    0.55    0.48  101.06 ^ _1198322_/ZN (gf180mcu_fd_sc_mcu7t5v0__aoi21_2)
     1    0.00    0.30    1.08  102.13 v _1966254_/S (gf180mcu_fd_sc_mcu7t5v0__addh_1)
     1    0.01    0.19    0.49  102.62 v _1126168_/Z (gf180mcu_fd_sc_mcu7t5v0__and2_2)
     1    0.01    0.65    0.43  103.05 ^ _1126169_/ZN (gf180mcu_fd_sc_mcu7t5v0__oai211_2)
     1    0.01    0.32    0.24  103.30 v _1126171_/ZN (gf180mcu_fd_sc_mcu7t5v0__nand2_2)
     1    0.01    1.30    0.65  103.94 ^ _1126173_/ZN (gf180mcu_fd_sc_mcu7t5v0__aoi221_2)
     1    0.01    0.43    0.26  104.21 v _1126175_/ZN (gf180mcu_fd_sc_mcu7t5v0__nor2_2)
     1    0.01    1.01    0.78  104.99 ^ _1126177_/ZN (gf180mcu_fd_sc_mcu7t5v0__oai31_2)
     9    0.06    0.93    0.72  105.70 v _1126615_/ZN (gf180mcu_fd_sc_mcu7t5v0__nand2_2)
     2    0.02    0.54    0.54  106.24 ^ _1126616_/ZN (gf180mcu_fd_sc_mcu7t5v0__nand2_2)
     2    0.01    0.26    0.22  106.47 v _1127907_/ZN (gf180mcu_fd_sc_mcu7t5v0__clkinv_2)
     5    0.02    0.30    0.53  106.99 v _1127908_/Z (gf180mcu_fd_sc_mcu7t5v0__and2_2)
     1    0.01    0.16    0.42  107.41 v _1127909_/Z (gf180mcu_fd_sc_mcu7t5v0__and2_2)
     9    0.09    0.76    0.77  108.19 v _1127910_/Z (gf180mcu_fd_sc_mcu7t5v0__buf_2)
     1    0.00    0.64    0.50  108.69 ^ _1582435_/ZN (gf180mcu_fd_sc_mcu7t5v0__aoi22_2)
     1    0.00    0.21    0.61  109.30 ^ _1582438_/Z (gf180mcu_fd_sc_mcu7t5v0__and3_2)
     1    0.01    0.26    0.70  110.00 ^ _1582443_/Z (gf180mcu_fd_sc_mcu7t5v0__and4_2)
     1    0.00    0.29    1.02  111.03 v _1977282_/S (gf180mcu_fd_sc_mcu7t5v0__addh_1)
     1    0.01    0.19    0.49  111.51 v _1126619_/Z (gf180mcu_fd_sc_mcu7t5v0__and2_2)
     1    0.01    0.65    0.43  111.95 ^ _1126620_/ZN (gf180mcu_fd_sc_mcu7t5v0__oai211_2)
     1    0.01    0.32    0.24  112.19 v _1126622_/ZN (gf180mcu_fd_sc_mcu7t5v0__nand2_2)
     1    0.01    1.30    0.65  112.84 ^ _1126624_/ZN (gf180mcu_fd_sc_mcu7t5v0__aoi221_2)
     1    0.01    0.40    0.23  113.06 v _1126626_/ZN (gf180mcu_fd_sc_mcu7t5v0__nor2_2)
     1    0.00    0.62    0.41  113.47 ^ _1126628_/ZN (gf180mcu_fd_sc_mcu7t5v0__nor3_2)
     1    0.00    0.16    0.41  113.89 ^ _1126629_/Z (gf180mcu_fd_sc_mcu7t5v0__or2_2)
     2    0.01    0.29    0.48  114.36 ^ _1127107_/Z (gf180mcu_fd_sc_mcu7t5v0__and2_2)
     9    0.06    0.91    0.63  114.99 v _1127108_/ZN (gf180mcu_fd_sc_mcu7t5v0__clkinv_2)
     5    0.03    0.37    0.77  115.75 v _1127715_/Z (gf180mcu_fd_sc_mcu7t5v0__and2_2)
     3    0.01    0.23    0.50  116.26 v _1127924_/Z (gf180mcu_fd_sc_mcu7t5v0__and2_2)
     7    0.04    0.43    0.67  116.92 v _1127928_/Z (gf180mcu_fd_sc_mcu7t5v0__and2_2)
     1    0.01    0.20    0.50  117.42 v _1175989_/Z (gf180mcu_fd_sc_mcu7t5v0__and2_2)
     1    0.00    1.13    0.83  118.25 ^ _1175990_/ZN (gf180mcu_fd_sc_mcu7t5v0__aoi221_2)
     1    0.01    0.26    0.81  119.06 ^ _1176004_/Z (gf180mcu_fd_sc_mcu7t5v0__and4_2)
     2    0.02    0.53    1.21  120.27 v _1961964_/S (gf180mcu_fd_sc_mcu7t5v0__addh_1)
     1    0.01    0.65    0.50  120.77 ^ _1127113_/ZN (gf180mcu_fd_sc_mcu7t5v0__oai211_2)
     1    0.01    0.32    0.24  121.01 v _1127115_/ZN (gf180mcu_fd_sc_mcu7t5v0__nand2_2)
     1    0.01    1.30    0.65  121.66 ^ _1127117_/ZN (gf180mcu_fd_sc_mcu7t5v0__aoi221_2)
     1    0.01    0.43    0.26  121.92 v _1127119_/ZN (gf180mcu_fd_sc_mcu7t5v0__nor2_2)
     1    0.01    1.01    0.78  122.71 ^ _1127122_/ZN (gf180mcu_fd_sc_mcu7t5v0__oai31_2)
     9    0.06    0.97    0.75  123.45 v _1127617_/ZN (gf180mcu_fd_sc_mcu7t5v0__nand2_2)
     2    0.02    0.54    0.55  124.00 ^ _1127618_/ZN (gf180mcu_fd_sc_mcu7t5v0__nand2_2)
     3    0.02    0.37    0.32  124.33 v _1127619_/ZN (gf180mcu_fd_sc_mcu7t5v0__clkinv_2)
     3    0.01    0.23    0.51  124.83 v _1127660_/Z (gf180mcu_fd_sc_mcu7t5v0__and2_2)
     8    0.08    0.70    0.81  125.64 v _1127661_/Z (gf180mcu_fd_sc_mcu7t5v0__and2_2)
     1    0.00    0.64    0.55  126.19 ^ _1205840_/ZN (gf180mcu_fd_sc_mcu7t5v0__aoi22_2)
     1    0.01    0.28    0.67  126.86 ^ _1205843_/Z (gf180mcu_fd_sc_mcu7t5v0__and3_2)
     1    0.01    0.38    0.28  127.14 v _1205848_/ZN (gf180mcu_fd_sc_mcu7t5v0__nand3_2)
     1    0.01    0.28    0.23  127.37 ^ _1205850_/ZN (gf180mcu_fd_sc_mcu7t5v0__nand2_2)
     1    0.00    0.30    1.02  128.39 v _1950990_/S (gf180mcu_fd_sc_mcu7t5v0__addh_1)
     1    0.01    0.19    0.49  128.88 v _1529718_/Z (gf180mcu_fd_sc_mcu7t5v0__and2_2)
     1    0.01    0.65    0.43  129.31 ^ _1529719_/ZN (gf180mcu_fd_sc_mcu7t5v0__oai211_2)
     1    0.01    0.32    0.24  129.55 v _1529721_/ZN (gf180mcu_fd_sc_mcu7t5v0__nand2_2)
     1    0.01    1.30    0.65  130.20 ^ _1529723_/ZN (gf180mcu_fd_sc_mcu7t5v0__aoi221_2)
     1    0.01    0.39    0.22  130.42 v _1529725_/ZN (gf180mcu_fd_sc_mcu7t5v0__nor2_2)
     1    0.01    1.08    0.86  131.28 ^ _1529726_/ZN (gf180mcu_fd_sc_mcu7t5v0__aoi211_2)
     4    0.03    0.78    0.60  131.87 v _1529729_/ZN (gf180mcu_fd_sc_mcu7t5v0__oai21_2)
     1    0.01    0.20    0.64  132.51 v _1813085_/Z (gf180mcu_fd_sc_mcu7t5v0__and2_2)
     1    0.01    0.62    0.41  132.93 ^ _1813087_/ZN (gf180mcu_fd_sc_mcu7t5v0__oai211_2)
     1    0.01    0.47    0.30  133.22 v _1813088_/ZN (gf180mcu_fd_sc_mcu7t5v0__nor3_2)
     1    0.01    0.34    0.29  133.51 ^ _1813089_/ZN (gf180mcu_fd_sc_mcu7t5v0__nand2_2)
     1    0.01    0.29    0.20  133.72 v _1813091_/ZN (gf180mcu_fd_sc_mcu7t5v0__nand2_2)
     1    0.01    0.44    0.28  133.99 ^ _1813093_/ZN (gf180mcu_fd_sc_mcu7t5v0__nand3_2)
     1    0.01    0.43    0.27  134.26 v _1813095_/ZN (gf180mcu_fd_sc_mcu7t5v0__nand3_2)
     1    0.00    0.16    0.16  134.42 ^ _1813096_/ZN (gf180mcu_fd_sc_mcu7t5v0__clkinv_2)
                  0.16    0.00  134.42 ^ tgt[3]$_SDFFE_PP0P_/D (gf180mcu_fd_sc_mcu7t5v0__dffq_2)
                                134.42   data arrival time

                  0.00   40.69   40.69   clock clk (rise edge)
                          0.00   40.69   clock network delay (ideal)
                          0.00   40.69   clock reconvergence pessimism
                                 40.69 ^ tgt[3]$_SDFFE_PP0P_/CLK (gf180mcu_fd_sc_mcu7t5v0__dffq_2)
                         -0.52   40.18   library setup time
                                 40.18   data required time
-----------------------------------------------------------------------------
                                 40.18   data required time
                               -134.42   data arrival time
-----------------------------------------------------------------------------
                                -94.24   slack (VIOLATED)


=== WORST SETUP PATH corner tt
Startpoint: seq_ctr[1]$_SDFFE_PP0P_
            (rising edge-triggered flip-flop clocked by clk)
Endpoint: tgt[3]$_SDFFE_PP0P_ (rising edge-triggered flip-flop clocked by clk)
Path Group: clk
Path Type: max
Corner: tt

Fanout     Cap    Slew   Delay    Time   Description
-----------------------------------------------------------------------------
                  0.00    0.00    0.00   clock clk (rise edge)
                          0.00    0.00   clock network delay (ideal)
                  0.00    0.00    0.00 ^ seq_ctr[1]$_SDFFE_PP0P_/CLK (gf180mcu_fd_sc_mcu7t5v0__dffq_2)
    18    0.12    0.61    1.03    1.03 v seq_ctr[1]$_SDFFE_PP0P_/Q (gf180mcu_fd_sc_mcu7t5v0__dffq_2)
    10    0.08    0.71    0.59    1.62 ^ _1524819_/ZN (gf180mcu_fd_sc_mcu7t5v0__inv_2)
    25    0.27    2.25    1.45    3.07 ^ _1524837_/Z (gf180mcu_fd_sc_mcu7t5v0__buf_2)
     2    0.02    0.40    0.70    3.77 ^ _1827946_/CO (gf180mcu_fd_sc_mcu7t5v0__addf_1)
     2    0.02    0.25    0.18    3.95 v _1116886_/ZN (gf180mcu_fd_sc_mcu7t5v0__oai21_2)
     1    0.01    0.33    0.22    4.17 ^ _1116887_/ZN (gf180mcu_fd_sc_mcu7t5v0__aoi21_2)
     1    0.01    0.17    0.13    4.30 v _1116890_/ZN (gf180mcu_fd_sc_mcu7t5v0__oai21_2)
     2    0.01    0.18    0.61    4.91 ^ _1116891_/ZN (gf180mcu_fd_sc_mcu7t5v0__xnor2_2)
    10    0.07    0.62    0.49    5.40 ^ _1116892_/Z (gf180mcu_fd_sc_mcu7t5v0__buf_2)
    10    0.09    0.78    0.62    6.02 ^ _1116893_/Z (gf180mcu_fd_sc_mcu7t5v0__buf_2)
     1    0.00    0.17    0.63    6.64 v _1951439_/S (gf180mcu_fd_sc_mcu7t5v0__addh_1)
     2    0.01    0.11    0.27    6.91 v _1123183_/Z (gf180mcu_fd_sc_mcu7t5v0__and2_2)
     1    0.01    0.14    0.36    7.27 v _1123184_/Z (gf180mcu_fd_sc_mcu7t5v0__and4_2)
     2    0.01    0.50    0.29    7.56 ^ _1123190_/ZN (gf180mcu_fd_sc_mcu7t5v0__nor3_2)
     1    0.01    0.19    0.14    7.70 v _1123191_/ZN (gf180mcu_fd_sc_mcu7t5v0__clkinv_2)
     1    0.00    0.15    0.14    7.84 ^ _1123192_/ZN (gf180mcu_fd_sc_mcu7t5v0__nand2_2)
     1    0.00    0.10    0.23    8.07 ^ _1123193_/Z (gf180mcu_fd_sc_mcu7t5v0__and2_2)
    10    0.09    0.79    0.57    8.64 ^ _1123194_/Z (gf180mcu_fd_sc_mcu7t5v0__buf_2)
     5    0.03    0.41    0.32    8.96 v _1128190_/ZN (gf180mcu_fd_sc_mcu7t5v0__clkinv_2)
     2    0.02    0.15    0.36    9.32 v _1135390_/Z (gf180mcu_fd_sc_mcu7t5v0__and2_2)
     2    0.01    0.41    0.30    9.62 ^ _1159426_/ZN (gf180mcu_fd_sc_mcu7t5v0__aoi21_2)
     2    0.01    0.25    0.66   10.28 v _1978202_/S (gf180mcu_fd_sc_mcu7t5v0__addh_1)
     1    0.01    0.11    0.27   10.55 v _1123171_/Z (gf180mcu_fd_sc_mcu7t5v0__and2_2)
     1    0.01    0.69    0.36   10.91 ^ _1123172_/ZN (gf180mcu_fd_sc_mcu7t5v0__aoi221_2)
     1    0.01    0.24    0.14   11.05 v _1123174_/ZN (gf180mcu_fd_sc_mcu7t5v0__nor2_2)
     1    0.00    0.77    0.50   11.55 ^ _1123175_/ZN (gf180mcu_fd_sc_mcu7t5v0__oai32_2)
     6    0.04    0.38    0.48   12.03 ^ _1123176_/Z (gf180mcu_fd_sc_mcu7t5v0__and2_2)
    10    0.09    0.77    0.60   12.62 ^ _1128923_/Z (gf180mcu_fd_sc_mcu7t5v0__buf_2)
     1    0.01    0.12    0.32   12.94 ^ _1234028_/Z (gf180mcu_fd_sc_mcu7t5v0__mux2_2)
     1    0.00    0.17    0.54   13.48 v _1952001_/S (gf180mcu_fd_sc_mcu7t5v0__addh_1)
     1    0.01    0.11    0.27   13.75 v _1123154_/Z (gf180mcu_fd_sc_mcu7t5v0__and2_2)
     1    0.01    0.37    0.23   13.98 ^ _1123155_/ZN (gf180mcu_fd_sc_mcu7t5v0__oai211_2)
     1    0.01    0.18    0.13   14.11 v _1123157_/ZN (gf180mcu_fd_sc_mcu7t5v0__nand2_2)
     1    0.01    0.69    0.34   14.45 ^ _1123159_/ZN (gf180mcu_fd_sc_mcu7t5v0__aoi221_2)
     1    0.01    0.24    0.14   14.59 v _1123161_/ZN (gf180mcu_fd_sc_mcu7t5v0__nor2_2)
     1    0.00    0.42    0.34   14.92 ^ _1123162_/ZN (gf180mcu_fd_sc_mcu7t5v0__oai31_2)
     9    0.08    0.73    0.64   15.57 ^ _1123163_/Z (gf180mcu_fd_sc_mcu7t5v0__and2_2)
     6    0.04    0.28    0.17   15.74 v _1123164_/ZN (gf180mcu_fd_sc_mcu7t5v0__inv_3)
     7    0.05    0.27    0.41   16.15 v _1128145_/Z (gf180mcu_fd_sc_mcu7t5v0__and2_2)
     2    0.02    0.16    0.32   16.47 v _1134403_/Z (gf180mcu_fd_sc_mcu7t5v0__and2_2)
     1    0.01    0.70    0.49   16.96 ^ _1134404_/ZN (gf180mcu_fd_sc_mcu7t5v0__aoi221_2)
     2    0.01    0.30    0.20   17.16 v _1134405_/ZN (gf180mcu_fd_sc_mcu7t5v0__oai21_2)
     1    0.01    0.13    0.12   17.28 ^ _1198440_/ZN (gf180mcu_fd_sc_mcu7t5v0__clkinv_2)
     1    0.00    0.17    0.54   17.82 v _1966325_/S (gf180mcu_fd_sc_mcu7t5v0__addh_1)
     1    0.01    0.11    0.27   18.09 v _1123199_/Z (gf180mcu_fd_sc_mcu7t5v0__and2_2)
     1    0.01    0.37    0.23   18.32 ^ _1123200_/ZN (gf180mcu_fd_sc_mcu7t5v0__oai211_2)
     1    0.01    0.18    0.13   18.45 v _1123202_/ZN (gf180mcu_fd_sc_mcu7t5v0__nand2_2)
     1    0.01    0.69    0.34   18.78 ^ _1123204_/ZN (gf180mcu_fd_sc_mcu7t5v0__aoi221_2)
     1    0.01    0.24    0.14   18.92 v _1123206_/ZN (gf180mcu_fd_sc_mcu7t5v0__nor2_2)
     1    0.00    0.42    0.34   19.26 ^ _1123207_/ZN (gf180mcu_fd_sc_mcu7t5v0__oai31_2)
     7    0.05    0.44    0.48   19.73 ^ _1123208_/Z (gf180mcu_fd_sc_mcu7t5v0__and2_2)
     9    0.04    0.39    0.32   20.05 v _1127623_/ZN (gf180mcu_fd_sc_mcu7t5v0__clkinv_2)
     5    0.04    0.25    0.45   20.50 v _1170573_/Z (gf180mcu_fd_sc_mcu7t5v0__and2_2)
     2    0.02    0.27    0.63   21.13 v _1207163_/Z (gf180mcu_fd_sc_mcu7t5v0__or4_2)
     1    0.01    0.30    0.24   21.37 ^ _1207296_/ZN (gf180mcu_fd_sc_mcu7t5v0__oai21_2)
     1    0.00    0.16    0.57   21.94 v _1992786_/S (gf180mcu_fd_sc_mcu7t5v0__addh_1)
     1    0.01    0.11    0.27   22.21 v _1119421_/Z (gf180mcu_fd_sc_mcu7t5v0__and2_2)
     1    0.01    0.69    0.36   22.57 ^ _1119422_/ZN (gf180mcu_fd_sc_mcu7t5v0__aoi221_2)
     1    0.01    0.24    0.14   22.71 v _1119424_/ZN (gf180mcu_fd_sc_mcu7t5v0__nor2_2)
     1    0.01    0.52    0.40   23.11 ^ _1122620_/ZN (gf180mcu_fd_sc_mcu7t5v0__oai31_2)
     8    0.06    0.31    0.41   23.52 ^ _1123150_/Z (gf180mcu_fd_sc_mcu7t5v0__and2_4)
     4    0.02    0.21    0.18   23.70 v _1123151_/ZN (gf180mcu_fd_sc_mcu7t5v0__clkinv_2)
    10    0.08    0.42    0.47   24.17 v _1128167_/Z (gf180mcu_fd_sc_mcu7t5v0__buf_2)
     4    0.04    0.23    0.42   24.59 v _1128199_/Z (gf180mcu_fd_sc_mcu7t5v0__and2_2)
     1    0.01    0.21    0.15   24.74 ^ _1197537_/ZN (gf180mcu_fd_sc_mcu7t5v0__nand2_2)
     2    0.02    0.35    0.20   24.94 v _1197538_/ZN (gf180mcu_fd_sc_mcu7t5v0__oai21_2)
     1    0.01    0.30    0.26   25.21 ^ _1252489_/ZN (gf180mcu_fd_sc_mcu7t5v0__aoi21_2)
     1    0.00    0.17    0.57   25.78 v _1951061_/S (gf180mcu_fd_sc_mcu7t5v0__addh_1)
     1    0.01    0.11    0.27   26.05 v _1123215_/Z (gf180mcu_fd_sc_mcu7t5v0__and2_2)
     1    0.01    0.37    0.23   26.28 ^ _1123216_/ZN (gf180mcu_fd_sc_mcu7t5v0__oai211_2)
     1    0.01    0.18    0.13   26.41 v _1123218_/ZN (gf180mcu_fd_sc_mcu7t5v0__nand2_2)
     1    0.01    0.69    0.34   26.74 ^ _1123220_/ZN (gf180mcu_fd_sc_mcu7t5v0__aoi221_2)
     1    0.01    0.24    0.14   26.88 v _1123222_/ZN (gf180mcu_fd_sc_mcu7t5v0__nor2_2)
     1    0.01    0.88    0.56   27.44 ^ _1123223_/ZN (gf180mcu_fd_sc_mcu7t5v0__oai32_2)
     9    0.08    0.37    0.48   27.92 ^ _1123735_/Z (gf180mcu_fd_sc_mcu7t5v0__and2_4)
     7    0.04    0.37    0.30   28.22 v _1123736_/ZN (gf180mcu_fd_sc_mcu7t5v0__clkinv_2)
     4    0.02    0.17    0.39   28.61 v _1123737_/Z (gf180mcu_fd_sc_mcu7t5v0__and2_2)
     2    0.01    0.11    0.25   28.86 v _1128136_/Z (gf180mcu_fd_sc_mcu7t5v0__and2_2)
    10    0.07    0.39    0.42   29.28 v _1128137_/Z (gf180mcu_fd_sc_mcu7t5v0__buf_2)
     1    0.00    0.09    0.30   29.58 v _1198618_/Z (gf180mcu_fd_sc_mcu7t5v0__and2_2)
     1    0.01    0.18    0.46   30.04 v _1198619_/Z (gf180mcu_fd_sc_mcu7t5v0__or3_2)
     1    0.01    0.65    0.45   30.49 ^ _1198620_/ZN (gf180mcu_fd_sc_mcu7t5v0__aoi221_2)
     2    0.02    0.30    0.72   31.21 v _1965522_/S (gf180mcu_fd_sc_mcu7t5v0__addh_1)
     1    0.01    0.37    0.28   31.49 ^ _1123742_/ZN (gf180mcu_fd_sc_mcu7t5v0__oai211_2)
     1    0.01    0.18    0.13   31.61 v _1123744_/ZN (gf180mcu_fd_sc_mcu7t5v0__nand2_2)
     1    0.01    0.69    0.34   31.95 ^ _1123746_/ZN (gf180mcu_fd_sc_mcu7t5v0__aoi221_2)
     1    0.01    0.24    0.14   32.09 v _1123748_/ZN (gf180mcu_fd_sc_mcu7t5v0__nor2_2)
     1    0.00    0.42    0.34   32.43 ^ _1123751_/ZN (gf180mcu_fd_sc_mcu7t5v0__oai31_2)
     2    0.01    0.15    0.31   32.73 ^ _1124248_/Z (gf180mcu_fd_sc_mcu7t5v0__and2_2)
     3    0.01    0.15    0.13   32.86 v _1124249_/ZN (gf180mcu_fd_sc_mcu7t5v0__clkinv_2)
    10    0.08    0.41    0.44   33.31 v _1127767_/Z (gf180mcu_fd_sc_mcu7t5v0__buf_2)
     8    0.04    0.26    0.46   33.77 v _1127768_/Z (gf180mcu_fd_sc_mcu7t5v0__and2_2)
     7    0.06    0.34    0.47   34.25 v _1197541_/Z (gf180mcu_fd_sc_mcu7t5v0__and2_2)
     1    0.01    0.23    0.18   34.43 ^ _1197542_/ZN (gf180mcu_fd_sc_mcu7t5v0__nand2_2)
     1    0.01    0.35    0.22   34.65 v _1197544_/ZN (gf180mcu_fd_sc_mcu7t5v0__oai211_2)
     1    0.01    0.62    0.48   35.13 ^ _1197545_/ZN (gf180mcu_fd_sc_mcu7t5v0__aoi221_2)
     1    0.00    0.17    0.61   35.74 v _1967834_/S (gf180mcu_fd_sc_mcu7t5v0__addh_1)
     1    0.01    0.11    0.27   36.01 v _1124254_/Z (gf180mcu_fd_sc_mcu7t5v0__and2_2)
     1    0.01    0.37    0.23   36.24 ^ _1124255_/ZN (gf180mcu_fd_sc_mcu7t5v0__oai211_2)
     1    0.01    0.18    0.13   36.37 v _1124257_/ZN (gf180mcu_fd_sc_mcu7t5v0__nand2_2)
     1    0.01    0.69    0.34   36.71 ^ _1124259_/ZN (gf180mcu_fd_sc_mcu7t5v0__aoi221_2)
     1    0.01    0.24    0.14   36.85 v _1124261_/ZN (gf180mcu_fd_sc_mcu7t5v0__nor2_2)
     1    0.00    0.42    0.34   37.18 ^ _1124263_/ZN (gf180mcu_fd_sc_mcu7t5v0__oai31_2)
     1    0.01    0.14    0.29   37.48 ^ _1124721_/Z (gf180mcu_fd_sc_mcu7t5v0__and2_2)
    10    0.09    0.41    0.35   37.83 ^ _1124722_/Z (gf180mcu_fd_sc_mcu7t5v0__buf_4)
     5    0.04    0.35    0.29   38.12 v _1124723_/ZN (gf180mcu_fd_sc_mcu7t5v0__clkinv_2)
     5    0.03    0.19    0.37   38.49 v _1128164_/Z (gf180mcu_fd_sc_mcu7t5v0__and2_2)
     5    0.03    0.21    0.34   38.84 v _1181937_/Z (gf180mcu_fd_sc_mcu7t5v0__and2_2)
     1    0.01    0.11    0.27   39.10 v _1223260_/Z (gf180mcu_fd_sc_mcu7t5v0__and2_2)
     1    0.01    0.70    0.48   39.58 ^ _1223261_/ZN (gf180mcu_fd_sc_mcu7t5v0__aoi221_2)
     1    0.01    0.36    0.23   39.82 v _1223264_/ZN (gf180mcu_fd_sc_mcu7t5v0__nand4_2)
     1    0.01    0.65    0.48   40.30 ^ _1223265_/ZN (gf180mcu_fd_sc_mcu7t5v0__aoi221_2)
     2    0.02    0.30    0.72   41.02 v _1958901_/S (gf180mcu_fd_sc_mcu7t5v0__addh_1)
     1    0.01    0.37    0.27   41.30 ^ _1124728_/ZN (gf180mcu_fd_sc_mcu7t5v0__oai211_2)
     1    0.01    0.18    0.13   41.42 v _1124730_/ZN (gf180mcu_fd_sc_mcu7t5v0__nand2_2)
     1    0.01    0.69    0.34   41.76 ^ _1124732_/ZN (gf180mcu_fd_sc_mcu7t5v0__aoi221_2)
     1    0.01    0.24    0.14   41.90 v _1124734_/ZN (gf180mcu_fd_sc_mcu7t5v0__nor2_2)
     1    0.00    0.77    0.50   42.40 ^ _1124735_/ZN (gf180mcu_fd_sc_mcu7t5v0__oai32_2)
     3    0.02    0.23    0.39   42.79 ^ _1125229_/Z (gf180mcu_fd_sc_mcu7t5v0__and2_2)
     8    0.05    0.46    0.31   43.10 v _1127620_/ZN (gf180mcu_fd_sc_mcu7t5v0__nor2_2)
     5    0.03    0.19    0.40   43.50 v _1128130_/Z (gf180mcu_fd_sc_mcu7t5v0__and2_2)
     6    0.06    0.32    0.44   43.94 v _1128139_/Z (gf180mcu_fd_sc_mcu7t5v0__and2_2)
     1    0.01    0.71    0.51   44.45 ^ _1178165_/ZN (gf180mcu_fd_sc_mcu7t5v0__aoi221_2)
     1    0.01    0.29    0.19   44.64 v _1178169_/ZN (gf180mcu_fd_sc_mcu7t5v0__nand3_2)
     1    0.01    0.55    0.24   44.88 ^ _1178180_/ZN (gf180mcu_fd_sc_mcu7t5v0__oai22_2)
     1    0.00    0.17    0.60   45.49 v _1992891_/S (gf180mcu_fd_sc_mcu7t5v0__addh_1)
     1    0.01    0.11    0.27   45.76 v _1125234_/Z (gf180mcu_fd_sc_mcu7t5v0__and2_2)
     1    0.01    0.37    0.23   45.99 ^ _1125235_/ZN (gf180mcu_fd_sc_mcu7t5v0__oai211_2)
     1    0.01    0.18    0.13   46.12 v _1125237_/ZN (gf180mcu_fd_sc_mcu7t5v0__nand2_2)
     1    0.01    0.69    0.34   46.45 ^ _1125239_/ZN (gf180mcu_fd_sc_mcu7t5v0__aoi221_2)
     1    0.01    0.24    0.14   46.59 v _1125241_/ZN (gf180mcu_fd_sc_mcu7t5v0__nor2_2)
     1    0.01    0.53    0.40   46.99 ^ _1125243_/ZN (gf180mcu_fd_sc_mcu7t5v0__oai31_2)
     8    0.06    0.53    0.40   47.40 v _1125747_/ZN (gf180mcu_fd_sc_mcu7t5v0__nand2_2)
     2    0.01    0.26    0.25   47.65 ^ _1127638_/ZN (gf180mcu_fd_sc_mcu7t5v0__nand2_2)
     1    0.01    0.12    0.21   47.86 ^ _1128101_/Z (gf180mcu_fd_sc_mcu7t5v0__or2_2)
     3    0.01    0.14    0.12   47.98 v _1128102_/ZN (gf180mcu_fd_sc_mcu7t5v0__clkinv_2)
     8    0.05    0.27    0.37   48.35 v _1128106_/Z (gf180mcu_fd_sc_mcu7t5v0__and2_2)
     1    0.01    0.11    0.28   48.64 v _1796416_/Z (gf180mcu_fd_sc_mcu7t5v0__and2_2)
     1    0.00    0.60    0.42   49.06 ^ _1796417_/ZN (gf180mcu_fd_sc_mcu7t5v0__aoi221_2)
     1    0.00    0.14    0.42   49.48 ^ _1796421_/Z (gf180mcu_fd_sc_mcu7t5v0__and4_2)
     1    0.01    0.14    0.35   49.83 ^ _1796425_/Z (gf180mcu_fd_sc_mcu7t5v0__and4_2)
     1    0.01    0.21    0.58   50.41 v _1930519_/S (gf180mcu_fd_sc_mcu7t5v0__addh_1)
     1    0.01    0.37    0.27   50.67 ^ _1125752_/ZN (gf180mcu_fd_sc_mcu7t5v0__oai211_2)
     1    0.01    0.18    0.13   50.80 v _1125754_/ZN (gf180mcu_fd_sc_mcu7t5v0__nand2_2)
     1    0.01    0.69    0.34   51.14 ^ _1125756_/ZN (gf180mcu_fd_sc_mcu7t5v0__aoi221_2)
     1    0.01    0.22    0.12   51.26 v _1125758_/ZN (gf180mcu_fd_sc_mcu7t5v0__nor2_2)
     1    0.01    0.41    0.26   51.52 ^ _1125760_/ZN (gf180mcu_fd_sc_mcu7t5v0__nor3_2)
     1    0.01    0.20    0.15   51.67 v _1125761_/ZN (gf180mcu_fd_sc_mcu7t5v0__nor2_2)
     2    0.02    0.37    0.26   51.93 ^ _1126163_/ZN (gf180mcu_fd_sc_mcu7t5v0__nor2_2)
    10    0.09    0.39    0.37   52.30 ^ _1127639_/Z (gf180mcu_fd_sc_mcu7t5v0__buf_4)
     4    0.03    0.30    0.24   52.54 v _1127640_/ZN (gf180mcu_fd_sc_mcu7t5v0__nor2_2)
    10    0.05    0.29    0.43   52.97 v _1127770_/Z (gf180mcu_fd_sc_mcu7t5v0__and2_2)
     8    0.07    0.40    0.53   53.50 v _1127987_/Z (gf180mcu_fd_sc_mcu7t5v0__and2_2)
     1    0.00    0.34    0.28   53.78 ^ _1198311_/ZN (gf180mcu_fd_sc_mcu7t5v0__aoi22_2)
     1    0.01    0.15    0.35   54.13 ^ _1198314_/Z (gf180mcu_fd_sc_mcu7t5v0__and3_2)
     1    0.01    0.29    0.19   54.32 v _1198321_/ZN (gf180mcu_fd_sc_mcu7t5v0__nand4_2)
     1    0.01    0.30    0.25   54.57 ^ _1198322_/ZN (gf180mcu_fd_sc_mcu7t5v0__aoi21_2)
     1    0.00    0.16    0.57   55.14 v _1966254_/S (gf180mcu_fd_sc_mcu7t5v0__addh_1)
     1    0.01    0.11    0.27   55.41 v _1126168_/Z (gf180mcu_fd_sc_mcu7t5v0__and2_2)
     1    0.01    0.37    0.23   55.64 ^ _1126169_/ZN (gf180mcu_fd_sc_mcu7t5v0__oai211_2)
     1    0.01    0.18    0.13   55.77 v _1126171_/ZN (gf180mcu_fd_sc_mcu7t5v0__nand2_2)
     1    0.01    0.69    0.34   56.11 ^ _1126173_/ZN (gf180mcu_fd_sc_mcu7t5v0__aoi221_2)
     1    0.01    0.24    0.14   56.25 v _1126175_/ZN (gf180mcu_fd_sc_mcu7t5v0__nor2_2)
     1    0.01    0.53    0.40   56.65 ^ _1126177_/ZN (gf180mcu_fd_sc_mcu7t5v0__oai31_2)
     9    0.06    0.50    0.38   57.03 v _1126615_/ZN (gf180mcu_fd_sc_mcu7t5v0__nand2_2)
     2    0.02    0.30    0.29   57.32 ^ _1126616_/ZN (gf180mcu_fd_sc_mcu7t5v0__nand2_2)
     2    0.01    0.15    0.12   57.45 v _1127907_/ZN (gf180mcu_fd_sc_mcu7t5v0__clkinv_2)
     5    0.02    0.17    0.30   57.74 v _1127908_/Z (gf180mcu_fd_sc_mcu7t5v0__and2_2)
     1    0.00    0.09    0.23   57.98 v _1127909_/Z (gf180mcu_fd_sc_mcu7t5v0__and2_2)
     9    0.08    0.44    0.45   58.42 v _1127910_/Z (gf180mcu_fd_sc_mcu7t5v0__buf_2)
     1    0.00    0.35    0.28   58.70 ^ _1582435_/ZN (gf180mcu_fd_sc_mcu7t5v0__aoi22_2)
     1    0.00    0.11    0.32   59.03 ^ _1582438_/Z (gf180mcu_fd_sc_mcu7t5v0__and3_2)
     1    0.01    0.14    0.37   59.40 ^ _1582443_/Z (gf180mcu_fd_sc_mcu7t5v0__and4_2)
     1    0.00    0.16    0.54   59.94 v _1977282_/S (gf180mcu_fd_sc_mcu7t5v0__addh_1)
     1    0.01    0.11    0.27   60.21 v _1126619_/Z (gf180mcu_fd_sc_mcu7t5v0__and2_2)
     1    0.01    0.37    0.23   60.44 ^ _1126620_/ZN (gf180mcu_fd_sc_mcu7t5v0__oai211_2)
     1    0.01    0.18    0.13   60.57 v _1126622_/ZN (gf180mcu_fd_sc_mcu7t5v0__nand2_2)
     1    0.01    0.69    0.34   60.91 ^ _1126624_/ZN (gf180mcu_fd_sc_mcu7t5v0__aoi221_2)
     1    0.01    0.22    0.12   61.03 v _1126626_/ZN (gf180mcu_fd_sc_mcu7t5v0__nor2_2)
     1    0.00    0.33    0.22   61.24 ^ _1126628_/ZN (gf180mcu_fd_sc_mcu7t5v0__nor3_2)
     1    0.00    0.09    0.23   61.47 ^ _1126629_/Z (gf180mcu_fd_sc_mcu7t5v0__or2_2)
     2    0.01    0.16    0.26   61.73 ^ _1127107_/Z (gf180mcu_fd_sc_mcu7t5v0__and2_2)
     9    0.06    0.51    0.35   62.09 v _1127108_/ZN (gf180mcu_fd_sc_mcu7t5v0__clkinv_2)
     5    0.03    0.21    0.43   62.51 v _1127715_/Z (gf180mcu_fd_sc_mcu7t5v0__and2_2)
     3    0.01    0.13    0.28   62.79 v _1127924_/Z (gf180mcu_fd_sc_mcu7t5v0__and2_2)
     7    0.04    0.25    0.38   63.17 v _1127928_/Z (gf180mcu_fd_sc_mcu7t5v0__and2_2)
     1    0.01    0.11    0.28   63.45 v _1175989_/Z (gf180mcu_fd_sc_mcu7t5v0__and2_2)
     1    0.00    0.60    0.42   63.87 ^ _1175990_/ZN (gf180mcu_fd_sc_mcu7t5v0__aoi221_2)
     1    0.01    0.14    0.42   64.30 ^ _1176004_/Z (gf180mcu_fd_sc_mcu7t5v0__and4_2)
     2    0.02    0.30    0.65   64.95 v _1961964_/S (gf180mcu_fd_sc_mcu7t5v0__addh_1)
     1    0.01    0.37    0.27   65.22 ^ _1127113_/ZN (gf180mcu_fd_sc_mcu7t5v0__oai211_2)
     1    0.01    0.18    0.13   65.35 v _1127115_/ZN (gf180mcu_fd_sc_mcu7t5v0__nand2_2)
     1    0.01    0.69    0.34   65.69 ^ _1127117_/ZN (gf180mcu_fd_sc_mcu7t5v0__aoi221_2)
     1    0.01    0.24    0.14   65.83 v _1127119_/ZN (gf180mcu_fd_sc_mcu7t5v0__nor2_2)
     1    0.01    0.53    0.40   66.23 ^ _1127122_/ZN (gf180mcu_fd_sc_mcu7t5v0__oai31_2)
     9    0.06    0.53    0.40   66.63 v _1127617_/ZN (gf180mcu_fd_sc_mcu7t5v0__nand2_2)
     2    0.02    0.31    0.30   66.93 ^ _1127618_/ZN (gf180mcu_fd_sc_mcu7t5v0__nand2_2)
     3    0.02    0.21    0.18   67.10 v _1127619_/ZN (gf180mcu_fd_sc_mcu7t5v0__clkinv_2)
     3    0.01    0.13    0.28   67.39 v _1127660_/Z (gf180mcu_fd_sc_mcu7t5v0__and2_2)
     8    0.08    0.41    0.46   67.85 v _1127661_/Z (gf180mcu_fd_sc_mcu7t5v0__and2_2)
     1    0.00    0.36    0.30   68.15 ^ _1205840_/ZN (gf180mcu_fd_sc_mcu7t5v0__aoi22_2)
     1    0.01    0.15    0.35   68.51 ^ _1205843_/Z (gf180mcu_fd_sc_mcu7t5v0__and3_2)
     1    0.01    0.20    0.15   68.65 v _1205848_/ZN (gf180mcu_fd_sc_mcu7t5v0__nand3_2)
     1    0.01    0.16    0.12   68.78 ^ _1205850_/ZN (gf180mcu_fd_sc_mcu7t5v0__nand2_2)
     1    0.00    0.16    0.55   69.32 v _1950990_/S (gf180mcu_fd_sc_mcu7t5v0__addh_1)
     1    0.01    0.11    0.27   69.59 v _1529718_/Z (gf180mcu_fd_sc_mcu7t5v0__and2_2)
     1    0.01    0.37    0.23   69.82 ^ _1529719_/ZN (gf180mcu_fd_sc_mcu7t5v0__oai211_2)
     1    0.01    0.18    0.13   69.95 v _1529721_/ZN (gf180mcu_fd_sc_mcu7t5v0__nand2_2)
     1    0.01    0.69    0.34   70.29 ^ _1529723_/ZN (gf180mcu_fd_sc_mcu7t5v0__aoi221_2)
     1    0.01    0.22    0.12   70.41 v _1529725_/ZN (gf180mcu_fd_sc_mcu7t5v0__nor2_2)
     1    0.01    0.58    0.44   70.84 ^ _1529726_/ZN (gf180mcu_fd_sc_mcu7t5v0__aoi211_2)
     4    0.03    0.42    0.31   71.16 v _1529729_/ZN (gf180mcu_fd_sc_mcu7t5v0__oai21_2)
     1    0.01    0.12    0.35   71.51 v _1813085_/Z (gf180mcu_fd_sc_mcu7t5v0__and2_2)
     1    0.01    0.36    0.22   71.73 ^ _1813087_/ZN (gf180mcu_fd_sc_mcu7t5v0__oai211_2)
     1    0.01    0.27    0.16   71.89 v _1813088_/ZN (gf180mcu_fd_sc_mcu7t5v0__nor3_2)
     1    0.01    0.20    0.16   72.05 ^ _1813089_/ZN (gf180mcu_fd_sc_mcu7t5v0__nand2_2)
     1    0.01    0.16    0.11   72.16 v _1813091_/ZN (gf180mcu_fd_sc_mcu7t5v0__nand2_2)
     1    0.01    0.25    0.15   72.31 ^ _1813093_/ZN (gf180mcu_fd_sc_mcu7t5v0__nand3_2)
     1    0.01    0.24    0.14   72.46 v _1813095_/ZN (gf180mcu_fd_sc_mcu7t5v0__nand3_2)
     1    0.00    0.09    0.08   72.54 ^ _1813096_/ZN (gf180mcu_fd_sc_mcu7t5v0__clkinv_2)
                  0.09    0.00   72.54 ^ tgt[3]$_SDFFE_PP0P_/D (gf180mcu_fd_sc_mcu7t5v0__dffq_2)
                                 72.54   data arrival time

                  0.00   40.69   40.69   clock clk (rise edge)
                          0.00   40.69   clock network delay (ideal)
                          0.00   40.69   clock reconvergence pessimism
                                 40.69 ^ tgt[3]$_SDFFE_PP0P_/CLK (gf180mcu_fd_sc_mcu7t5v0__dffq_2)
                         -0.25   40.45   library setup time
                                 40.45   data required time
-----------------------------------------------------------------------------
                                 40.45   data required time
                                -72.54   data arrival time
-----------------------------------------------------------------------------
                                -32.10   slack (VIOLATED)


=== WORST SETUP PATH corner ff
Startpoint: seq_ctr[1]$_SDFFE_PP0P_
            (rising edge-triggered flip-flop clocked by clk)
Endpoint: tgt[3]$_SDFFE_PP0P_ (rising edge-triggered flip-flop clocked by clk)
Path Group: clk
Path Type: max
Corner: ff

Fanout     Cap    Slew   Delay    Time   Description
-----------------------------------------------------------------------------
                  0.00    0.00    0.00   clock clk (rise edge)
                          0.00    0.00   clock network delay (ideal)
                  0.00    0.00    0.00 ^ seq_ctr[1]$_SDFFE_PP0P_/CLK (gf180mcu_fd_sc_mcu7t5v0__dffq_2)
    18    0.12    0.41    0.66    0.66 v seq_ctr[1]$_SDFFE_PP0P_/Q (gf180mcu_fd_sc_mcu7t5v0__dffq_2)
    10    0.08    0.47    0.39    1.05 ^ _1524819_/ZN (gf180mcu_fd_sc_mcu7t5v0__inv_2)
    25    0.27    1.51    0.98    2.03 ^ _1524837_/Z (gf180mcu_fd_sc_mcu7t5v0__buf_2)
     2    0.02    0.26    0.43    2.46 ^ _1827946_/CO (gf180mcu_fd_sc_mcu7t5v0__addf_1)
     2    0.02    0.16    0.11    2.57 v _1116886_/ZN (gf180mcu_fd_sc_mcu7t5v0__oai21_2)
     1    0.01    0.21    0.14    2.71 ^ _1116887_/ZN (gf180mcu_fd_sc_mcu7t5v0__aoi21_2)
     1    0.01    0.11    0.08    2.79 v _1116890_/ZN (gf180mcu_fd_sc_mcu7t5v0__oai21_2)
     2    0.01    0.11    0.37    3.16 ^ _1116891_/ZN (gf180mcu_fd_sc_mcu7t5v0__xnor2_2)
    10    0.07    0.41    0.32    3.48 ^ _1116892_/Z (gf180mcu_fd_sc_mcu7t5v0__buf_2)
    10    0.09    0.51    0.41    3.89 ^ _1116893_/Z (gf180mcu_fd_sc_mcu7t5v0__buf_2)
     1    0.00    0.10    0.39    4.28 v _1951439_/S (gf180mcu_fd_sc_mcu7t5v0__addh_1)
     2    0.01    0.07    0.17    4.46 v _1123183_/Z (gf180mcu_fd_sc_mcu7t5v0__and2_2)
     1    0.01    0.09    0.23    4.69 v _1123184_/Z (gf180mcu_fd_sc_mcu7t5v0__and4_2)
     2    0.01    0.30    0.17    4.86 ^ _1123190_/ZN (gf180mcu_fd_sc_mcu7t5v0__nor3_2)
     1    0.01    0.12    0.09    4.95 v _1123191_/ZN (gf180mcu_fd_sc_mcu7t5v0__clkinv_2)
     1    0.00    0.09    0.09    5.04 ^ _1123192_/ZN (gf180mcu_fd_sc_mcu7t5v0__nand2_2)
     1    0.00    0.07    0.15    5.19 ^ _1123193_/Z (gf180mcu_fd_sc_mcu7t5v0__and2_2)
    10    0.09    0.51    0.38    5.56 ^ _1123194_/Z (gf180mcu_fd_sc_mcu7t5v0__buf_2)
     5    0.03    0.27    0.21    5.77 v _1128190_/ZN (gf180mcu_fd_sc_mcu7t5v0__clkinv_2)
     2    0.02    0.10    0.23    6.00 v _1135390_/Z (gf180mcu_fd_sc_mcu7t5v0__and2_2)
     2    0.01    0.26    0.18    6.19 ^ _1159426_/ZN (gf180mcu_fd_sc_mcu7t5v0__aoi21_2)
     2    0.01    0.16    0.41    6.60 v _1978202_/S (gf180mcu_fd_sc_mcu7t5v0__addh_1)
     1    0.01    0.07    0.18    6.77 v _1123171_/Z (gf180mcu_fd_sc_mcu7t5v0__and2_2)
     1    0.01    0.41    0.22    6.99 ^ _1123172_/ZN (gf180mcu_fd_sc_mcu7t5v0__aoi221_2)
     1    0.01    0.15    0.08    7.07 v _1123174_/ZN (gf180mcu_fd_sc_mcu7t5v0__nor2_2)
     1    0.00    0.46    0.29    7.36 ^ _1123175_/ZN (gf180mcu_fd_sc_mcu7t5v0__oai32_2)
     6    0.04    0.25    0.30    7.67 ^ _1123176_/Z (gf180mcu_fd_sc_mcu7t5v0__and2_2)
    10    0.09    0.51    0.39    8.06 ^ _1128923_/Z (gf180mcu_fd_sc_mcu7t5v0__buf_2)
     1    0.01    0.08    0.20    8.26 ^ _1234028_/Z (gf180mcu_fd_sc_mcu7t5v0__mux2_2)
     1    0.00    0.10    0.34    8.60 v _1952001_/S (gf180mcu_fd_sc_mcu7t5v0__addh_1)
     1    0.01    0.07    0.17    8.77 v _1123154_/Z (gf180mcu_fd_sc_mcu7t5v0__and2_2)
     1    0.01    0.24    0.14    8.91 ^ _1123155_/ZN (gf180mcu_fd_sc_mcu7t5v0__oai211_2)
     1    0.01    0.11    0.08    8.99 v _1123157_/ZN (gf180mcu_fd_sc_mcu7t5v0__nand2_2)
     1    0.01    0.41    0.20    9.20 ^ _1123159_/ZN (gf180mcu_fd_sc_mcu7t5v0__aoi221_2)
     1    0.01    0.15    0.08    9.28 v _1123161_/ZN (gf180mcu_fd_sc_mcu7t5v0__nor2_2)
     1    0.00    0.24    0.20    9.48 ^ _1123162_/ZN (gf180mcu_fd_sc_mcu7t5v0__oai31_2)
     9    0.08    0.48    0.42    9.89 ^ _1123163_/Z (gf180mcu_fd_sc_mcu7t5v0__and2_2)
     6    0.04    0.19    0.11   10.00 v _1123164_/ZN (gf180mcu_fd_sc_mcu7t5v0__inv_3)
     7    0.05    0.18    0.27   10.27 v _1128145_/Z (gf180mcu_fd_sc_mcu7t5v0__and2_2)
     2    0.02    0.10    0.21   10.48 v _1134403_/Z (gf180mcu_fd_sc_mcu7t5v0__and2_2)
     1    0.01    0.42    0.29   10.77 ^ _1134404_/ZN (gf180mcu_fd_sc_mcu7t5v0__aoi221_2)
     2    0.01    0.20    0.12   10.89 v _1134405_/ZN (gf180mcu_fd_sc_mcu7t5v0__oai21_2)
     1    0.01    0.08    0.07   10.96 ^ _1198440_/ZN (gf180mcu_fd_sc_mcu7t5v0__clkinv_2)
     1    0.00    0.10    0.34   11.30 v _1966325_/S (gf180mcu_fd_sc_mcu7t5v0__addh_1)
     1    0.01    0.07    0.17   11.47 v _1123199_/Z (gf180mcu_fd_sc_mcu7t5v0__and2_2)
     1    0.01    0.24    0.14   11.61 ^ _1123200_/ZN (gf180mcu_fd_sc_mcu7t5v0__oai211_2)
     1    0.01    0.11    0.08   11.70 v _1123202_/ZN (gf180mcu_fd_sc_mcu7t5v0__nand2_2)
     1    0.01    0.41    0.20   11.90 ^ _1123204_/ZN (gf180mcu_fd_sc_mcu7t5v0__aoi221_2)
     1    0.01    0.15    0.08   11.98 v _1123206_/ZN (gf180mcu_fd_sc_mcu7t5v0__nor2_2)
     1    0.00    0.24    0.20   12.18 ^ _1123207_/ZN (gf180mcu_fd_sc_mcu7t5v0__oai31_2)
     7    0.05    0.29    0.30   12.48 ^ _1123208_/Z (gf180mcu_fd_sc_mcu7t5v0__and2_2)
     9    0.04    0.25    0.20   12.69 v _1127623_/ZN (gf180mcu_fd_sc_mcu7t5v0__clkinv_2)
     5    0.04    0.16    0.29   12.98 v _1170573_/Z (gf180mcu_fd_sc_mcu7t5v0__and2_2)
     2    0.02    0.17    0.38   13.36 v _1207163_/Z (gf180mcu_fd_sc_mcu7t5v0__or4_2)
     1    0.01    0.19    0.15   13.51 ^ _1207296_/ZN (gf180mcu_fd_sc_mcu7t5v0__oai21_2)
     1    0.00    0.10    0.35   13.87 v _1992786_/S (gf180mcu_fd_sc_mcu7t5v0__addh_1)
     1    0.01    0.07    0.17   14.04 v _1119421_/Z (gf180mcu_fd_sc_mcu7t5v0__and2_2)
     1    0.01    0.41    0.22   14.26 ^ _1119422_/ZN (gf180mcu_fd_sc_mcu7t5v0__aoi221_2)
     1    0.01    0.15    0.08   14.34 v _1119424_/ZN (gf180mcu_fd_sc_mcu7t5v0__nor2_2)
     1    0.01    0.31    0.23   14.58 ^ _1122620_/ZN (gf180mcu_fd_sc_mcu7t5v0__oai31_2)
     8    0.06    0.20    0.26   14.84 ^ _1123150_/Z (gf180mcu_fd_sc_mcu7t5v0__and2_4)
     4    0.02    0.14    0.12   14.95 v _1123151_/ZN (gf180mcu_fd_sc_mcu7t5v0__clkinv_2)
    10    0.08    0.28    0.31   15.26 v _1128167_/Z (gf180mcu_fd_sc_mcu7t5v0__buf_2)
     4    0.04    0.15    0.27   15.54 v _1128199_/Z (gf180mcu_fd_sc_mcu7t5v0__and2_2)
     1    0.01    0.14    0.10   15.63 ^ _1197537_/ZN (gf180mcu_fd_sc_mcu7t5v0__nand2_2)
     2    0.02    0.23    0.13   15.76 v _1197538_/ZN (gf180mcu_fd_sc_mcu7t5v0__oai21_2)
     1    0.01    0.19    0.16   15.92 ^ _1252489_/ZN (gf180mcu_fd_sc_mcu7t5v0__aoi21_2)
     1    0.00    0.10    0.35   16.27 v _1951061_/S (gf180mcu_fd_sc_mcu7t5v0__addh_1)
     1    0.01    0.07    0.17   16.45 v _1123215_/Z (gf180mcu_fd_sc_mcu7t5v0__and2_2)
     1    0.01    0.24    0.14   16.59 ^ _1123216_/ZN (gf180mcu_fd_sc_mcu7t5v0__oai211_2)
     1    0.01    0.11    0.08   16.67 v _1123218_/ZN (gf180mcu_fd_sc_mcu7t5v0__nand2_2)
     1    0.01    0.41    0.20   16.87 ^ _1123220_/ZN (gf180mcu_fd_sc_mcu7t5v0__aoi221_2)
     1    0.01    0.15    0.08   16.95 v _1123222_/ZN (gf180mcu_fd_sc_mcu7t5v0__nor2_2)
     1    0.01    0.53    0.33   17.28 ^ _1123223_/ZN (gf180mcu_fd_sc_mcu7t5v0__oai32_2)
     9    0.08    0.24    0.30   17.59 ^ _1123735_/Z (gf180mcu_fd_sc_mcu7t5v0__and2_4)
     7    0.04    0.24    0.20   17.78 v _1123736_/ZN (gf180mcu_fd_sc_mcu7t5v0__clkinv_2)
     4    0.02    0.11    0.25   18.03 v _1123737_/Z (gf180mcu_fd_sc_mcu7t5v0__and2_2)
     2    0.01    0.07    0.16   18.20 v _1128136_/Z (gf180mcu_fd_sc_mcu7t5v0__and2_2)
    10    0.07    0.26    0.28   18.47 v _1128137_/Z (gf180mcu_fd_sc_mcu7t5v0__buf_2)
     1    0.00    0.06    0.19   18.67 v _1198618_/Z (gf180mcu_fd_sc_mcu7t5v0__and2_2)
     1    0.01    0.11    0.28   18.94 v _1198619_/Z (gf180mcu_fd_sc_mcu7t5v0__or3_2)
     1    0.01    0.39    0.26   19.21 ^ _1198620_/ZN (gf180mcu_fd_sc_mcu7t5v0__aoi221_2)
     2    0.02    0.19    0.45   19.66 v _1965522_/S (gf180mcu_fd_sc_mcu7t5v0__addh_1)
     1    0.01    0.24    0.17   19.83 ^ _1123742_/ZN (gf180mcu_fd_sc_mcu7t5v0__oai211_2)
     1    0.01    0.11    0.08   19.91 v _1123744_/ZN (gf180mcu_fd_sc_mcu7t5v0__nand2_2)
     1    0.01    0.41    0.20   20.11 ^ _1123746_/ZN (gf180mcu_fd_sc_mcu7t5v0__aoi221_2)
     1    0.01    0.15    0.08   20.20 v _1123748_/ZN (gf180mcu_fd_sc_mcu7t5v0__nor2_2)
     1    0.00    0.24    0.20   20.40 ^ _1123751_/ZN (gf180mcu_fd_sc_mcu7t5v0__oai31_2)
     2    0.01    0.10    0.19   20.59 ^ _1124248_/Z (gf180mcu_fd_sc_mcu7t5v0__and2_2)
     3    0.01    0.10    0.08   20.67 v _1124249_/ZN (gf180mcu_fd_sc_mcu7t5v0__clkinv_2)
    10    0.08    0.27    0.29   20.96 v _1127767_/Z (gf180mcu_fd_sc_mcu7t5v0__buf_2)
     8    0.04    0.17    0.30   21.27 v _1127768_/Z (gf180mcu_fd_sc_mcu7t5v0__and2_2)
     7    0.06    0.22    0.31   21.57 v _1197541_/Z (gf180mcu_fd_sc_mcu7t5v0__and2_2)
     1    0.01    0.15    0.12   21.69 ^ _1197542_/ZN (gf180mcu_fd_sc_mcu7t5v0__nand2_2)
     1    0.01    0.23    0.14   21.83 v _1197544_/ZN (gf180mcu_fd_sc_mcu7t5v0__oai211_2)
     1    0.01    0.37    0.28   22.11 ^ _1197545_/ZN (gf180mcu_fd_sc_mcu7t5v0__aoi221_2)
     1    0.00    0.11    0.38   22.49 v _1967834_/S (gf180mcu_fd_sc_mcu7t5v0__addh_1)
     1    0.01    0.07    0.18   22.66 v _1124254_/Z (gf180mcu_fd_sc_mcu7t5v0__and2_2)
     1    0.01    0.24    0.14   22.80 ^ _1124255_/ZN (gf180mcu_fd_sc_mcu7t5v0__oai211_2)
     1    0.01    0.11    0.08   22.88 v _1124257_/ZN (gf180mcu_fd_sc_mcu7t5v0__nand2_2)
     1    0.01    0.41    0.20   23.09 ^ _1124259_/ZN (gf180mcu_fd_sc_mcu7t5v0__aoi221_2)
     1    0.01    0.15    0.08   23.17 v _1124261_/ZN (gf180mcu_fd_sc_mcu7t5v0__nor2_2)
     1    0.00    0.24    0.20   23.37 ^ _1124263_/ZN (gf180mcu_fd_sc_mcu7t5v0__oai31_2)
     1    0.01    0.09    0.18   23.55 ^ _1124721_/Z (gf180mcu_fd_sc_mcu7t5v0__and2_2)
    10    0.09    0.27    0.23   23.78 ^ _1124722_/Z (gf180mcu_fd_sc_mcu7t5v0__buf_4)
     5    0.04    0.23    0.19   23.97 v _1124723_/ZN (gf180mcu_fd_sc_mcu7t5v0__clkinv_2)
     5    0.03    0.13    0.24   24.21 v _1128164_/Z (gf180mcu_fd_sc_mcu7t5v0__and2_2)
     5    0.03    0.14    0.22   24.43 v _1181937_/Z (gf180mcu_fd_sc_mcu7t5v0__and2_2)
     1    0.01    0.07    0.17   24.61 v _1223260_/Z (gf180mcu_fd_sc_mcu7t5v0__and2_2)
     1    0.01    0.42    0.28   24.89 ^ _1223261_/ZN (gf180mcu_fd_sc_mcu7t5v0__aoi221_2)
     1    0.01    0.22    0.14   25.03 v _1223264_/ZN (gf180mcu_fd_sc_mcu7t5v0__nand4_2)
     1    0.01    0.39    0.28   25.31 ^ _1223265_/ZN (gf180mcu_fd_sc_mcu7t5v0__aoi221_2)
     2    0.02    0.19    0.45   25.76 v _1958901_/S (gf180mcu_fd_sc_mcu7t5v0__addh_1)
     1    0.01    0.24    0.17   25.93 ^ _1124728_/ZN (gf180mcu_fd_sc_mcu7t5v0__oai211_2)
     1    0.01    0.11    0.08   26.01 v _1124730_/ZN (gf180mcu_fd_sc_mcu7t5v0__nand2_2)
     1    0.01    0.41    0.20   26.22 ^ _1124732_/ZN (gf180mcu_fd_sc_mcu7t5v0__aoi221_2)
     1    0.01    0.15    0.08   26.30 v _1124734_/ZN (gf180mcu_fd_sc_mcu7t5v0__nor2_2)
     1    0.00    0.46    0.29   26.59 ^ _1124735_/ZN (gf180mcu_fd_sc_mcu7t5v0__oai32_2)
     3    0.02    0.15    0.24   26.84 ^ _1125229_/Z (gf180mcu_fd_sc_mcu7t5v0__and2_2)
     8    0.05    0.30    0.20   27.04 v _1127620_/ZN (gf180mcu_fd_sc_mcu7t5v0__nor2_2)
     5    0.03    0.13    0.26   27.30 v _1128130_/Z (gf180mcu_fd_sc_mcu7t5v0__and2_2)
     6    0.05    0.21    0.29   27.58 v _1128139_/Z (gf180mcu_fd_sc_mcu7t5v0__and2_2)
     1    0.01    0.42    0.30   27.89 ^ _1178165_/ZN (gf180mcu_fd_sc_mcu7t5v0__aoi221_2)
     1    0.01    0.18    0.11   28.00 v _1178169_/ZN (gf180mcu_fd_sc_mcu7t5v0__nand3_2)
     1    0.01    0.35    0.15   28.15 ^ _1178180_/ZN (gf180mcu_fd_sc_mcu7t5v0__oai22_2)
     1    0.00    0.10    0.37   28.53 v _1992891_/S (gf180mcu_fd_sc_mcu7t5v0__addh_1)
     1    0.01    0.07    0.17   28.70 v _1125234_/Z (gf180mcu_fd_sc_mcu7t5v0__and2_2)
     1    0.01    0.24    0.14   28.84 ^ _1125235_/ZN (gf180mcu_fd_sc_mcu7t5v0__oai211_2)
     1    0.01    0.11    0.08   28.92 v _1125237_/ZN (gf180mcu_fd_sc_mcu7t5v0__nand2_2)
     1    0.01    0.41    0.20   29.12 ^ _1125239_/ZN (gf180mcu_fd_sc_mcu7t5v0__aoi221_2)
     1    0.01    0.15    0.08   29.21 v _1125241_/ZN (gf180mcu_fd_sc_mcu7t5v0__nor2_2)
     1    0.01    0.31    0.24   29.44 ^ _1125243_/ZN (gf180mcu_fd_sc_mcu7t5v0__oai31_2)
     8    0.06    0.33    0.25   29.69 v _1125747_/ZN (gf180mcu_fd_sc_mcu7t5v0__nand2_2)
     2    0.01    0.17    0.16   29.85 ^ _1127638_/ZN (gf180mcu_fd_sc_mcu7t5v0__nand2_2)
     1    0.01    0.08    0.14   29.99 ^ _1128101_/Z (gf180mcu_fd_sc_mcu7t5v0__or2_2)
     3    0.01    0.09    0.08   30.07 v _1128102_/ZN (gf180mcu_fd_sc_mcu7t5v0__clkinv_2)
     8    0.04    0.18    0.24   30.31 v _1128106_/Z (gf180mcu_fd_sc_mcu7t5v0__and2_2)
     1    0.01    0.07    0.18   30.49 v _1796416_/Z (gf180mcu_fd_sc_mcu7t5v0__and2_2)
     1    0.00    0.36    0.25   30.74 ^ _1796417_/ZN (gf180mcu_fd_sc_mcu7t5v0__aoi221_2)
     1    0.00    0.09    0.25   31.00 ^ _1796421_/Z (gf180mcu_fd_sc_mcu7t5v0__and4_2)
     1    0.01    0.09    0.22   31.21 ^ _1796425_/Z (gf180mcu_fd_sc_mcu7t5v0__and4_2)
     1    0.01    0.13    0.36   31.57 v _1930519_/S (gf180mcu_fd_sc_mcu7t5v0__addh_1)
     1    0.01    0.24    0.17   31.74 ^ _1125752_/ZN (gf180mcu_fd_sc_mcu7t5v0__oai211_2)
     1    0.01    0.11    0.08   31.82 v _1125754_/ZN (gf180mcu_fd_sc_mcu7t5v0__nand2_2)
     1    0.01    0.41    0.20   32.03 ^ _1125756_/ZN (gf180mcu_fd_sc_mcu7t5v0__aoi221_2)
     1    0.01    0.14    0.07   32.10 v _1125758_/ZN (gf180mcu_fd_sc_mcu7t5v0__nor2_2)
     1    0.01    0.24    0.16   32.26 ^ _1125760_/ZN (gf180mcu_fd_sc_mcu7t5v0__nor3_2)
     1    0.01    0.13    0.10   32.35 v _1125761_/ZN (gf180mcu_fd_sc_mcu7t5v0__nor2_2)
     2    0.02    0.23    0.16   32.51 ^ _1126163_/ZN (gf180mcu_fd_sc_mcu7t5v0__nor2_2)
    10    0.09    0.26    0.24   32.75 ^ _1127639_/Z (gf180mcu_fd_sc_mcu7t5v0__buf_4)
     4    0.03    0.20    0.16   32.91 v _1127640_/ZN (gf180mcu_fd_sc_mcu7t5v0__nor2_2)
    10    0.05    0.19    0.28   33.19 v _1127770_/Z (gf180mcu_fd_sc_mcu7t5v0__and2_2)
     8    0.07    0.26    0.34   33.53 v _1127987_/Z (gf180mcu_fd_sc_mcu7t5v0__and2_2)
     1    0.00    0.21    0.18   33.71 ^ _1198311_/ZN (gf180mcu_fd_sc_mcu7t5v0__aoi22_2)
     1    0.01    0.09    0.22   33.93 ^ _1198314_/Z (gf180mcu_fd_sc_mcu7t5v0__and3_2)
     1    0.01    0.18    0.11   34.04 v _1198321_/ZN (gf180mcu_fd_sc_mcu7t5v0__nand4_2)
     1    0.01    0.19    0.15   34.19 ^ _1198322_/ZN (gf180mcu_fd_sc_mcu7t5v0__aoi21_2)
     1    0.00    0.10    0.35   34.55 v _1966254_/S (gf180mcu_fd_sc_mcu7t5v0__addh_1)
     1    0.01    0.07    0.17   34.72 v _1126168_/Z (gf180mcu_fd_sc_mcu7t5v0__and2_2)
     1    0.01    0.24    0.14   34.86 ^ _1126169_/ZN (gf180mcu_fd_sc_mcu7t5v0__oai211_2)
     1    0.01    0.11    0.08   34.94 v _1126171_/ZN (gf180mcu_fd_sc_mcu7t5v0__nand2_2)
     1    0.01    0.41    0.20   35.14 ^ _1126173_/ZN (gf180mcu_fd_sc_mcu7t5v0__aoi221_2)
     1    0.01    0.15    0.08   35.23 v _1126175_/ZN (gf180mcu_fd_sc_mcu7t5v0__nor2_2)
     1    0.01    0.31    0.24   35.46 ^ _1126177_/ZN (gf180mcu_fd_sc_mcu7t5v0__oai31_2)
     9    0.05    0.31    0.23   35.70 v _1126615_/ZN (gf180mcu_fd_sc_mcu7t5v0__nand2_2)
     2    0.02    0.20    0.19   35.89 ^ _1126616_/ZN (gf180mcu_fd_sc_mcu7t5v0__nand2_2)
     2    0.01    0.09    0.08   35.97 v _1127907_/ZN (gf180mcu_fd_sc_mcu7t5v0__clkinv_2)
     5    0.02    0.11    0.19   36.16 v _1127908_/Z (gf180mcu_fd_sc_mcu7t5v0__and2_2)
     1    0.00    0.06    0.15   36.31 v _1127909_/Z (gf180mcu_fd_sc_mcu7t5v0__and2_2)
     9    0.08    0.29    0.29   36.60 v _1127910_/Z (gf180mcu_fd_sc_mcu7t5v0__buf_2)
     1    0.00    0.22    0.18   36.78 ^ _1582435_/ZN (gf180mcu_fd_sc_mcu7t5v0__aoi22_2)
     1    0.00    0.07    0.20   36.98 ^ _1582438_/Z (gf180mcu_fd_sc_mcu7t5v0__and3_2)
     1    0.01    0.09    0.23   37.21 ^ _1582443_/Z (gf180mcu_fd_sc_mcu7t5v0__and4_2)
     1    0.00    0.10    0.34   37.55 v _1977282_/S (gf180mcu_fd_sc_mcu7t5v0__addh_1)
     1    0.01    0.07    0.17   37.72 v _1126619_/Z (gf180mcu_fd_sc_mcu7t5v0__and2_2)
     1    0.01    0.24    0.14   37.86 ^ _1126620_/ZN (gf180mcu_fd_sc_mcu7t5v0__oai211_2)
     1    0.01    0.11    0.08   37.94 v _1126622_/ZN (gf180mcu_fd_sc_mcu7t5v0__nand2_2)
     1    0.01    0.41    0.20   38.14 ^ _1126624_/ZN (gf180mcu_fd_sc_mcu7t5v0__aoi221_2)
     1    0.01    0.14    0.07   38.22 v _1126626_/ZN (gf180mcu_fd_sc_mcu7t5v0__nor2_2)
     1    0.00    0.20    0.13   38.35 ^ _1126628_/ZN (gf180mcu_fd_sc_mcu7t5v0__nor3_2)
     1    0.00    0.06    0.14   38.49 ^ _1126629_/Z (gf180mcu_fd_sc_mcu7t5v0__or2_2)
     2    0.01    0.10    0.17   38.66 ^ _1127107_/Z (gf180mcu_fd_sc_mcu7t5v0__and2_2)
     9    0.06    0.33    0.23   38.89 v _1127108_/ZN (gf180mcu_fd_sc_mcu7t5v0__clkinv_2)
     5    0.03    0.14    0.28   39.16 v _1127715_/Z (gf180mcu_fd_sc_mcu7t5v0__and2_2)
     3    0.01    0.09    0.18   39.35 v _1127924_/Z (gf180mcu_fd_sc_mcu7t5v0__and2_2)
     7    0.04    0.16    0.24   39.59 v _1127928_/Z (gf180mcu_fd_sc_mcu7t5v0__and2_2)
     1    0.01    0.07    0.18   39.77 v _1175989_/Z (gf180mcu_fd_sc_mcu7t5v0__and2_2)
     1    0.00    0.36    0.25   40.02 ^ _1175990_/ZN (gf180mcu_fd_sc_mcu7t5v0__aoi221_2)
     1    0.01    0.09    0.26   40.28 ^ _1176004_/Z (gf180mcu_fd_sc_mcu7t5v0__and4_2)
     2    0.02    0.19    0.41   40.69 v _1961964_/S (gf180mcu_fd_sc_mcu7t5v0__addh_1)
     1    0.01    0.24    0.17   40.86 ^ _1127113_/ZN (gf180mcu_fd_sc_mcu7t5v0__oai211_2)
     1    0.01    0.11    0.08   40.94 v _1127115_/ZN (gf180mcu_fd_sc_mcu7t5v0__nand2_2)
     1    0.01    0.41    0.20   41.14 ^ _1127117_/ZN (gf180mcu_fd_sc_mcu7t5v0__aoi221_2)
     1    0.01    0.15    0.08   41.23 v _1127119_/ZN (gf180mcu_fd_sc_mcu7t5v0__nor2_2)
     1    0.01    0.31    0.24   41.46 ^ _1127122_/ZN (gf180mcu_fd_sc_mcu7t5v0__oai31_2)
     9    0.06    0.33    0.24   41.71 v _1127617_/ZN (gf180mcu_fd_sc_mcu7t5v0__nand2_2)
     2    0.02    0.20    0.19   41.90 ^ _1127618_/ZN (gf180mcu_fd_sc_mcu7t5v0__nand2_2)
     3    0.02    0.14    0.11   42.02 v _1127619_/ZN (gf180mcu_fd_sc_mcu7t5v0__clkinv_2)
     3    0.01    0.09    0.18   42.20 v _1127660_/Z (gf180mcu_fd_sc_mcu7t5v0__and2_2)
     8    0.07    0.27    0.30   42.50 v _1127661_/Z (gf180mcu_fd_sc_mcu7t5v0__and2_2)
     1    0.00    0.22    0.19   42.69 ^ _1205840_/ZN (gf180mcu_fd_sc_mcu7t5v0__aoi22_2)
     1    0.01    0.10    0.22   42.91 ^ _1205843_/Z (gf180mcu_fd_sc_mcu7t5v0__and3_2)
     1    0.01    0.12    0.09   43.00 v _1205848_/ZN (gf180mcu_fd_sc_mcu7t5v0__nand3_2)
     1    0.01    0.11    0.08   43.08 ^ _1205850_/ZN (gf180mcu_fd_sc_mcu7t5v0__nand2_2)
     1    0.00    0.10    0.34   43.42 v _1950990_/S (gf180mcu_fd_sc_mcu7t5v0__addh_1)
     1    0.01    0.07    0.17   43.59 v _1529718_/Z (gf180mcu_fd_sc_mcu7t5v0__and2_2)
     1    0.01    0.24    0.14   43.73 ^ _1529719_/ZN (gf180mcu_fd_sc_mcu7t5v0__oai211_2)
     1    0.01    0.11    0.08   43.82 v _1529721_/ZN (gf180mcu_fd_sc_mcu7t5v0__nand2_2)
     1    0.01    0.41    0.20   44.02 ^ _1529723_/ZN (gf180mcu_fd_sc_mcu7t5v0__aoi221_2)
     1    0.01    0.14    0.07   44.09 v _1529725_/ZN (gf180mcu_fd_sc_mcu7t5v0__nor2_2)
     1    0.01    0.34    0.26   44.35 ^ _1529726_/ZN (gf180mcu_fd_sc_mcu7t5v0__aoi211_2)
     4    0.03    0.27    0.19   44.54 v _1529729_/ZN (gf180mcu_fd_sc_mcu7t5v0__oai21_2)
     1    0.01    0.08    0.22   44.76 v _1813085_/Z (gf180mcu_fd_sc_mcu7t5v0__and2_2)
     1    0.01    0.24    0.13   44.90 ^ _1813087_/ZN (gf180mcu_fd_sc_mcu7t5v0__oai211_2)
     1    0.01    0.18    0.10   45.00 v _1813088_/ZN (gf180mcu_fd_sc_mcu7t5v0__nor3_2)
     1    0.01    0.13    0.11   45.10 ^ _1813089_/ZN (gf180mcu_fd_sc_mcu7t5v0__nand2_2)
     1    0.01    0.10    0.07   45.17 v _1813091_/ZN (gf180mcu_fd_sc_mcu7t5v0__nand2_2)
     1    0.01    0.17    0.10   45.27 ^ _1813093_/ZN (gf180mcu_fd_sc_mcu7t5v0__nand3_2)
     1    0.01    0.16    0.09   45.36 v _1813095_/ZN (gf180mcu_fd_sc_mcu7t5v0__nand3_2)
     1    0.00    0.06    0.05   45.41 ^ _1813096_/ZN (gf180mcu_fd_sc_mcu7t5v0__clkinv_2)
                  0.06    0.00   45.41 ^ tgt[3]$_SDFFE_PP0P_/D (gf180mcu_fd_sc_mcu7t5v0__dffq_2)
                                 45.41   data arrival time

                  0.00   40.69   40.69   clock clk (rise edge)
                          0.00   40.69   clock network delay (ideal)
                          0.00   40.69   clock reconvergence pessimism
                                 40.69 ^ tgt[3]$_SDFFE_PP0P_/CLK (gf180mcu_fd_sc_mcu7t5v0__dffq_2)
                         -0.14   40.55   library setup time
                                 40.55   data required time
-----------------------------------------------------------------------------
                                 40.55   data required time
                                -45.41   data arrival time
-----------------------------------------------------------------------------
                                 -4.86   slack (VIOLATED)


=== WORST HOLD PATH corner ff
Startpoint: cs_s1$_DFF_P_ (rising edge-triggered flip-flop clocked by clk)
Endpoint: cs_s2$_DFF_P_ (rising edge-triggered flip-flop clocked by clk)
Path Group: clk
Path Type: min
Corner: ff

  Delay    Time   Description
---------------------------------------------------------
   0.00    0.00   clock clk (rise edge)
   0.00    0.00   clock network delay (ideal)
   0.00    0.00 ^ cs_s1$_DFF_P_/CLK (gf180mcu_fd_sc_mcu7t5v0__dffq_2)
   0.40    0.40 v cs_s1$_DFF_P_/Q (gf180mcu_fd_sc_mcu7t5v0__dffq_2)
   0.00    0.40 v cs_s2$_DFF_P_/D (gf180mcu_fd_sc_mcu7t5v0__dffq_2)
           0.40   data arrival time

   0.00    0.00   clock clk (rise edge)
   0.00    0.00   clock network delay (ideal)
   0.00    0.00   clock reconvergence pessimism
           0.00 ^ cs_s2$_DFF_P_/CLK (gf180mcu_fd_sc_mcu7t5v0__dffq_2)
   0.06    0.06   library hold time
           0.06   data required time
---------------------------------------------------------
           0.06   data required time
          -0.40   data arrival time
---------------------------------------------------------
           0.34   slack (MET)


=== DONE
