# yosys script: read_verilog -DSTORAGE_PROBE_STRIP_OBSERVABILITY /private/tmp/opencode/wt-h02-storage-probe/rtl/storage_probe.v; hierarchy -check -top storage_probe; synth -top storage_probe -nofsm; dfflibmap -liberty /Users/joseph/dev/2amlogic/prep/tinytapeout/pdk/ciel/gf180mcu/versions/54435919abffb937387ec956209f9cf5fd2dfbee/gf180mcuD/libs.ref/gf180mcu_fd_sc_mcu7t5v0/lib/gf180mcu_fd_sc_mcu7t5v0__tt_025C_5v00.lib; abc -liberty /Users/joseph/dev/2amlogic/prep/tinytapeout/pdk/ciel/gf180mcu/versions/54435919abffb937387ec956209f9cf5fd2dfbee/gf180mcuD/libs.ref/gf180mcu_fd_sc_mcu7t5v0/lib/gf180mcu_fd_sc_mcu7t5v0__tt_025C_5v00.lib; stat -liberty /Users/joseph/dev/2amlogic/prep/tinytapeout/pdk/ciel/gf180mcu/versions/54435919abffb937387ec956209f9cf5fd2dfbee/gf180mcuD/libs.ref/gf180mcu_fd_sc_mcu7t5v0/lib/gf180mcu_fd_sc_mcu7t5v0__tt_025C_5v00.lib

 /----------------------------------------------------------------------------\
 |  yosys -- Yosys Open SYnthesis Suite                                       |
 |  Copyright (C) 2012 - 2026  Claire Xenia Wolf <claire@yosyshq.com>         |
 |  Distributed under an ISC-like license, type "license" to see terms        |
 \----------------------------------------------------------------------------/
 Yosys 0.69+post (git sha1 143eb14f9cc55d6f8927e68523b0c9d2166ed02c, Release, AppleClang clang++ 21.0.0.21000101)

-- Running command `read_verilog -DSTORAGE_PROBE_STRIP_OBSERVABILITY /private/tmp/opencode/wt-h02-storage-probe/rtl/storage_probe.v; hierarchy -check -top storage_probe; synth -top storage_probe -nofsm; dfflibmap -liberty /Users/joseph/dev/2amlogic/prep/tinytapeout/pdk/ciel/gf180mcu/versions/54435919abffb937387ec956209f9cf5fd2dfbee/gf180mcuD/libs.ref/gf180mcu_fd_sc_mcu7t5v0/lib/gf180mcu_fd_sc_mcu7t5v0__tt_025C_5v00.lib; abc -liberty /Users/joseph/dev/2amlogic/prep/tinytapeout/pdk/ciel/gf180mcu/versions/54435919abffb937387ec956209f9cf5fd2dfbee/gf180mcuD/libs.ref/gf180mcu_fd_sc_mcu7t5v0/lib/gf180mcu_fd_sc_mcu7t5v0__tt_025C_5v00.lib; stat -liberty /Users/joseph/dev/2amlogic/prep/tinytapeout/pdk/ciel/gf180mcu/versions/54435919abffb937387ec956209f9cf5fd2dfbee/gf180mcuD/libs.ref/gf180mcu_fd_sc_mcu7t5v0/lib/gf180mcu_fd_sc_mcu7t5v0__tt_025C_5v00.lib' --

1. Executing Verilog-2005 frontend: /private/tmp/opencode/wt-h02-storage-probe/rtl/storage_probe.v
Parsing Verilog input from `/private/tmp/opencode/wt-h02-storage-probe/rtl/storage_probe.v' to AST representation.
Generating RTLIL representation for module `\storage_probe'.
Successfully finished Verilog frontend.

2. Executing HIERARCHY pass (managing design hierarchy).

2.1. Analyzing design hierarchy..
Top module:  \storage_probe

2.2. Analyzing design hierarchy..
Top module:  \storage_probe
Removed 0 unused modules.

3. Executing SYNTH pass.

3.1. Executing HIERARCHY pass (managing design hierarchy).

3.1.1. Analyzing design hierarchy..
Top module:  \storage_probe

3.1.2. Analyzing design hierarchy..
Top module:  \storage_probe
Removed 0 unused modules.

3.2. Executing PROC pass (convert processes to netlists).

3.2.1. Executing PROC_CLEAN pass (remove empty switches from decision trees).
Cleaned up 0 empty switches.

3.2.2. Executing PROC_RMDEAD pass (remove dead branches from decision trees).
Removed a total of 0 dead cases.

3.2.3. Executing PROC_PRUNE pass (remove redundant assignments in processes).
Removed 0 redundant assignments.
Promoted 0 assignments to connections.

3.2.4. Executing PROC_INIT pass (extract init attributes).

3.2.5. Executing PROC_ARST pass (detect async resets in processes).

3.2.6. Executing PROC_ROM pass (convert switches to ROMs).
Converted 0 switches.
<suppressed ~113 debug messages>

3.2.7. Executing PROC_MUX pass (convert decision trees to multiplexers).
Creating decoders for process `\storage_probe.$proc$/private/tmp/opencode/wt-h02-storage-probe/rtl/storage_probe.v:144$559'.
     1/1: $0\note_state[7135:6690]
Creating decoders for process `\storage_probe.$proc$/private/tmp/opencode/wt-h02-storage-probe/rtl/storage_probe.v:144$554'.
     1/1: $0\note_state[6689:6244]
Creating decoders for process `\storage_probe.$proc$/private/tmp/opencode/wt-h02-storage-probe/rtl/storage_probe.v:144$549'.
     1/1: $0\note_state[6243:5798]
Creating decoders for process `\storage_probe.$proc$/private/tmp/opencode/wt-h02-storage-probe/rtl/storage_probe.v:144$544'.
     1/1: $0\note_state[5797:5352]
Creating decoders for process `\storage_probe.$proc$/private/tmp/opencode/wt-h02-storage-probe/rtl/storage_probe.v:144$539'.
     1/1: $0\note_state[5351:4906]
Creating decoders for process `\storage_probe.$proc$/private/tmp/opencode/wt-h02-storage-probe/rtl/storage_probe.v:144$534'.
     1/1: $0\note_state[4905:4460]
Creating decoders for process `\storage_probe.$proc$/private/tmp/opencode/wt-h02-storage-probe/rtl/storage_probe.v:144$529'.
     1/1: $0\note_state[4459:4014]
Creating decoders for process `\storage_probe.$proc$/private/tmp/opencode/wt-h02-storage-probe/rtl/storage_probe.v:144$524'.
     1/1: $0\note_state[4013:3568]
Creating decoders for process `\storage_probe.$proc$/private/tmp/opencode/wt-h02-storage-probe/rtl/storage_probe.v:144$519'.
     1/1: $0\note_state[3567:3122]
Creating decoders for process `\storage_probe.$proc$/private/tmp/opencode/wt-h02-storage-probe/rtl/storage_probe.v:144$514'.
     1/1: $0\note_state[3121:2676]
Creating decoders for process `\storage_probe.$proc$/private/tmp/opencode/wt-h02-storage-probe/rtl/storage_probe.v:144$509'.
     1/1: $0\note_state[2675:2230]
Creating decoders for process `\storage_probe.$proc$/private/tmp/opencode/wt-h02-storage-probe/rtl/storage_probe.v:144$504'.
     1/1: $0\note_state[2229:1784]
Creating decoders for process `\storage_probe.$proc$/private/tmp/opencode/wt-h02-storage-probe/rtl/storage_probe.v:144$499'.
     1/1: $0\note_state[1783:1338]
Creating decoders for process `\storage_probe.$proc$/private/tmp/opencode/wt-h02-storage-probe/rtl/storage_probe.v:144$494'.
     1/1: $0\note_state[1337:892]
Creating decoders for process `\storage_probe.$proc$/private/tmp/opencode/wt-h02-storage-probe/rtl/storage_probe.v:144$489'.
     1/1: $0\note_state[891:446]
Creating decoders for process `\storage_probe.$proc$/private/tmp/opencode/wt-h02-storage-probe/rtl/storage_probe.v:144$484'.
     1/1: $0\note_state[445:0]
Creating decoders for process `\storage_probe.$proc$/private/tmp/opencode/wt-h02-storage-probe/rtl/storage_probe.v:138$479'.
     1/1: $0\op_state[31199:30875]
Creating decoders for process `\storage_probe.$proc$/private/tmp/opencode/wt-h02-storage-probe/rtl/storage_probe.v:138$474'.
     1/1: $0\op_state[30874:30550]
Creating decoders for process `\storage_probe.$proc$/private/tmp/opencode/wt-h02-storage-probe/rtl/storage_probe.v:138$469'.
     1/1: $0\op_state[30549:30225]
Creating decoders for process `\storage_probe.$proc$/private/tmp/opencode/wt-h02-storage-probe/rtl/storage_probe.v:138$464'.
     1/1: $0\op_state[30224:29900]
Creating decoders for process `\storage_probe.$proc$/private/tmp/opencode/wt-h02-storage-probe/rtl/storage_probe.v:138$459'.
     1/1: $0\op_state[29899:29575]
Creating decoders for process `\storage_probe.$proc$/private/tmp/opencode/wt-h02-storage-probe/rtl/storage_probe.v:138$454'.
     1/1: $0\op_state[29574:29250]
Creating decoders for process `\storage_probe.$proc$/private/tmp/opencode/wt-h02-storage-probe/rtl/storage_probe.v:138$449'.
     1/1: $0\op_state[29249:28925]
Creating decoders for process `\storage_probe.$proc$/private/tmp/opencode/wt-h02-storage-probe/rtl/storage_probe.v:138$444'.
     1/1: $0\op_state[28924:28600]
Creating decoders for process `\storage_probe.$proc$/private/tmp/opencode/wt-h02-storage-probe/rtl/storage_probe.v:138$439'.
     1/1: $0\op_state[28599:28275]
Creating decoders for process `\storage_probe.$proc$/private/tmp/opencode/wt-h02-storage-probe/rtl/storage_probe.v:138$434'.
     1/1: $0\op_state[28274:27950]
Creating decoders for process `\storage_probe.$proc$/private/tmp/opencode/wt-h02-storage-probe/rtl/storage_probe.v:138$429'.
     1/1: $0\op_state[27949:27625]
Creating decoders for process `\storage_probe.$proc$/private/tmp/opencode/wt-h02-storage-probe/rtl/storage_probe.v:138$424'.
     1/1: $0\op_state[27624:27300]
Creating decoders for process `\storage_probe.$proc$/private/tmp/opencode/wt-h02-storage-probe/rtl/storage_probe.v:138$419'.
     1/1: $0\op_state[27299:26975]
Creating decoders for process `\storage_probe.$proc$/private/tmp/opencode/wt-h02-storage-probe/rtl/storage_probe.v:138$414'.
     1/1: $0\op_state[26974:26650]
Creating decoders for process `\storage_probe.$proc$/private/tmp/opencode/wt-h02-storage-probe/rtl/storage_probe.v:138$409'.
     1/1: $0\op_state[26649:26325]
Creating decoders for process `\storage_probe.$proc$/private/tmp/opencode/wt-h02-storage-probe/rtl/storage_probe.v:138$404'.
     1/1: $0\op_state[26324:26000]
Creating decoders for process `\storage_probe.$proc$/private/tmp/opencode/wt-h02-storage-probe/rtl/storage_probe.v:138$399'.
     1/1: $0\op_state[25999:25675]
Creating decoders for process `\storage_probe.$proc$/private/tmp/opencode/wt-h02-storage-probe/rtl/storage_probe.v:138$394'.
     1/1: $0\op_state[25674:25350]
Creating decoders for process `\storage_probe.$proc$/private/tmp/opencode/wt-h02-storage-probe/rtl/storage_probe.v:138$389'.
     1/1: $0\op_state[25349:25025]
Creating decoders for process `\storage_probe.$proc$/private/tmp/opencode/wt-h02-storage-probe/rtl/storage_probe.v:138$384'.
     1/1: $0\op_state[25024:24700]
Creating decoders for process `\storage_probe.$proc$/private/tmp/opencode/wt-h02-storage-probe/rtl/storage_probe.v:138$379'.
     1/1: $0\op_state[24699:24375]
Creating decoders for process `\storage_probe.$proc$/private/tmp/opencode/wt-h02-storage-probe/rtl/storage_probe.v:138$374'.
     1/1: $0\op_state[24374:24050]
Creating decoders for process `\storage_probe.$proc$/private/tmp/opencode/wt-h02-storage-probe/rtl/storage_probe.v:138$369'.
     1/1: $0\op_state[24049:23725]
Creating decoders for process `\storage_probe.$proc$/private/tmp/opencode/wt-h02-storage-probe/rtl/storage_probe.v:138$364'.
     1/1: $0\op_state[23724:23400]
Creating decoders for process `\storage_probe.$proc$/private/tmp/opencode/wt-h02-storage-probe/rtl/storage_probe.v:138$359'.
     1/1: $0\op_state[23399:23075]
Creating decoders for process `\storage_probe.$proc$/private/tmp/opencode/wt-h02-storage-probe/rtl/storage_probe.v:138$354'.
     1/1: $0\op_state[23074:22750]
Creating decoders for process `\storage_probe.$proc$/private/tmp/opencode/wt-h02-storage-probe/rtl/storage_probe.v:138$349'.
     1/1: $0\op_state[22749:22425]
Creating decoders for process `\storage_probe.$proc$/private/tmp/opencode/wt-h02-storage-probe/rtl/storage_probe.v:138$344'.
     1/1: $0\op_state[22424:22100]
Creating decoders for process `\storage_probe.$proc$/private/tmp/opencode/wt-h02-storage-probe/rtl/storage_probe.v:138$339'.
     1/1: $0\op_state[22099:21775]
Creating decoders for process `\storage_probe.$proc$/private/tmp/opencode/wt-h02-storage-probe/rtl/storage_probe.v:138$334'.
     1/1: $0\op_state[21774:21450]
Creating decoders for process `\storage_probe.$proc$/private/tmp/opencode/wt-h02-storage-probe/rtl/storage_probe.v:138$329'.
     1/1: $0\op_state[21449:21125]
Creating decoders for process `\storage_probe.$proc$/private/tmp/opencode/wt-h02-storage-probe/rtl/storage_probe.v:138$324'.
     1/1: $0\op_state[21124:20800]
Creating decoders for process `\storage_probe.$proc$/private/tmp/opencode/wt-h02-storage-probe/rtl/storage_probe.v:138$319'.
     1/1: $0\op_state[20799:20475]
Creating decoders for process `\storage_probe.$proc$/private/tmp/opencode/wt-h02-storage-probe/rtl/storage_probe.v:138$314'.
     1/1: $0\op_state[20474:20150]
Creating decoders for process `\storage_probe.$proc$/private/tmp/opencode/wt-h02-storage-probe/rtl/storage_probe.v:138$309'.
     1/1: $0\op_state[20149:19825]
Creating decoders for process `\storage_probe.$proc$/private/tmp/opencode/wt-h02-storage-probe/rtl/storage_probe.v:138$304'.
     1/1: $0\op_state[19824:19500]
Creating decoders for process `\storage_probe.$proc$/private/tmp/opencode/wt-h02-storage-probe/rtl/storage_probe.v:138$299'.
     1/1: $0\op_state[19499:19175]
Creating decoders for process `\storage_probe.$proc$/private/tmp/opencode/wt-h02-storage-probe/rtl/storage_probe.v:138$294'.
     1/1: $0\op_state[19174:18850]
Creating decoders for process `\storage_probe.$proc$/private/tmp/opencode/wt-h02-storage-probe/rtl/storage_probe.v:138$289'.
     1/1: $0\op_state[18849:18525]
Creating decoders for process `\storage_probe.$proc$/private/tmp/opencode/wt-h02-storage-probe/rtl/storage_probe.v:138$284'.
     1/1: $0\op_state[18524:18200]
Creating decoders for process `\storage_probe.$proc$/private/tmp/opencode/wt-h02-storage-probe/rtl/storage_probe.v:138$279'.
     1/1: $0\op_state[18199:17875]
Creating decoders for process `\storage_probe.$proc$/private/tmp/opencode/wt-h02-storage-probe/rtl/storage_probe.v:138$274'.
     1/1: $0\op_state[17874:17550]
Creating decoders for process `\storage_probe.$proc$/private/tmp/opencode/wt-h02-storage-probe/rtl/storage_probe.v:138$269'.
     1/1: $0\op_state[17549:17225]
Creating decoders for process `\storage_probe.$proc$/private/tmp/opencode/wt-h02-storage-probe/rtl/storage_probe.v:138$264'.
     1/1: $0\op_state[17224:16900]
Creating decoders for process `\storage_probe.$proc$/private/tmp/opencode/wt-h02-storage-probe/rtl/storage_probe.v:138$259'.
     1/1: $0\op_state[16899:16575]
Creating decoders for process `\storage_probe.$proc$/private/tmp/opencode/wt-h02-storage-probe/rtl/storage_probe.v:138$254'.
     1/1: $0\op_state[16574:16250]
Creating decoders for process `\storage_probe.$proc$/private/tmp/opencode/wt-h02-storage-probe/rtl/storage_probe.v:138$249'.
     1/1: $0\op_state[16249:15925]
Creating decoders for process `\storage_probe.$proc$/private/tmp/opencode/wt-h02-storage-probe/rtl/storage_probe.v:138$244'.
     1/1: $0\op_state[15924:15600]
Creating decoders for process `\storage_probe.$proc$/private/tmp/opencode/wt-h02-storage-probe/rtl/storage_probe.v:138$239'.
     1/1: $0\op_state[15599:15275]
Creating decoders for process `\storage_probe.$proc$/private/tmp/opencode/wt-h02-storage-probe/rtl/storage_probe.v:138$234'.
     1/1: $0\op_state[15274:14950]
Creating decoders for process `\storage_probe.$proc$/private/tmp/opencode/wt-h02-storage-probe/rtl/storage_probe.v:138$229'.
     1/1: $0\op_state[14949:14625]
Creating decoders for process `\storage_probe.$proc$/private/tmp/opencode/wt-h02-storage-probe/rtl/storage_probe.v:138$224'.
     1/1: $0\op_state[14624:14300]
Creating decoders for process `\storage_probe.$proc$/private/tmp/opencode/wt-h02-storage-probe/rtl/storage_probe.v:138$219'.
     1/1: $0\op_state[14299:13975]
Creating decoders for process `\storage_probe.$proc$/private/tmp/opencode/wt-h02-storage-probe/rtl/storage_probe.v:138$214'.
     1/1: $0\op_state[13974:13650]
Creating decoders for process `\storage_probe.$proc$/private/tmp/opencode/wt-h02-storage-probe/rtl/storage_probe.v:138$209'.
     1/1: $0\op_state[13649:13325]
Creating decoders for process `\storage_probe.$proc$/private/tmp/opencode/wt-h02-storage-probe/rtl/storage_probe.v:138$204'.
     1/1: $0\op_state[13324:13000]
Creating decoders for process `\storage_probe.$proc$/private/tmp/opencode/wt-h02-storage-probe/rtl/storage_probe.v:138$199'.
     1/1: $0\op_state[12999:12675]
Creating decoders for process `\storage_probe.$proc$/private/tmp/opencode/wt-h02-storage-probe/rtl/storage_probe.v:138$194'.
     1/1: $0\op_state[12674:12350]
Creating decoders for process `\storage_probe.$proc$/private/tmp/opencode/wt-h02-storage-probe/rtl/storage_probe.v:138$189'.
     1/1: $0\op_state[12349:12025]
Creating decoders for process `\storage_probe.$proc$/private/tmp/opencode/wt-h02-storage-probe/rtl/storage_probe.v:138$184'.
     1/1: $0\op_state[12024:11700]
Creating decoders for process `\storage_probe.$proc$/private/tmp/opencode/wt-h02-storage-probe/rtl/storage_probe.v:138$179'.
     1/1: $0\op_state[11699:11375]
Creating decoders for process `\storage_probe.$proc$/private/tmp/opencode/wt-h02-storage-probe/rtl/storage_probe.v:138$174'.
     1/1: $0\op_state[11374:11050]
Creating decoders for process `\storage_probe.$proc$/private/tmp/opencode/wt-h02-storage-probe/rtl/storage_probe.v:138$169'.
     1/1: $0\op_state[11049:10725]
Creating decoders for process `\storage_probe.$proc$/private/tmp/opencode/wt-h02-storage-probe/rtl/storage_probe.v:138$164'.
     1/1: $0\op_state[10724:10400]
Creating decoders for process `\storage_probe.$proc$/private/tmp/opencode/wt-h02-storage-probe/rtl/storage_probe.v:138$159'.
     1/1: $0\op_state[10399:10075]
Creating decoders for process `\storage_probe.$proc$/private/tmp/opencode/wt-h02-storage-probe/rtl/storage_probe.v:138$154'.
     1/1: $0\op_state[10074:9750]
Creating decoders for process `\storage_probe.$proc$/private/tmp/opencode/wt-h02-storage-probe/rtl/storage_probe.v:138$149'.
     1/1: $0\op_state[9749:9425]
Creating decoders for process `\storage_probe.$proc$/private/tmp/opencode/wt-h02-storage-probe/rtl/storage_probe.v:138$144'.
     1/1: $0\op_state[9424:9100]
Creating decoders for process `\storage_probe.$proc$/private/tmp/opencode/wt-h02-storage-probe/rtl/storage_probe.v:138$139'.
     1/1: $0\op_state[9099:8775]
Creating decoders for process `\storage_probe.$proc$/private/tmp/opencode/wt-h02-storage-probe/rtl/storage_probe.v:138$134'.
     1/1: $0\op_state[8774:8450]
Creating decoders for process `\storage_probe.$proc$/private/tmp/opencode/wt-h02-storage-probe/rtl/storage_probe.v:138$129'.
     1/1: $0\op_state[8449:8125]
Creating decoders for process `\storage_probe.$proc$/private/tmp/opencode/wt-h02-storage-probe/rtl/storage_probe.v:138$124'.
     1/1: $0\op_state[8124:7800]
Creating decoders for process `\storage_probe.$proc$/private/tmp/opencode/wt-h02-storage-probe/rtl/storage_probe.v:138$119'.
     1/1: $0\op_state[7799:7475]
Creating decoders for process `\storage_probe.$proc$/private/tmp/opencode/wt-h02-storage-probe/rtl/storage_probe.v:138$114'.
     1/1: $0\op_state[7474:7150]
Creating decoders for process `\storage_probe.$proc$/private/tmp/opencode/wt-h02-storage-probe/rtl/storage_probe.v:138$109'.
     1/1: $0\op_state[7149:6825]
Creating decoders for process `\storage_probe.$proc$/private/tmp/opencode/wt-h02-storage-probe/rtl/storage_probe.v:138$104'.
     1/1: $0\op_state[6824:6500]
Creating decoders for process `\storage_probe.$proc$/private/tmp/opencode/wt-h02-storage-probe/rtl/storage_probe.v:138$99'.
     1/1: $0\op_state[6499:6175]
Creating decoders for process `\storage_probe.$proc$/private/tmp/opencode/wt-h02-storage-probe/rtl/storage_probe.v:138$94'.
     1/1: $0\op_state[6174:5850]
Creating decoders for process `\storage_probe.$proc$/private/tmp/opencode/wt-h02-storage-probe/rtl/storage_probe.v:138$89'.
     1/1: $0\op_state[5849:5525]
Creating decoders for process `\storage_probe.$proc$/private/tmp/opencode/wt-h02-storage-probe/rtl/storage_probe.v:138$84'.
     1/1: $0\op_state[5524:5200]
Creating decoders for process `\storage_probe.$proc$/private/tmp/opencode/wt-h02-storage-probe/rtl/storage_probe.v:138$79'.
     1/1: $0\op_state[5199:4875]
Creating decoders for process `\storage_probe.$proc$/private/tmp/opencode/wt-h02-storage-probe/rtl/storage_probe.v:138$74'.
     1/1: $0\op_state[4874:4550]
Creating decoders for process `\storage_probe.$proc$/private/tmp/opencode/wt-h02-storage-probe/rtl/storage_probe.v:138$69'.
     1/1: $0\op_state[4549:4225]
Creating decoders for process `\storage_probe.$proc$/private/tmp/opencode/wt-h02-storage-probe/rtl/storage_probe.v:138$64'.
     1/1: $0\op_state[4224:3900]
Creating decoders for process `\storage_probe.$proc$/private/tmp/opencode/wt-h02-storage-probe/rtl/storage_probe.v:138$59'.
     1/1: $0\op_state[3899:3575]
Creating decoders for process `\storage_probe.$proc$/private/tmp/opencode/wt-h02-storage-probe/rtl/storage_probe.v:138$54'.
     1/1: $0\op_state[3574:3250]
Creating decoders for process `\storage_probe.$proc$/private/tmp/opencode/wt-h02-storage-probe/rtl/storage_probe.v:138$49'.
     1/1: $0\op_state[3249:2925]
Creating decoders for process `\storage_probe.$proc$/private/tmp/opencode/wt-h02-storage-probe/rtl/storage_probe.v:138$44'.
     1/1: $0\op_state[2924:2600]
Creating decoders for process `\storage_probe.$proc$/private/tmp/opencode/wt-h02-storage-probe/rtl/storage_probe.v:138$39'.
     1/1: $0\op_state[2599:2275]
Creating decoders for process `\storage_probe.$proc$/private/tmp/opencode/wt-h02-storage-probe/rtl/storage_probe.v:138$34'.
     1/1: $0\op_state[2274:1950]
Creating decoders for process `\storage_probe.$proc$/private/tmp/opencode/wt-h02-storage-probe/rtl/storage_probe.v:138$29'.
     1/1: $0\op_state[1949:1625]
Creating decoders for process `\storage_probe.$proc$/private/tmp/opencode/wt-h02-storage-probe/rtl/storage_probe.v:138$24'.
     1/1: $0\op_state[1624:1300]
Creating decoders for process `\storage_probe.$proc$/private/tmp/opencode/wt-h02-storage-probe/rtl/storage_probe.v:138$19'.
     1/1: $0\op_state[1299:975]
Creating decoders for process `\storage_probe.$proc$/private/tmp/opencode/wt-h02-storage-probe/rtl/storage_probe.v:138$14'.
     1/1: $0\op_state[974:650]
Creating decoders for process `\storage_probe.$proc$/private/tmp/opencode/wt-h02-storage-probe/rtl/storage_probe.v:138$9'.
     1/1: $0\op_state[649:325]
Creating decoders for process `\storage_probe.$proc$/private/tmp/opencode/wt-h02-storage-probe/rtl/storage_probe.v:138$4'.
     1/1: $0\op_state[324:0]
Creating decoders for process `\storage_probe.$proc$/private/tmp/opencode/wt-h02-storage-probe/rtl/storage_probe.v:149$1'.
     1/1: $0\patch_state[443:0]

3.2.8. Executing PROC_DLATCH pass (convert process syncs to latches).

3.2.9. Executing PROC_DFF pass (convert process syncs to FFs).
Creating register for signal `\storage_probe.\note_state [7135:6690]' using process `\storage_probe.$proc$/private/tmp/opencode/wt-h02-storage-probe/rtl/storage_probe.v:144$559'.
  created $dff cell `$procdff$790' with positive edge clock.
Creating register for signal `\storage_probe.\note_state [6689:6244]' using process `\storage_probe.$proc$/private/tmp/opencode/wt-h02-storage-probe/rtl/storage_probe.v:144$554'.
  created $dff cell `$procdff$791' with positive edge clock.
Creating register for signal `\storage_probe.\note_state [6243:5798]' using process `\storage_probe.$proc$/private/tmp/opencode/wt-h02-storage-probe/rtl/storage_probe.v:144$549'.
  created $dff cell `$procdff$792' with positive edge clock.
Creating register for signal `\storage_probe.\note_state [5797:5352]' using process `\storage_probe.$proc$/private/tmp/opencode/wt-h02-storage-probe/rtl/storage_probe.v:144$544'.
  created $dff cell `$procdff$793' with positive edge clock.
Creating register for signal `\storage_probe.\note_state [5351:4906]' using process `\storage_probe.$proc$/private/tmp/opencode/wt-h02-storage-probe/rtl/storage_probe.v:144$539'.
  created $dff cell `$procdff$794' with positive edge clock.
Creating register for signal `\storage_probe.\note_state [4905:4460]' using process `\storage_probe.$proc$/private/tmp/opencode/wt-h02-storage-probe/rtl/storage_probe.v:144$534'.
  created $dff cell `$procdff$795' with positive edge clock.
Creating register for signal `\storage_probe.\note_state [4459:4014]' using process `\storage_probe.$proc$/private/tmp/opencode/wt-h02-storage-probe/rtl/storage_probe.v:144$529'.
  created $dff cell `$procdff$796' with positive edge clock.
Creating register for signal `\storage_probe.\note_state [4013:3568]' using process `\storage_probe.$proc$/private/tmp/opencode/wt-h02-storage-probe/rtl/storage_probe.v:144$524'.
  created $dff cell `$procdff$797' with positive edge clock.
Creating register for signal `\storage_probe.\note_state [3567:3122]' using process `\storage_probe.$proc$/private/tmp/opencode/wt-h02-storage-probe/rtl/storage_probe.v:144$519'.
  created $dff cell `$procdff$798' with positive edge clock.
Creating register for signal `\storage_probe.\note_state [3121:2676]' using process `\storage_probe.$proc$/private/tmp/opencode/wt-h02-storage-probe/rtl/storage_probe.v:144$514'.
  created $dff cell `$procdff$799' with positive edge clock.
Creating register for signal `\storage_probe.\note_state [2675:2230]' using process `\storage_probe.$proc$/private/tmp/opencode/wt-h02-storage-probe/rtl/storage_probe.v:144$509'.
  created $dff cell `$procdff$800' with positive edge clock.
Creating register for signal `\storage_probe.\note_state [2229:1784]' using process `\storage_probe.$proc$/private/tmp/opencode/wt-h02-storage-probe/rtl/storage_probe.v:144$504'.
  created $dff cell `$procdff$801' with positive edge clock.
Creating register for signal `\storage_probe.\note_state [1783:1338]' using process `\storage_probe.$proc$/private/tmp/opencode/wt-h02-storage-probe/rtl/storage_probe.v:144$499'.
  created $dff cell `$procdff$802' with positive edge clock.
Creating register for signal `\storage_probe.\note_state [1337:892]' using process `\storage_probe.$proc$/private/tmp/opencode/wt-h02-storage-probe/rtl/storage_probe.v:144$494'.
  created $dff cell `$procdff$803' with positive edge clock.
Creating register for signal `\storage_probe.\note_state [891:446]' using process `\storage_probe.$proc$/private/tmp/opencode/wt-h02-storage-probe/rtl/storage_probe.v:144$489'.
  created $dff cell `$procdff$804' with positive edge clock.
Creating register for signal `\storage_probe.\note_state [445:0]' using process `\storage_probe.$proc$/private/tmp/opencode/wt-h02-storage-probe/rtl/storage_probe.v:144$484'.
  created $dff cell `$procdff$805' with positive edge clock.
Creating register for signal `\storage_probe.\op_state [31199:30875]' using process `\storage_probe.$proc$/private/tmp/opencode/wt-h02-storage-probe/rtl/storage_probe.v:138$479'.
  created $dff cell `$procdff$806' with positive edge clock.
Creating register for signal `\storage_probe.\op_state [30874:30550]' using process `\storage_probe.$proc$/private/tmp/opencode/wt-h02-storage-probe/rtl/storage_probe.v:138$474'.
  created $dff cell `$procdff$807' with positive edge clock.
Creating register for signal `\storage_probe.\op_state [30549:30225]' using process `\storage_probe.$proc$/private/tmp/opencode/wt-h02-storage-probe/rtl/storage_probe.v:138$469'.
  created $dff cell `$procdff$808' with positive edge clock.
Creating register for signal `\storage_probe.\op_state [30224:29900]' using process `\storage_probe.$proc$/private/tmp/opencode/wt-h02-storage-probe/rtl/storage_probe.v:138$464'.
  created $dff cell `$procdff$809' with positive edge clock.
Creating register for signal `\storage_probe.\op_state [29899:29575]' using process `\storage_probe.$proc$/private/tmp/opencode/wt-h02-storage-probe/rtl/storage_probe.v:138$459'.
  created $dff cell `$procdff$810' with positive edge clock.
Creating register for signal `\storage_probe.\op_state [29574:29250]' using process `\storage_probe.$proc$/private/tmp/opencode/wt-h02-storage-probe/rtl/storage_probe.v:138$454'.
  created $dff cell `$procdff$811' with positive edge clock.
Creating register for signal `\storage_probe.\op_state [29249:28925]' using process `\storage_probe.$proc$/private/tmp/opencode/wt-h02-storage-probe/rtl/storage_probe.v:138$449'.
  created $dff cell `$procdff$812' with positive edge clock.
Creating register for signal `\storage_probe.\op_state [28924:28600]' using process `\storage_probe.$proc$/private/tmp/opencode/wt-h02-storage-probe/rtl/storage_probe.v:138$444'.
  created $dff cell `$procdff$813' with positive edge clock.
Creating register for signal `\storage_probe.\op_state [28599:28275]' using process `\storage_probe.$proc$/private/tmp/opencode/wt-h02-storage-probe/rtl/storage_probe.v:138$439'.
  created $dff cell `$procdff$814' with positive edge clock.
Creating register for signal `\storage_probe.\op_state [28274:27950]' using process `\storage_probe.$proc$/private/tmp/opencode/wt-h02-storage-probe/rtl/storage_probe.v:138$434'.
  created $dff cell `$procdff$815' with positive edge clock.
Creating register for signal `\storage_probe.\op_state [27949:27625]' using process `\storage_probe.$proc$/private/tmp/opencode/wt-h02-storage-probe/rtl/storage_probe.v:138$429'.
  created $dff cell `$procdff$816' with positive edge clock.
Creating register for signal `\storage_probe.\op_state [27624:27300]' using process `\storage_probe.$proc$/private/tmp/opencode/wt-h02-storage-probe/rtl/storage_probe.v:138$424'.
  created $dff cell `$procdff$817' with positive edge clock.
Creating register for signal `\storage_probe.\op_state [27299:26975]' using process `\storage_probe.$proc$/private/tmp/opencode/wt-h02-storage-probe/rtl/storage_probe.v:138$419'.
  created $dff cell `$procdff$818' with positive edge clock.
Creating register for signal `\storage_probe.\op_state [26974:26650]' using process `\storage_probe.$proc$/private/tmp/opencode/wt-h02-storage-probe/rtl/storage_probe.v:138$414'.
  created $dff cell `$procdff$819' with positive edge clock.
Creating register for signal `\storage_probe.\op_state [26649:26325]' using process `\storage_probe.$proc$/private/tmp/opencode/wt-h02-storage-probe/rtl/storage_probe.v:138$409'.
  created $dff cell `$procdff$820' with positive edge clock.
Creating register for signal `\storage_probe.\op_state [26324:26000]' using process `\storage_probe.$proc$/private/tmp/opencode/wt-h02-storage-probe/rtl/storage_probe.v:138$404'.
  created $dff cell `$procdff$821' with positive edge clock.
Creating register for signal `\storage_probe.\op_state [25999:25675]' using process `\storage_probe.$proc$/private/tmp/opencode/wt-h02-storage-probe/rtl/storage_probe.v:138$399'.
  created $dff cell `$procdff$822' with positive edge clock.
Creating register for signal `\storage_probe.\op_state [25674:25350]' using process `\storage_probe.$proc$/private/tmp/opencode/wt-h02-storage-probe/rtl/storage_probe.v:138$394'.
  created $dff cell `$procdff$823' with positive edge clock.
Creating register for signal `\storage_probe.\op_state [25349:25025]' using process `\storage_probe.$proc$/private/tmp/opencode/wt-h02-storage-probe/rtl/storage_probe.v:138$389'.
  created $dff cell `$procdff$824' with positive edge clock.
Creating register for signal `\storage_probe.\op_state [25024:24700]' using process `\storage_probe.$proc$/private/tmp/opencode/wt-h02-storage-probe/rtl/storage_probe.v:138$384'.
  created $dff cell `$procdff$825' with positive edge clock.
Creating register for signal `\storage_probe.\op_state [24699:24375]' using process `\storage_probe.$proc$/private/tmp/opencode/wt-h02-storage-probe/rtl/storage_probe.v:138$379'.
  created $dff cell `$procdff$826' with positive edge clock.
Creating register for signal `\storage_probe.\op_state [24374:24050]' using process `\storage_probe.$proc$/private/tmp/opencode/wt-h02-storage-probe/rtl/storage_probe.v:138$374'.
  created $dff cell `$procdff$827' with positive edge clock.
Creating register for signal `\storage_probe.\op_state [24049:23725]' using process `\storage_probe.$proc$/private/tmp/opencode/wt-h02-storage-probe/rtl/storage_probe.v:138$369'.
  created $dff cell `$procdff$828' with positive edge clock.
Creating register for signal `\storage_probe.\op_state [23724:23400]' using process `\storage_probe.$proc$/private/tmp/opencode/wt-h02-storage-probe/rtl/storage_probe.v:138$364'.
  created $dff cell `$procdff$829' with positive edge clock.
Creating register for signal `\storage_probe.\op_state [23399:23075]' using process `\storage_probe.$proc$/private/tmp/opencode/wt-h02-storage-probe/rtl/storage_probe.v:138$359'.
  created $dff cell `$procdff$830' with positive edge clock.
Creating register for signal `\storage_probe.\op_state [23074:22750]' using process `\storage_probe.$proc$/private/tmp/opencode/wt-h02-storage-probe/rtl/storage_probe.v:138$354'.
  created $dff cell `$procdff$831' with positive edge clock.
Creating register for signal `\storage_probe.\op_state [22749:22425]' using process `\storage_probe.$proc$/private/tmp/opencode/wt-h02-storage-probe/rtl/storage_probe.v:138$349'.
  created $dff cell `$procdff$832' with positive edge clock.
Creating register for signal `\storage_probe.\op_state [22424:22100]' using process `\storage_probe.$proc$/private/tmp/opencode/wt-h02-storage-probe/rtl/storage_probe.v:138$344'.
  created $dff cell `$procdff$833' with positive edge clock.
Creating register for signal `\storage_probe.\op_state [22099:21775]' using process `\storage_probe.$proc$/private/tmp/opencode/wt-h02-storage-probe/rtl/storage_probe.v:138$339'.
  created $dff cell `$procdff$834' with positive edge clock.
Creating register for signal `\storage_probe.\op_state [21774:21450]' using process `\storage_probe.$proc$/private/tmp/opencode/wt-h02-storage-probe/rtl/storage_probe.v:138$334'.
  created $dff cell `$procdff$835' with positive edge clock.
Creating register for signal `\storage_probe.\op_state [21449:21125]' using process `\storage_probe.$proc$/private/tmp/opencode/wt-h02-storage-probe/rtl/storage_probe.v:138$329'.
  created $dff cell `$procdff$836' with positive edge clock.
Creating register for signal `\storage_probe.\op_state [21124:20800]' using process `\storage_probe.$proc$/private/tmp/opencode/wt-h02-storage-probe/rtl/storage_probe.v:138$324'.
  created $dff cell `$procdff$837' with positive edge clock.
Creating register for signal `\storage_probe.\op_state [20799:20475]' using process `\storage_probe.$proc$/private/tmp/opencode/wt-h02-storage-probe/rtl/storage_probe.v:138$319'.
  created $dff cell `$procdff$838' with positive edge clock.
Creating register for signal `\storage_probe.\op_state [20474:20150]' using process `\storage_probe.$proc$/private/tmp/opencode/wt-h02-storage-probe/rtl/storage_probe.v:138$314'.
  created $dff cell `$procdff$839' with positive edge clock.
Creating register for signal `\storage_probe.\op_state [20149:19825]' using process `\storage_probe.$proc$/private/tmp/opencode/wt-h02-storage-probe/rtl/storage_probe.v:138$309'.
  created $dff cell `$procdff$840' with positive edge clock.
Creating register for signal `\storage_probe.\op_state [19824:19500]' using process `\storage_probe.$proc$/private/tmp/opencode/wt-h02-storage-probe/rtl/storage_probe.v:138$304'.
  created $dff cell `$procdff$841' with positive edge clock.
Creating register for signal `\storage_probe.\op_state [19499:19175]' using process `\storage_probe.$proc$/private/tmp/opencode/wt-h02-storage-probe/rtl/storage_probe.v:138$299'.
  created $dff cell `$procdff$842' with positive edge clock.
Creating register for signal `\storage_probe.\op_state [19174:18850]' using process `\storage_probe.$proc$/private/tmp/opencode/wt-h02-storage-probe/rtl/storage_probe.v:138$294'.
  created $dff cell `$procdff$843' with positive edge clock.
Creating register for signal `\storage_probe.\op_state [18849:18525]' using process `\storage_probe.$proc$/private/tmp/opencode/wt-h02-storage-probe/rtl/storage_probe.v:138$289'.
  created $dff cell `$procdff$844' with positive edge clock.
Creating register for signal `\storage_probe.\op_state [18524:18200]' using process `\storage_probe.$proc$/private/tmp/opencode/wt-h02-storage-probe/rtl/storage_probe.v:138$284'.
  created $dff cell `$procdff$845' with positive edge clock.
Creating register for signal `\storage_probe.\op_state [18199:17875]' using process `\storage_probe.$proc$/private/tmp/opencode/wt-h02-storage-probe/rtl/storage_probe.v:138$279'.
  created $dff cell `$procdff$846' with positive edge clock.
Creating register for signal `\storage_probe.\op_state [17874:17550]' using process `\storage_probe.$proc$/private/tmp/opencode/wt-h02-storage-probe/rtl/storage_probe.v:138$274'.
  created $dff cell `$procdff$847' with positive edge clock.
Creating register for signal `\storage_probe.\op_state [17549:17225]' using process `\storage_probe.$proc$/private/tmp/opencode/wt-h02-storage-probe/rtl/storage_probe.v:138$269'.
  created $dff cell `$procdff$848' with positive edge clock.
Creating register for signal `\storage_probe.\op_state [17224:16900]' using process `\storage_probe.$proc$/private/tmp/opencode/wt-h02-storage-probe/rtl/storage_probe.v:138$264'.
  created $dff cell `$procdff$849' with positive edge clock.
Creating register for signal `\storage_probe.\op_state [16899:16575]' using process `\storage_probe.$proc$/private/tmp/opencode/wt-h02-storage-probe/rtl/storage_probe.v:138$259'.
  created $dff cell `$procdff$850' with positive edge clock.
Creating register for signal `\storage_probe.\op_state [16574:16250]' using process `\storage_probe.$proc$/private/tmp/opencode/wt-h02-storage-probe/rtl/storage_probe.v:138$254'.
  created $dff cell `$procdff$851' with positive edge clock.
Creating register for signal `\storage_probe.\op_state [16249:15925]' using process `\storage_probe.$proc$/private/tmp/opencode/wt-h02-storage-probe/rtl/storage_probe.v:138$249'.
  created $dff cell `$procdff$852' with positive edge clock.
Creating register for signal `\storage_probe.\op_state [15924:15600]' using process `\storage_probe.$proc$/private/tmp/opencode/wt-h02-storage-probe/rtl/storage_probe.v:138$244'.
  created $dff cell `$procdff$853' with positive edge clock.
Creating register for signal `\storage_probe.\op_state [15599:15275]' using process `\storage_probe.$proc$/private/tmp/opencode/wt-h02-storage-probe/rtl/storage_probe.v:138$239'.
  created $dff cell `$procdff$854' with positive edge clock.
Creating register for signal `\storage_probe.\op_state [15274:14950]' using process `\storage_probe.$proc$/private/tmp/opencode/wt-h02-storage-probe/rtl/storage_probe.v:138$234'.
  created $dff cell `$procdff$855' with positive edge clock.
Creating register for signal `\storage_probe.\op_state [14949:14625]' using process `\storage_probe.$proc$/private/tmp/opencode/wt-h02-storage-probe/rtl/storage_probe.v:138$229'.
  created $dff cell `$procdff$856' with positive edge clock.
Creating register for signal `\storage_probe.\op_state [14624:14300]' using process `\storage_probe.$proc$/private/tmp/opencode/wt-h02-storage-probe/rtl/storage_probe.v:138$224'.
  created $dff cell `$procdff$857' with positive edge clock.
Creating register for signal `\storage_probe.\op_state [14299:13975]' using process `\storage_probe.$proc$/private/tmp/opencode/wt-h02-storage-probe/rtl/storage_probe.v:138$219'.
  created $dff cell `$procdff$858' with positive edge clock.
Creating register for signal `\storage_probe.\op_state [13974:13650]' using process `\storage_probe.$proc$/private/tmp/opencode/wt-h02-storage-probe/rtl/storage_probe.v:138$214'.
  created $dff cell `$procdff$859' with positive edge clock.
Creating register for signal `\storage_probe.\op_state [13649:13325]' using process `\storage_probe.$proc$/private/tmp/opencode/wt-h02-storage-probe/rtl/storage_probe.v:138$209'.
  created $dff cell `$procdff$860' with positive edge clock.
Creating register for signal `\storage_probe.\op_state [13324:13000]' using process `\storage_probe.$proc$/private/tmp/opencode/wt-h02-storage-probe/rtl/storage_probe.v:138$204'.
  created $dff cell `$procdff$861' with positive edge clock.
Creating register for signal `\storage_probe.\op_state [12999:12675]' using process `\storage_probe.$proc$/private/tmp/opencode/wt-h02-storage-probe/rtl/storage_probe.v:138$199'.
  created $dff cell `$procdff$862' with positive edge clock.
Creating register for signal `\storage_probe.\op_state [12674:12350]' using process `\storage_probe.$proc$/private/tmp/opencode/wt-h02-storage-probe/rtl/storage_probe.v:138$194'.
  created $dff cell `$procdff$863' with positive edge clock.
Creating register for signal `\storage_probe.\op_state [12349:12025]' using process `\storage_probe.$proc$/private/tmp/opencode/wt-h02-storage-probe/rtl/storage_probe.v:138$189'.
  created $dff cell `$procdff$864' with positive edge clock.
Creating register for signal `\storage_probe.\op_state [12024:11700]' using process `\storage_probe.$proc$/private/tmp/opencode/wt-h02-storage-probe/rtl/storage_probe.v:138$184'.
  created $dff cell `$procdff$865' with positive edge clock.
Creating register for signal `\storage_probe.\op_state [11699:11375]' using process `\storage_probe.$proc$/private/tmp/opencode/wt-h02-storage-probe/rtl/storage_probe.v:138$179'.
  created $dff cell `$procdff$866' with positive edge clock.
Creating register for signal `\storage_probe.\op_state [11374:11050]' using process `\storage_probe.$proc$/private/tmp/opencode/wt-h02-storage-probe/rtl/storage_probe.v:138$174'.
  created $dff cell `$procdff$867' with positive edge clock.
Creating register for signal `\storage_probe.\op_state [11049:10725]' using process `\storage_probe.$proc$/private/tmp/opencode/wt-h02-storage-probe/rtl/storage_probe.v:138$169'.
  created $dff cell `$procdff$868' with positive edge clock.
Creating register for signal `\storage_probe.\op_state [10724:10400]' using process `\storage_probe.$proc$/private/tmp/opencode/wt-h02-storage-probe/rtl/storage_probe.v:138$164'.
  created $dff cell `$procdff$869' with positive edge clock.
Creating register for signal `\storage_probe.\op_state [10399:10075]' using process `\storage_probe.$proc$/private/tmp/opencode/wt-h02-storage-probe/rtl/storage_probe.v:138$159'.
  created $dff cell `$procdff$870' with positive edge clock.
Creating register for signal `\storage_probe.\op_state [10074:9750]' using process `\storage_probe.$proc$/private/tmp/opencode/wt-h02-storage-probe/rtl/storage_probe.v:138$154'.
  created $dff cell `$procdff$871' with positive edge clock.
Creating register for signal `\storage_probe.\op_state [9749:9425]' using process `\storage_probe.$proc$/private/tmp/opencode/wt-h02-storage-probe/rtl/storage_probe.v:138$149'.
  created $dff cell `$procdff$872' with positive edge clock.
Creating register for signal `\storage_probe.\op_state [9424:9100]' using process `\storage_probe.$proc$/private/tmp/opencode/wt-h02-storage-probe/rtl/storage_probe.v:138$144'.
  created $dff cell `$procdff$873' with positive edge clock.
Creating register for signal `\storage_probe.\op_state [9099:8775]' using process `\storage_probe.$proc$/private/tmp/opencode/wt-h02-storage-probe/rtl/storage_probe.v:138$139'.
  created $dff cell `$procdff$874' with positive edge clock.
Creating register for signal `\storage_probe.\op_state [8774:8450]' using process `\storage_probe.$proc$/private/tmp/opencode/wt-h02-storage-probe/rtl/storage_probe.v:138$134'.
  created $dff cell `$procdff$875' with positive edge clock.
Creating register for signal `\storage_probe.\op_state [8449:8125]' using process `\storage_probe.$proc$/private/tmp/opencode/wt-h02-storage-probe/rtl/storage_probe.v:138$129'.
  created $dff cell `$procdff$876' with positive edge clock.
Creating register for signal `\storage_probe.\op_state [8124:7800]' using process `\storage_probe.$proc$/private/tmp/opencode/wt-h02-storage-probe/rtl/storage_probe.v:138$124'.
  created $dff cell `$procdff$877' with positive edge clock.
Creating register for signal `\storage_probe.\op_state [7799:7475]' using process `\storage_probe.$proc$/private/tmp/opencode/wt-h02-storage-probe/rtl/storage_probe.v:138$119'.
  created $dff cell `$procdff$878' with positive edge clock.
Creating register for signal `\storage_probe.\op_state [7474:7150]' using process `\storage_probe.$proc$/private/tmp/opencode/wt-h02-storage-probe/rtl/storage_probe.v:138$114'.
  created $dff cell `$procdff$879' with positive edge clock.
Creating register for signal `\storage_probe.\op_state [7149:6825]' using process `\storage_probe.$proc$/private/tmp/opencode/wt-h02-storage-probe/rtl/storage_probe.v:138$109'.
  created $dff cell `$procdff$880' with positive edge clock.
Creating register for signal `\storage_probe.\op_state [6824:6500]' using process `\storage_probe.$proc$/private/tmp/opencode/wt-h02-storage-probe/rtl/storage_probe.v:138$104'.
  created $dff cell `$procdff$881' with positive edge clock.
Creating register for signal `\storage_probe.\op_state [6499:6175]' using process `\storage_probe.$proc$/private/tmp/opencode/wt-h02-storage-probe/rtl/storage_probe.v:138$99'.
  created $dff cell `$procdff$882' with positive edge clock.
Creating register for signal `\storage_probe.\op_state [6174:5850]' using process `\storage_probe.$proc$/private/tmp/opencode/wt-h02-storage-probe/rtl/storage_probe.v:138$94'.
  created $dff cell `$procdff$883' with positive edge clock.
Creating register for signal `\storage_probe.\op_state [5849:5525]' using process `\storage_probe.$proc$/private/tmp/opencode/wt-h02-storage-probe/rtl/storage_probe.v:138$89'.
  created $dff cell `$procdff$884' with positive edge clock.
Creating register for signal `\storage_probe.\op_state [5524:5200]' using process `\storage_probe.$proc$/private/tmp/opencode/wt-h02-storage-probe/rtl/storage_probe.v:138$84'.
  created $dff cell `$procdff$885' with positive edge clock.
Creating register for signal `\storage_probe.\op_state [5199:4875]' using process `\storage_probe.$proc$/private/tmp/opencode/wt-h02-storage-probe/rtl/storage_probe.v:138$79'.
  created $dff cell `$procdff$886' with positive edge clock.
Creating register for signal `\storage_probe.\op_state [4874:4550]' using process `\storage_probe.$proc$/private/tmp/opencode/wt-h02-storage-probe/rtl/storage_probe.v:138$74'.
  created $dff cell `$procdff$887' with positive edge clock.
Creating register for signal `\storage_probe.\op_state [4549:4225]' using process `\storage_probe.$proc$/private/tmp/opencode/wt-h02-storage-probe/rtl/storage_probe.v:138$69'.
  created $dff cell `$procdff$888' with positive edge clock.
Creating register for signal `\storage_probe.\op_state [4224:3900]' using process `\storage_probe.$proc$/private/tmp/opencode/wt-h02-storage-probe/rtl/storage_probe.v:138$64'.
  created $dff cell `$procdff$889' with positive edge clock.
Creating register for signal `\storage_probe.\op_state [3899:3575]' using process `\storage_probe.$proc$/private/tmp/opencode/wt-h02-storage-probe/rtl/storage_probe.v:138$59'.
  created $dff cell `$procdff$890' with positive edge clock.
Creating register for signal `\storage_probe.\op_state [3574:3250]' using process `\storage_probe.$proc$/private/tmp/opencode/wt-h02-storage-probe/rtl/storage_probe.v:138$54'.
  created $dff cell `$procdff$891' with positive edge clock.
Creating register for signal `\storage_probe.\op_state [3249:2925]' using process `\storage_probe.$proc$/private/tmp/opencode/wt-h02-storage-probe/rtl/storage_probe.v:138$49'.
  created $dff cell `$procdff$892' with positive edge clock.
Creating register for signal `\storage_probe.\op_state [2924:2600]' using process `\storage_probe.$proc$/private/tmp/opencode/wt-h02-storage-probe/rtl/storage_probe.v:138$44'.
  created $dff cell `$procdff$893' with positive edge clock.
Creating register for signal `\storage_probe.\op_state [2599:2275]' using process `\storage_probe.$proc$/private/tmp/opencode/wt-h02-storage-probe/rtl/storage_probe.v:138$39'.
  created $dff cell `$procdff$894' with positive edge clock.
Creating register for signal `\storage_probe.\op_state [2274:1950]' using process `\storage_probe.$proc$/private/tmp/opencode/wt-h02-storage-probe/rtl/storage_probe.v:138$34'.
  created $dff cell `$procdff$895' with positive edge clock.
Creating register for signal `\storage_probe.\op_state [1949:1625]' using process `\storage_probe.$proc$/private/tmp/opencode/wt-h02-storage-probe/rtl/storage_probe.v:138$29'.
  created $dff cell `$procdff$896' with positive edge clock.
Creating register for signal `\storage_probe.\op_state [1624:1300]' using process `\storage_probe.$proc$/private/tmp/opencode/wt-h02-storage-probe/rtl/storage_probe.v:138$24'.
  created $dff cell `$procdff$897' with positive edge clock.
Creating register for signal `\storage_probe.\op_state [1299:975]' using process `\storage_probe.$proc$/private/tmp/opencode/wt-h02-storage-probe/rtl/storage_probe.v:138$19'.
  created $dff cell `$procdff$898' with positive edge clock.
Creating register for signal `\storage_probe.\op_state [974:650]' using process `\storage_probe.$proc$/private/tmp/opencode/wt-h02-storage-probe/rtl/storage_probe.v:138$14'.
  created $dff cell `$procdff$899' with positive edge clock.
Creating register for signal `\storage_probe.\op_state [649:325]' using process `\storage_probe.$proc$/private/tmp/opencode/wt-h02-storage-probe/rtl/storage_probe.v:138$9'.
  created $dff cell `$procdff$900' with positive edge clock.
Creating register for signal `\storage_probe.\op_state [324:0]' using process `\storage_probe.$proc$/private/tmp/opencode/wt-h02-storage-probe/rtl/storage_probe.v:138$4'.
  created $dff cell `$procdff$901' with positive edge clock.
Creating register for signal `\storage_probe.\patch_state' using process `\storage_probe.$proc$/private/tmp/opencode/wt-h02-storage-probe/rtl/storage_probe.v:149$1'.
  created $dff cell `$procdff$902' with positive edge clock.

3.2.10. Executing PROC_MEMWR pass (convert process memory writes to cells).

3.2.11. Executing PROC_CLEAN pass (remove empty switches from decision trees).
Found and cleaned up 1 empty switch in `\storage_probe.$proc$/private/tmp/opencode/wt-h02-storage-probe/rtl/storage_probe.v:144$559'.
Removing empty process `storage_probe.$proc$/private/tmp/opencode/wt-h02-storage-probe/rtl/storage_probe.v:144$559'.
Found and cleaned up 1 empty switch in `\storage_probe.$proc$/private/tmp/opencode/wt-h02-storage-probe/rtl/storage_probe.v:144$554'.
Removing empty process `storage_probe.$proc$/private/tmp/opencode/wt-h02-storage-probe/rtl/storage_probe.v:144$554'.
Found and cleaned up 1 empty switch in `\storage_probe.$proc$/private/tmp/opencode/wt-h02-storage-probe/rtl/storage_probe.v:144$549'.
Removing empty process `storage_probe.$proc$/private/tmp/opencode/wt-h02-storage-probe/rtl/storage_probe.v:144$549'.
Found and cleaned up 1 empty switch in `\storage_probe.$proc$/private/tmp/opencode/wt-h02-storage-probe/rtl/storage_probe.v:144$544'.
Removing empty process `storage_probe.$proc$/private/tmp/opencode/wt-h02-storage-probe/rtl/storage_probe.v:144$544'.
Found and cleaned up 1 empty switch in `\storage_probe.$proc$/private/tmp/opencode/wt-h02-storage-probe/rtl/storage_probe.v:144$539'.
Removing empty process `storage_probe.$proc$/private/tmp/opencode/wt-h02-storage-probe/rtl/storage_probe.v:144$539'.
Found and cleaned up 1 empty switch in `\storage_probe.$proc$/private/tmp/opencode/wt-h02-storage-probe/rtl/storage_probe.v:144$534'.
Removing empty process `storage_probe.$proc$/private/tmp/opencode/wt-h02-storage-probe/rtl/storage_probe.v:144$534'.
Found and cleaned up 1 empty switch in `\storage_probe.$proc$/private/tmp/opencode/wt-h02-storage-probe/rtl/storage_probe.v:144$529'.
Removing empty process `storage_probe.$proc$/private/tmp/opencode/wt-h02-storage-probe/rtl/storage_probe.v:144$529'.
Found and cleaned up 1 empty switch in `\storage_probe.$proc$/private/tmp/opencode/wt-h02-storage-probe/rtl/storage_probe.v:144$524'.
Removing empty process `storage_probe.$proc$/private/tmp/opencode/wt-h02-storage-probe/rtl/storage_probe.v:144$524'.
Found and cleaned up 1 empty switch in `\storage_probe.$proc$/private/tmp/opencode/wt-h02-storage-probe/rtl/storage_probe.v:144$519'.
Removing empty process `storage_probe.$proc$/private/tmp/opencode/wt-h02-storage-probe/rtl/storage_probe.v:144$519'.
Found and cleaned up 1 empty switch in `\storage_probe.$proc$/private/tmp/opencode/wt-h02-storage-probe/rtl/storage_probe.v:144$514'.
Removing empty process `storage_probe.$proc$/private/tmp/opencode/wt-h02-storage-probe/rtl/storage_probe.v:144$514'.
Found and cleaned up 1 empty switch in `\storage_probe.$proc$/private/tmp/opencode/wt-h02-storage-probe/rtl/storage_probe.v:144$509'.
Removing empty process `storage_probe.$proc$/private/tmp/opencode/wt-h02-storage-probe/rtl/storage_probe.v:144$509'.
Found and cleaned up 1 empty switch in `\storage_probe.$proc$/private/tmp/opencode/wt-h02-storage-probe/rtl/storage_probe.v:144$504'.
Removing empty process `storage_probe.$proc$/private/tmp/opencode/wt-h02-storage-probe/rtl/storage_probe.v:144$504'.
Found and cleaned up 1 empty switch in `\storage_probe.$proc$/private/tmp/opencode/wt-h02-storage-probe/rtl/storage_probe.v:144$499'.
Removing empty process `storage_probe.$proc$/private/tmp/opencode/wt-h02-storage-probe/rtl/storage_probe.v:144$499'.
Found and cleaned up 1 empty switch in `\storage_probe.$proc$/private/tmp/opencode/wt-h02-storage-probe/rtl/storage_probe.v:144$494'.
Removing empty process `storage_probe.$proc$/private/tmp/opencode/wt-h02-storage-probe/rtl/storage_probe.v:144$494'.
Found and cleaned up 1 empty switch in `\storage_probe.$proc$/private/tmp/opencode/wt-h02-storage-probe/rtl/storage_probe.v:144$489'.
Removing empty process `storage_probe.$proc$/private/tmp/opencode/wt-h02-storage-probe/rtl/storage_probe.v:144$489'.
Found and cleaned up 1 empty switch in `\storage_probe.$proc$/private/tmp/opencode/wt-h02-storage-probe/rtl/storage_probe.v:144$484'.
Removing empty process `storage_probe.$proc$/private/tmp/opencode/wt-h02-storage-probe/rtl/storage_probe.v:144$484'.
Found and cleaned up 1 empty switch in `\storage_probe.$proc$/private/tmp/opencode/wt-h02-storage-probe/rtl/storage_probe.v:138$479'.
Removing empty process `storage_probe.$proc$/private/tmp/opencode/wt-h02-storage-probe/rtl/storage_probe.v:138$479'.
Found and cleaned up 1 empty switch in `\storage_probe.$proc$/private/tmp/opencode/wt-h02-storage-probe/rtl/storage_probe.v:138$474'.
Removing empty process `storage_probe.$proc$/private/tmp/opencode/wt-h02-storage-probe/rtl/storage_probe.v:138$474'.
Found and cleaned up 1 empty switch in `\storage_probe.$proc$/private/tmp/opencode/wt-h02-storage-probe/rtl/storage_probe.v:138$469'.
Removing empty process `storage_probe.$proc$/private/tmp/opencode/wt-h02-storage-probe/rtl/storage_probe.v:138$469'.
Found and cleaned up 1 empty switch in `\storage_probe.$proc$/private/tmp/opencode/wt-h02-storage-probe/rtl/storage_probe.v:138$464'.
Removing empty process `storage_probe.$proc$/private/tmp/opencode/wt-h02-storage-probe/rtl/storage_probe.v:138$464'.
Found and cleaned up 1 empty switch in `\storage_probe.$proc$/private/tmp/opencode/wt-h02-storage-probe/rtl/storage_probe.v:138$459'.
Removing empty process `storage_probe.$proc$/private/tmp/opencode/wt-h02-storage-probe/rtl/storage_probe.v:138$459'.
Found and cleaned up 1 empty switch in `\storage_probe.$proc$/private/tmp/opencode/wt-h02-storage-probe/rtl/storage_probe.v:138$454'.
Removing empty process `storage_probe.$proc$/private/tmp/opencode/wt-h02-storage-probe/rtl/storage_probe.v:138$454'.
Found and cleaned up 1 empty switch in `\storage_probe.$proc$/private/tmp/opencode/wt-h02-storage-probe/rtl/storage_probe.v:138$449'.
Removing empty process `storage_probe.$proc$/private/tmp/opencode/wt-h02-storage-probe/rtl/storage_probe.v:138$449'.
Found and cleaned up 1 empty switch in `\storage_probe.$proc$/private/tmp/opencode/wt-h02-storage-probe/rtl/storage_probe.v:138$444'.
Removing empty process `storage_probe.$proc$/private/tmp/opencode/wt-h02-storage-probe/rtl/storage_probe.v:138$444'.
Found and cleaned up 1 empty switch in `\storage_probe.$proc$/private/tmp/opencode/wt-h02-storage-probe/rtl/storage_probe.v:138$439'.
Removing empty process `storage_probe.$proc$/private/tmp/opencode/wt-h02-storage-probe/rtl/storage_probe.v:138$439'.
Found and cleaned up 1 empty switch in `\storage_probe.$proc$/private/tmp/opencode/wt-h02-storage-probe/rtl/storage_probe.v:138$434'.
Removing empty process `storage_probe.$proc$/private/tmp/opencode/wt-h02-storage-probe/rtl/storage_probe.v:138$434'.
Found and cleaned up 1 empty switch in `\storage_probe.$proc$/private/tmp/opencode/wt-h02-storage-probe/rtl/storage_probe.v:138$429'.
Removing empty process `storage_probe.$proc$/private/tmp/opencode/wt-h02-storage-probe/rtl/storage_probe.v:138$429'.
Found and cleaned up 1 empty switch in `\storage_probe.$proc$/private/tmp/opencode/wt-h02-storage-probe/rtl/storage_probe.v:138$424'.
Removing empty process `storage_probe.$proc$/private/tmp/opencode/wt-h02-storage-probe/rtl/storage_probe.v:138$424'.
Found and cleaned up 1 empty switch in `\storage_probe.$proc$/private/tmp/opencode/wt-h02-storage-probe/rtl/storage_probe.v:138$419'.
Removing empty process `storage_probe.$proc$/private/tmp/opencode/wt-h02-storage-probe/rtl/storage_probe.v:138$419'.
Found and cleaned up 1 empty switch in `\storage_probe.$proc$/private/tmp/opencode/wt-h02-storage-probe/rtl/storage_probe.v:138$414'.
Removing empty process `storage_probe.$proc$/private/tmp/opencode/wt-h02-storage-probe/rtl/storage_probe.v:138$414'.
Found and cleaned up 1 empty switch in `\storage_probe.$proc$/private/tmp/opencode/wt-h02-storage-probe/rtl/storage_probe.v:138$409'.
Removing empty process `storage_probe.$proc$/private/tmp/opencode/wt-h02-storage-probe/rtl/storage_probe.v:138$409'.
Found and cleaned up 1 empty switch in `\storage_probe.$proc$/private/tmp/opencode/wt-h02-storage-probe/rtl/storage_probe.v:138$404'.
Removing empty process `storage_probe.$proc$/private/tmp/opencode/wt-h02-storage-probe/rtl/storage_probe.v:138$404'.
Found and cleaned up 1 empty switch in `\storage_probe.$proc$/private/tmp/opencode/wt-h02-storage-probe/rtl/storage_probe.v:138$399'.
Removing empty process `storage_probe.$proc$/private/tmp/opencode/wt-h02-storage-probe/rtl/storage_probe.v:138$399'.
Found and cleaned up 1 empty switch in `\storage_probe.$proc$/private/tmp/opencode/wt-h02-storage-probe/rtl/storage_probe.v:138$394'.
Removing empty process `storage_probe.$proc$/private/tmp/opencode/wt-h02-storage-probe/rtl/storage_probe.v:138$394'.
Found and cleaned up 1 empty switch in `\storage_probe.$proc$/private/tmp/opencode/wt-h02-storage-probe/rtl/storage_probe.v:138$389'.
Removing empty process `storage_probe.$proc$/private/tmp/opencode/wt-h02-storage-probe/rtl/storage_probe.v:138$389'.
Found and cleaned up 1 empty switch in `\storage_probe.$proc$/private/tmp/opencode/wt-h02-storage-probe/rtl/storage_probe.v:138$384'.
Removing empty process `storage_probe.$proc$/private/tmp/opencode/wt-h02-storage-probe/rtl/storage_probe.v:138$384'.
Found and cleaned up 1 empty switch in `\storage_probe.$proc$/private/tmp/opencode/wt-h02-storage-probe/rtl/storage_probe.v:138$379'.
Removing empty process `storage_probe.$proc$/private/tmp/opencode/wt-h02-storage-probe/rtl/storage_probe.v:138$379'.
Found and cleaned up 1 empty switch in `\storage_probe.$proc$/private/tmp/opencode/wt-h02-storage-probe/rtl/storage_probe.v:138$374'.
Removing empty process `storage_probe.$proc$/private/tmp/opencode/wt-h02-storage-probe/rtl/storage_probe.v:138$374'.
Found and cleaned up 1 empty switch in `\storage_probe.$proc$/private/tmp/opencode/wt-h02-storage-probe/rtl/storage_probe.v:138$369'.
Removing empty process `storage_probe.$proc$/private/tmp/opencode/wt-h02-storage-probe/rtl/storage_probe.v:138$369'.
Found and cleaned up 1 empty switch in `\storage_probe.$proc$/private/tmp/opencode/wt-h02-storage-probe/rtl/storage_probe.v:138$364'.
Removing empty process `storage_probe.$proc$/private/tmp/opencode/wt-h02-storage-probe/rtl/storage_probe.v:138$364'.
Found and cleaned up 1 empty switch in `\storage_probe.$proc$/private/tmp/opencode/wt-h02-storage-probe/rtl/storage_probe.v:138$359'.
Removing empty process `storage_probe.$proc$/private/tmp/opencode/wt-h02-storage-probe/rtl/storage_probe.v:138$359'.
Found and cleaned up 1 empty switch in `\storage_probe.$proc$/private/tmp/opencode/wt-h02-storage-probe/rtl/storage_probe.v:138$354'.
Removing empty process `storage_probe.$proc$/private/tmp/opencode/wt-h02-storage-probe/rtl/storage_probe.v:138$354'.
Found and cleaned up 1 empty switch in `\storage_probe.$proc$/private/tmp/opencode/wt-h02-storage-probe/rtl/storage_probe.v:138$349'.
Removing empty process `storage_probe.$proc$/private/tmp/opencode/wt-h02-storage-probe/rtl/storage_probe.v:138$349'.
Found and cleaned up 1 empty switch in `\storage_probe.$proc$/private/tmp/opencode/wt-h02-storage-probe/rtl/storage_probe.v:138$344'.
Removing empty process `storage_probe.$proc$/private/tmp/opencode/wt-h02-storage-probe/rtl/storage_probe.v:138$344'.
Found and cleaned up 1 empty switch in `\storage_probe.$proc$/private/tmp/opencode/wt-h02-storage-probe/rtl/storage_probe.v:138$339'.
Removing empty process `storage_probe.$proc$/private/tmp/opencode/wt-h02-storage-probe/rtl/storage_probe.v:138$339'.
Found and cleaned up 1 empty switch in `\storage_probe.$proc$/private/tmp/opencode/wt-h02-storage-probe/rtl/storage_probe.v:138$334'.
Removing empty process `storage_probe.$proc$/private/tmp/opencode/wt-h02-storage-probe/rtl/storage_probe.v:138$334'.
Found and cleaned up 1 empty switch in `\storage_probe.$proc$/private/tmp/opencode/wt-h02-storage-probe/rtl/storage_probe.v:138$329'.
Removing empty process `storage_probe.$proc$/private/tmp/opencode/wt-h02-storage-probe/rtl/storage_probe.v:138$329'.
Found and cleaned up 1 empty switch in `\storage_probe.$proc$/private/tmp/opencode/wt-h02-storage-probe/rtl/storage_probe.v:138$324'.
Removing empty process `storage_probe.$proc$/private/tmp/opencode/wt-h02-storage-probe/rtl/storage_probe.v:138$324'.
Found and cleaned up 1 empty switch in `\storage_probe.$proc$/private/tmp/opencode/wt-h02-storage-probe/rtl/storage_probe.v:138$319'.
Removing empty process `storage_probe.$proc$/private/tmp/opencode/wt-h02-storage-probe/rtl/storage_probe.v:138$319'.
Found and cleaned up 1 empty switch in `\storage_probe.$proc$/private/tmp/opencode/wt-h02-storage-probe/rtl/storage_probe.v:138$314'.
Removing empty process `storage_probe.$proc$/private/tmp/opencode/wt-h02-storage-probe/rtl/storage_probe.v:138$314'.
Found and cleaned up 1 empty switch in `\storage_probe.$proc$/private/tmp/opencode/wt-h02-storage-probe/rtl/storage_probe.v:138$309'.
Removing empty process `storage_probe.$proc$/private/tmp/opencode/wt-h02-storage-probe/rtl/storage_probe.v:138$309'.
Found and cleaned up 1 empty switch in `\storage_probe.$proc$/private/tmp/opencode/wt-h02-storage-probe/rtl/storage_probe.v:138$304'.
Removing empty process `storage_probe.$proc$/private/tmp/opencode/wt-h02-storage-probe/rtl/storage_probe.v:138$304'.
Found and cleaned up 1 empty switch in `\storage_probe.$proc$/private/tmp/opencode/wt-h02-storage-probe/rtl/storage_probe.v:138$299'.
Removing empty process `storage_probe.$proc$/private/tmp/opencode/wt-h02-storage-probe/rtl/storage_probe.v:138$299'.
Found and cleaned up 1 empty switch in `\storage_probe.$proc$/private/tmp/opencode/wt-h02-storage-probe/rtl/storage_probe.v:138$294'.
Removing empty process `storage_probe.$proc$/private/tmp/opencode/wt-h02-storage-probe/rtl/storage_probe.v:138$294'.
Found and cleaned up 1 empty switch in `\storage_probe.$proc$/private/tmp/opencode/wt-h02-storage-probe/rtl/storage_probe.v:138$289'.
Removing empty process `storage_probe.$proc$/private/tmp/opencode/wt-h02-storage-probe/rtl/storage_probe.v:138$289'.
Found and cleaned up 1 empty switch in `\storage_probe.$proc$/private/tmp/opencode/wt-h02-storage-probe/rtl/storage_probe.v:138$284'.
Removing empty process `storage_probe.$proc$/private/tmp/opencode/wt-h02-storage-probe/rtl/storage_probe.v:138$284'.
Found and cleaned up 1 empty switch in `\storage_probe.$proc$/private/tmp/opencode/wt-h02-storage-probe/rtl/storage_probe.v:138$279'.
Removing empty process `storage_probe.$proc$/private/tmp/opencode/wt-h02-storage-probe/rtl/storage_probe.v:138$279'.
Found and cleaned up 1 empty switch in `\storage_probe.$proc$/private/tmp/opencode/wt-h02-storage-probe/rtl/storage_probe.v:138$274'.
Removing empty process `storage_probe.$proc$/private/tmp/opencode/wt-h02-storage-probe/rtl/storage_probe.v:138$274'.
Found and cleaned up 1 empty switch in `\storage_probe.$proc$/private/tmp/opencode/wt-h02-storage-probe/rtl/storage_probe.v:138$269'.
Removing empty process `storage_probe.$proc$/private/tmp/opencode/wt-h02-storage-probe/rtl/storage_probe.v:138$269'.
Found and cleaned up 1 empty switch in `\storage_probe.$proc$/private/tmp/opencode/wt-h02-storage-probe/rtl/storage_probe.v:138$264'.
Removing empty process `storage_probe.$proc$/private/tmp/opencode/wt-h02-storage-probe/rtl/storage_probe.v:138$264'.
Found and cleaned up 1 empty switch in `\storage_probe.$proc$/private/tmp/opencode/wt-h02-storage-probe/rtl/storage_probe.v:138$259'.
Removing empty process `storage_probe.$proc$/private/tmp/opencode/wt-h02-storage-probe/rtl/storage_probe.v:138$259'.
Found and cleaned up 1 empty switch in `\storage_probe.$proc$/private/tmp/opencode/wt-h02-storage-probe/rtl/storage_probe.v:138$254'.
Removing empty process `storage_probe.$proc$/private/tmp/opencode/wt-h02-storage-probe/rtl/storage_probe.v:138$254'.
Found and cleaned up 1 empty switch in `\storage_probe.$proc$/private/tmp/opencode/wt-h02-storage-probe/rtl/storage_probe.v:138$249'.
Removing empty process `storage_probe.$proc$/private/tmp/opencode/wt-h02-storage-probe/rtl/storage_probe.v:138$249'.
Found and cleaned up 1 empty switch in `\storage_probe.$proc$/private/tmp/opencode/wt-h02-storage-probe/rtl/storage_probe.v:138$244'.
Removing empty process `storage_probe.$proc$/private/tmp/opencode/wt-h02-storage-probe/rtl/storage_probe.v:138$244'.
Found and cleaned up 1 empty switch in `\storage_probe.$proc$/private/tmp/opencode/wt-h02-storage-probe/rtl/storage_probe.v:138$239'.
Removing empty process `storage_probe.$proc$/private/tmp/opencode/wt-h02-storage-probe/rtl/storage_probe.v:138$239'.
Found and cleaned up 1 empty switch in `\storage_probe.$proc$/private/tmp/opencode/wt-h02-storage-probe/rtl/storage_probe.v:138$234'.
Removing empty process `storage_probe.$proc$/private/tmp/opencode/wt-h02-storage-probe/rtl/storage_probe.v:138$234'.
Found and cleaned up 1 empty switch in `\storage_probe.$proc$/private/tmp/opencode/wt-h02-storage-probe/rtl/storage_probe.v:138$229'.
Removing empty process `storage_probe.$proc$/private/tmp/opencode/wt-h02-storage-probe/rtl/storage_probe.v:138$229'.
Found and cleaned up 1 empty switch in `\storage_probe.$proc$/private/tmp/opencode/wt-h02-storage-probe/rtl/storage_probe.v:138$224'.
Removing empty process `storage_probe.$proc$/private/tmp/opencode/wt-h02-storage-probe/rtl/storage_probe.v:138$224'.
Found and cleaned up 1 empty switch in `\storage_probe.$proc$/private/tmp/opencode/wt-h02-storage-probe/rtl/storage_probe.v:138$219'.
Removing empty process `storage_probe.$proc$/private/tmp/opencode/wt-h02-storage-probe/rtl/storage_probe.v:138$219'.
Found and cleaned up 1 empty switch in `\storage_probe.$proc$/private/tmp/opencode/wt-h02-storage-probe/rtl/storage_probe.v:138$214'.
Removing empty process `storage_probe.$proc$/private/tmp/opencode/wt-h02-storage-probe/rtl/storage_probe.v:138$214'.
Found and cleaned up 1 empty switch in `\storage_probe.$proc$/private/tmp/opencode/wt-h02-storage-probe/rtl/storage_probe.v:138$209'.
Removing empty process `storage_probe.$proc$/private/tmp/opencode/wt-h02-storage-probe/rtl/storage_probe.v:138$209'.
Found and cleaned up 1 empty switch in `\storage_probe.$proc$/private/tmp/opencode/wt-h02-storage-probe/rtl/storage_probe.v:138$204'.
Removing empty process `storage_probe.$proc$/private/tmp/opencode/wt-h02-storage-probe/rtl/storage_probe.v:138$204'.
Found and cleaned up 1 empty switch in `\storage_probe.$proc$/private/tmp/opencode/wt-h02-storage-probe/rtl/storage_probe.v:138$199'.
Removing empty process `storage_probe.$proc$/private/tmp/opencode/wt-h02-storage-probe/rtl/storage_probe.v:138$199'.
Found and cleaned up 1 empty switch in `\storage_probe.$proc$/private/tmp/opencode/wt-h02-storage-probe/rtl/storage_probe.v:138$194'.
Removing empty process `storage_probe.$proc$/private/tmp/opencode/wt-h02-storage-probe/rtl/storage_probe.v:138$194'.
Found and cleaned up 1 empty switch in `\storage_probe.$proc$/private/tmp/opencode/wt-h02-storage-probe/rtl/storage_probe.v:138$189'.
Removing empty process `storage_probe.$proc$/private/tmp/opencode/wt-h02-storage-probe/rtl/storage_probe.v:138$189'.
Found and cleaned up 1 empty switch in `\storage_probe.$proc$/private/tmp/opencode/wt-h02-storage-probe/rtl/storage_probe.v:138$184'.
Removing empty process `storage_probe.$proc$/private/tmp/opencode/wt-h02-storage-probe/rtl/storage_probe.v:138$184'.
Found and cleaned up 1 empty switch in `\storage_probe.$proc$/private/tmp/opencode/wt-h02-storage-probe/rtl/storage_probe.v:138$179'.
Removing empty process `storage_probe.$proc$/private/tmp/opencode/wt-h02-storage-probe/rtl/storage_probe.v:138$179'.
Found and cleaned up 1 empty switch in `\storage_probe.$proc$/private/tmp/opencode/wt-h02-storage-probe/rtl/storage_probe.v:138$174'.
Removing empty process `storage_probe.$proc$/private/tmp/opencode/wt-h02-storage-probe/rtl/storage_probe.v:138$174'.
Found and cleaned up 1 empty switch in `\storage_probe.$proc$/private/tmp/opencode/wt-h02-storage-probe/rtl/storage_probe.v:138$169'.
Removing empty process `storage_probe.$proc$/private/tmp/opencode/wt-h02-storage-probe/rtl/storage_probe.v:138$169'.
Found and cleaned up 1 empty switch in `\storage_probe.$proc$/private/tmp/opencode/wt-h02-storage-probe/rtl/storage_probe.v:138$164'.
Removing empty process `storage_probe.$proc$/private/tmp/opencode/wt-h02-storage-probe/rtl/storage_probe.v:138$164'.
Found and cleaned up 1 empty switch in `\storage_probe.$proc$/private/tmp/opencode/wt-h02-storage-probe/rtl/storage_probe.v:138$159'.
Removing empty process `storage_probe.$proc$/private/tmp/opencode/wt-h02-storage-probe/rtl/storage_probe.v:138$159'.
Found and cleaned up 1 empty switch in `\storage_probe.$proc$/private/tmp/opencode/wt-h02-storage-probe/rtl/storage_probe.v:138$154'.
Removing empty process `storage_probe.$proc$/private/tmp/opencode/wt-h02-storage-probe/rtl/storage_probe.v:138$154'.
Found and cleaned up 1 empty switch in `\storage_probe.$proc$/private/tmp/opencode/wt-h02-storage-probe/rtl/storage_probe.v:138$149'.
Removing empty process `storage_probe.$proc$/private/tmp/opencode/wt-h02-storage-probe/rtl/storage_probe.v:138$149'.
Found and cleaned up 1 empty switch in `\storage_probe.$proc$/private/tmp/opencode/wt-h02-storage-probe/rtl/storage_probe.v:138$144'.
Removing empty process `storage_probe.$proc$/private/tmp/opencode/wt-h02-storage-probe/rtl/storage_probe.v:138$144'.
Found and cleaned up 1 empty switch in `\storage_probe.$proc$/private/tmp/opencode/wt-h02-storage-probe/rtl/storage_probe.v:138$139'.
Removing empty process `storage_probe.$proc$/private/tmp/opencode/wt-h02-storage-probe/rtl/storage_probe.v:138$139'.
Found and cleaned up 1 empty switch in `\storage_probe.$proc$/private/tmp/opencode/wt-h02-storage-probe/rtl/storage_probe.v:138$134'.
Removing empty process `storage_probe.$proc$/private/tmp/opencode/wt-h02-storage-probe/rtl/storage_probe.v:138$134'.
Found and cleaned up 1 empty switch in `\storage_probe.$proc$/private/tmp/opencode/wt-h02-storage-probe/rtl/storage_probe.v:138$129'.
Removing empty process `storage_probe.$proc$/private/tmp/opencode/wt-h02-storage-probe/rtl/storage_probe.v:138$129'.
Found and cleaned up 1 empty switch in `\storage_probe.$proc$/private/tmp/opencode/wt-h02-storage-probe/rtl/storage_probe.v:138$124'.
Removing empty process `storage_probe.$proc$/private/tmp/opencode/wt-h02-storage-probe/rtl/storage_probe.v:138$124'.
Found and cleaned up 1 empty switch in `\storage_probe.$proc$/private/tmp/opencode/wt-h02-storage-probe/rtl/storage_probe.v:138$119'.
Removing empty process `storage_probe.$proc$/private/tmp/opencode/wt-h02-storage-probe/rtl/storage_probe.v:138$119'.
Found and cleaned up 1 empty switch in `\storage_probe.$proc$/private/tmp/opencode/wt-h02-storage-probe/rtl/storage_probe.v:138$114'.
Removing empty process `storage_probe.$proc$/private/tmp/opencode/wt-h02-storage-probe/rtl/storage_probe.v:138$114'.
Found and cleaned up 1 empty switch in `\storage_probe.$proc$/private/tmp/opencode/wt-h02-storage-probe/rtl/storage_probe.v:138$109'.
Removing empty process `storage_probe.$proc$/private/tmp/opencode/wt-h02-storage-probe/rtl/storage_probe.v:138$109'.
Found and cleaned up 1 empty switch in `\storage_probe.$proc$/private/tmp/opencode/wt-h02-storage-probe/rtl/storage_probe.v:138$104'.
Removing empty process `storage_probe.$proc$/private/tmp/opencode/wt-h02-storage-probe/rtl/storage_probe.v:138$104'.
Found and cleaned up 1 empty switch in `\storage_probe.$proc$/private/tmp/opencode/wt-h02-storage-probe/rtl/storage_probe.v:138$99'.
Removing empty process `storage_probe.$proc$/private/tmp/opencode/wt-h02-storage-probe/rtl/storage_probe.v:138$99'.
Found and cleaned up 1 empty switch in `\storage_probe.$proc$/private/tmp/opencode/wt-h02-storage-probe/rtl/storage_probe.v:138$94'.
Removing empty process `storage_probe.$proc$/private/tmp/opencode/wt-h02-storage-probe/rtl/storage_probe.v:138$94'.
Found and cleaned up 1 empty switch in `\storage_probe.$proc$/private/tmp/opencode/wt-h02-storage-probe/rtl/storage_probe.v:138$89'.
Removing empty process `storage_probe.$proc$/private/tmp/opencode/wt-h02-storage-probe/rtl/storage_probe.v:138$89'.
Found and cleaned up 1 empty switch in `\storage_probe.$proc$/private/tmp/opencode/wt-h02-storage-probe/rtl/storage_probe.v:138$84'.
Removing empty process `storage_probe.$proc$/private/tmp/opencode/wt-h02-storage-probe/rtl/storage_probe.v:138$84'.
Found and cleaned up 1 empty switch in `\storage_probe.$proc$/private/tmp/opencode/wt-h02-storage-probe/rtl/storage_probe.v:138$79'.
Removing empty process `storage_probe.$proc$/private/tmp/opencode/wt-h02-storage-probe/rtl/storage_probe.v:138$79'.
Found and cleaned up 1 empty switch in `\storage_probe.$proc$/private/tmp/opencode/wt-h02-storage-probe/rtl/storage_probe.v:138$74'.
Removing empty process `storage_probe.$proc$/private/tmp/opencode/wt-h02-storage-probe/rtl/storage_probe.v:138$74'.
Found and cleaned up 1 empty switch in `\storage_probe.$proc$/private/tmp/opencode/wt-h02-storage-probe/rtl/storage_probe.v:138$69'.
Removing empty process `storage_probe.$proc$/private/tmp/opencode/wt-h02-storage-probe/rtl/storage_probe.v:138$69'.
Found and cleaned up 1 empty switch in `\storage_probe.$proc$/private/tmp/opencode/wt-h02-storage-probe/rtl/storage_probe.v:138$64'.
Removing empty process `storage_probe.$proc$/private/tmp/opencode/wt-h02-storage-probe/rtl/storage_probe.v:138$64'.
Found and cleaned up 1 empty switch in `\storage_probe.$proc$/private/tmp/opencode/wt-h02-storage-probe/rtl/storage_probe.v:138$59'.
Removing empty process `storage_probe.$proc$/private/tmp/opencode/wt-h02-storage-probe/rtl/storage_probe.v:138$59'.
Found and cleaned up 1 empty switch in `\storage_probe.$proc$/private/tmp/opencode/wt-h02-storage-probe/rtl/storage_probe.v:138$54'.
Removing empty process `storage_probe.$proc$/private/tmp/opencode/wt-h02-storage-probe/rtl/storage_probe.v:138$54'.
Found and cleaned up 1 empty switch in `\storage_probe.$proc$/private/tmp/opencode/wt-h02-storage-probe/rtl/storage_probe.v:138$49'.
Removing empty process `storage_probe.$proc$/private/tmp/opencode/wt-h02-storage-probe/rtl/storage_probe.v:138$49'.
Found and cleaned up 1 empty switch in `\storage_probe.$proc$/private/tmp/opencode/wt-h02-storage-probe/rtl/storage_probe.v:138$44'.
Removing empty process `storage_probe.$proc$/private/tmp/opencode/wt-h02-storage-probe/rtl/storage_probe.v:138$44'.
Found and cleaned up 1 empty switch in `\storage_probe.$proc$/private/tmp/opencode/wt-h02-storage-probe/rtl/storage_probe.v:138$39'.
Removing empty process `storage_probe.$proc$/private/tmp/opencode/wt-h02-storage-probe/rtl/storage_probe.v:138$39'.
Found and cleaned up 1 empty switch in `\storage_probe.$proc$/private/tmp/opencode/wt-h02-storage-probe/rtl/storage_probe.v:138$34'.
Removing empty process `storage_probe.$proc$/private/tmp/opencode/wt-h02-storage-probe/rtl/storage_probe.v:138$34'.
Found and cleaned up 1 empty switch in `\storage_probe.$proc$/private/tmp/opencode/wt-h02-storage-probe/rtl/storage_probe.v:138$29'.
Removing empty process `storage_probe.$proc$/private/tmp/opencode/wt-h02-storage-probe/rtl/storage_probe.v:138$29'.
Found and cleaned up 1 empty switch in `\storage_probe.$proc$/private/tmp/opencode/wt-h02-storage-probe/rtl/storage_probe.v:138$24'.
Removing empty process `storage_probe.$proc$/private/tmp/opencode/wt-h02-storage-probe/rtl/storage_probe.v:138$24'.
Found and cleaned up 1 empty switch in `\storage_probe.$proc$/private/tmp/opencode/wt-h02-storage-probe/rtl/storage_probe.v:138$19'.
Removing empty process `storage_probe.$proc$/private/tmp/opencode/wt-h02-storage-probe/rtl/storage_probe.v:138$19'.
Found and cleaned up 1 empty switch in `\storage_probe.$proc$/private/tmp/opencode/wt-h02-storage-probe/rtl/storage_probe.v:138$14'.
Removing empty process `storage_probe.$proc$/private/tmp/opencode/wt-h02-storage-probe/rtl/storage_probe.v:138$14'.
Found and cleaned up 1 empty switch in `\storage_probe.$proc$/private/tmp/opencode/wt-h02-storage-probe/rtl/storage_probe.v:138$9'.
Removing empty process `storage_probe.$proc$/private/tmp/opencode/wt-h02-storage-probe/rtl/storage_probe.v:138$9'.
Found and cleaned up 1 empty switch in `\storage_probe.$proc$/private/tmp/opencode/wt-h02-storage-probe/rtl/storage_probe.v:138$4'.
Removing empty process `storage_probe.$proc$/private/tmp/opencode/wt-h02-storage-probe/rtl/storage_probe.v:138$4'.
Found and cleaned up 1 empty switch in `\storage_probe.$proc$/private/tmp/opencode/wt-h02-storage-probe/rtl/storage_probe.v:149$1'.
Removing empty process `storage_probe.$proc$/private/tmp/opencode/wt-h02-storage-probe/rtl/storage_probe.v:149$1'.
Cleaned up 113 empty switches.

3.2.12. Executing OPT_EXPR pass (perform const folding).
Optimizing module storage_probe.
<suppressed ~98 debug messages>

3.3. Executing OPT_EXPR pass (perform const folding).
Optimizing module storage_probe.

3.4. Executing OPT_CLEAN pass (remove unused cells and wires).
Finding unused cells or wires in module \storage_probe..
Removed 676 unused cells and 792 unused wires.
<suppressed ~680 debug messages>

3.5. Executing CHECK pass (checking for obvious problems).
Checking module storage_probe...
Found and reported 0 problems.

3.6. Executing OPT pass (performing simple optimizations).

3.6.1. Executing OPT_EXPR pass (perform const folding).
Optimizing module storage_probe.

3.6.2. Executing OPT_MERGE pass (detect identical cells).
Finding identical cells in module `\storage_probe'.
Computing hashes of 0 cells of `\storage_probe'.
Finding duplicate cells in `\storage_probe'.
Removed a total of 0 cells.

3.6.3. Executing OPT_MUXTREE pass (detect dead branches in mux trees).
Running muxtree optimizer on module \storage_probe..
  Creating internal representation of mux trees.
  No muxes found in this module.
Removed 0 multiplexer ports.

3.6.4. Executing OPT_REDUCE pass (consolidate $*mux and $reduce_* inputs).
  Optimizing cells in module \storage_probe.
Performed a total of 0 changes.

3.6.5. Executing OPT_MERGE pass (detect identical cells).
Finding identical cells in module `\storage_probe'.
Computing hashes of 0 cells of `\storage_probe'.
Finding duplicate cells in `\storage_probe'.
Removed a total of 0 cells.

3.6.6. Executing OPT_DFF pass (perform DFF optimizations).

3.6.7. Executing OPT_CLEAN pass (remove unused cells and wires).
Finding unused cells or wires in module \storage_probe..

3.6.8. Executing OPT_EXPR pass (perform const folding).
Optimizing module storage_probe.

3.6.9. Finished fast OPT passes. (There is nothing left to do.)

3.7. Executing OPT pass (performing simple optimizations).

3.7.1. Executing OPT_EXPR pass (perform const folding).
Optimizing module storage_probe.

3.7.2. Executing OPT_MERGE pass (detect identical cells).
Finding identical cells in module `\storage_probe'.
Computing hashes of 0 cells of `\storage_probe'.
Finding duplicate cells in `\storage_probe'.
Removed a total of 0 cells.

3.7.3. Executing OPT_MUXTREE pass (detect dead branches in mux trees).
Running muxtree optimizer on module \storage_probe..
  Creating internal representation of mux trees.
  No muxes found in this module.
Removed 0 multiplexer ports.

3.7.4. Executing OPT_REDUCE pass (consolidate $*mux and $reduce_* inputs).
  Optimizing cells in module \storage_probe.
Performed a total of 0 changes.

3.7.5. Executing OPT_MERGE pass (detect identical cells).
Finding identical cells in module `\storage_probe'.
Computing hashes of 0 cells of `\storage_probe'.
Finding duplicate cells in `\storage_probe'.
Removed a total of 0 cells.

3.7.6. Executing OPT_DFF pass (perform DFF optimizations).

3.7.7. Executing OPT_CLEAN pass (remove unused cells and wires).
Finding unused cells or wires in module \storage_probe..

3.7.8. Executing OPT_EXPR pass (perform const folding).
Optimizing module storage_probe.

3.7.9. Finished fast OPT passes. (There is nothing left to do.)

3.8. Executing WREDUCE pass (reducing word size of cells).

3.9. Executing PEEPOPT pass (run peephole optimizers).

3.10. Executing OPT_CLEAN pass (remove unused cells and wires).
Finding unused cells or wires in module \storage_probe..

3.11. Executing ALUMACC pass (create $alu and $macc cells).
Extracting $alu and $macc cells in module storage_probe:
  created 0 $alu and 0 $macc cells.

3.12. Executing SHARE pass (SAT-based resource sharing).

3.13. Executing OPT pass (performing simple optimizations).

3.13.1. Executing OPT_EXPR pass (perform const folding).
Optimizing module storage_probe.

3.13.2. Executing OPT_MERGE pass (detect identical cells).
Finding identical cells in module `\storage_probe'.
Computing hashes of 0 cells of `\storage_probe'.
Finding duplicate cells in `\storage_probe'.
Removed a total of 0 cells.

3.13.3. Executing OPT_MUXTREE pass (detect dead branches in mux trees).
Running muxtree optimizer on module \storage_probe..
  Creating internal representation of mux trees.
  No muxes found in this module.
Removed 0 multiplexer ports.

3.13.4. Executing OPT_REDUCE pass (consolidate $*mux and $reduce_* inputs).
  Optimizing cells in module \storage_probe.
Performed a total of 0 changes.

3.13.5. Executing OPT_MERGE pass (detect identical cells).
Finding identical cells in module `\storage_probe'.
Computing hashes of 0 cells of `\storage_probe'.
Finding duplicate cells in `\storage_probe'.
Removed a total of 0 cells.

3.13.6. Executing OPT_DFF pass (perform DFF optimizations).

3.13.7. Executing OPT_CLEAN pass (remove unused cells and wires).
Finding unused cells or wires in module \storage_probe..

3.13.8. Executing OPT_EXPR pass (perform const folding).
Optimizing module storage_probe.

3.13.9. Finished fast OPT passes. (There is nothing left to do.)

3.14. Executing MEMORY pass.

3.14.1. Executing OPT_MEM pass (optimize memories).
Performed a total of 0 transformations.

3.14.2. Executing OPT_MEM_PRIORITY pass (removing unnecessary memory write priority relations).
Performed a total of 0 transformations.

3.14.3. Executing OPT_MEM_FEEDBACK pass (finding memory read-to-write feedback paths).

3.14.4. Executing MEMORY_BMUX2ROM pass (converting muxes to ROMs).

3.14.5. Executing MEMORY_DFF pass (merging $dff cells to $memrd).

3.14.6. Executing OPT_CLEAN pass (remove unused cells and wires).
Finding unused cells or wires in module \storage_probe..

3.14.7. Executing MEMORY_SHARE pass (consolidating $memrd/$memwr cells).

3.14.8. Executing OPT_MEM_WIDEN pass (optimize memories where all ports are wide).
Performed a total of 0 transformations.

3.14.9. Executing OPT_CLEAN pass (remove unused cells and wires).
Finding unused cells or wires in module \storage_probe..

3.14.10. Executing MEMORY_COLLECT pass (generating $mem cells).

3.15. Executing OPT_CLEAN pass (remove unused cells and wires).
Finding unused cells or wires in module \storage_probe..

3.16. Executing OPT pass (performing simple optimizations).

3.16.1. Executing OPT_EXPR pass (perform const folding).
Optimizing module storage_probe.

3.16.2. Executing OPT_MERGE pass (detect identical cells).
Finding identical cells in module `\storage_probe'.
Computing hashes of 0 cells of `\storage_probe'.
Finding duplicate cells in `\storage_probe'.
Removed a total of 0 cells.

3.16.3. Executing OPT_DFF pass (perform DFF optimizations).

3.16.4. Executing OPT_CLEAN pass (remove unused cells and wires).
Finding unused cells or wires in module \storage_probe..

3.16.5. Finished fast OPT passes.

3.17. Executing MEMORY_MAP pass (converting memories to logic and flip-flops).

3.18. Executing OPT pass (performing simple optimizations).

3.18.1. Executing OPT_EXPR pass (perform const folding).
Optimizing module storage_probe.

3.18.2. Executing OPT_MERGE pass (detect identical cells).
Finding identical cells in module `\storage_probe'.
Computing hashes of 0 cells of `\storage_probe'.
Finding duplicate cells in `\storage_probe'.
Removed a total of 0 cells.

3.18.3. Executing OPT_MUXTREE pass (detect dead branches in mux trees).
Running muxtree optimizer on module \storage_probe..
  Creating internal representation of mux trees.
  No muxes found in this module.
Removed 0 multiplexer ports.

3.18.4. Executing OPT_REDUCE pass (consolidate $*mux and $reduce_* inputs).
  Optimizing cells in module \storage_probe.
Performed a total of 0 changes.

3.18.5. Executing OPT_MERGE pass (detect identical cells).
Finding identical cells in module `\storage_probe'.
Computing hashes of 0 cells of `\storage_probe'.
Finding duplicate cells in `\storage_probe'.
Removed a total of 0 cells.

3.18.6. Executing OPT_SHARE pass.

3.18.7. Executing OPT_DFF pass (perform DFF optimizations).

3.18.8. Executing OPT_CLEAN pass (remove unused cells and wires).
Finding unused cells or wires in module \storage_probe..

3.18.9. Executing OPT_EXPR pass (perform const folding).
Optimizing module storage_probe.

3.18.10. Finished fast OPT passes. (There is nothing left to do.)

3.19. Executing TECHMAP pass (map to technology primitives).

3.19.1. Executing Verilog-2005 frontend: /opt/homebrew/bin/../share/yosys/techmap.v
Parsing Verilog input from `/opt/homebrew/bin/../share/yosys/techmap.v' to AST representation.
Generating RTLIL representation for module `\_90_simplemap_bool_ops'.
Generating RTLIL representation for module `\_90_simplemap_reduce_ops'.
Generating RTLIL representation for module `\_90_simplemap_logic_ops'.
Generating RTLIL representation for module `\_90_simplemap_compare_ops'.
Generating RTLIL representation for module `\_90_simplemap_various'.
Generating RTLIL representation for module `\_90_simplemap_registers'.
Generating RTLIL representation for module `\_90_shift_ops_shr_shl_sshl_sshr'.
Generating RTLIL representation for module `\_90_shift_shiftx'.
Generating RTLIL representation for module `\_90_fa'.
Generating RTLIL representation for module `\_90_lcu_brent_kung'.
Generating RTLIL representation for module `\_90_alu'.
Generating RTLIL representation for module `\_90_macc'.
Generating RTLIL representation for module `\_90_alumacc'.
Generating RTLIL representation for module `$__div_mod_u'.
Generating RTLIL representation for module `$__div_mod_trunc'.
Generating RTLIL representation for module `\_90_div'.
Generating RTLIL representation for module `\_90_mod'.
Generating RTLIL representation for module `$__div_mod_floor'.
Generating RTLIL representation for module `\_90_divfloor'.
Generating RTLIL representation for module `\_90_modfloor'.
Generating RTLIL representation for module `\_90_pow'.
Generating RTLIL representation for module `\_90_demux'.
Generating RTLIL representation for module `\_90_lut'.
Generating RTLIL representation for module `$connect'.
Generating RTLIL representation for module `$input_port'.
Successfully finished Verilog frontend.

3.19.2. Continuing TECHMAP pass.
No more expansions possible.
<suppressed ~77 debug messages>

3.20. Executing OPT pass (performing simple optimizations).

3.20.1. Executing OPT_EXPR pass (perform const folding).
Optimizing module storage_probe.

3.20.2. Executing OPT_MERGE pass (detect identical cells).
Finding identical cells in module `\storage_probe'.
Computing hashes of 0 cells of `\storage_probe'.
Finding duplicate cells in `\storage_probe'.
Removed a total of 0 cells.

3.20.3. Executing OPT_DFF pass (perform DFF optimizations).

3.20.4. Executing OPT_CLEAN pass (remove unused cells and wires).
Finding unused cells or wires in module \storage_probe..

3.20.5. Finished fast OPT passes.

3.21. Executing ABC pass (technology mapping using ABC).

3.21.1. Extracting gate netlist of module `\storage_probe' to `<abc-temp-dir>/input.blif'..

3.21.1.1. Executed ABC.
Extracted 0 gates and 0 wires to a netlist network with 0 inputs and 0 outputs.
Don't call ABC as there is nothing to map.
Removing temp directory.
Removing global temp directory.

3.22. Executing OPT pass (performing simple optimizations).

3.22.1. Executing OPT_EXPR pass (perform const folding).
Optimizing module storage_probe.

3.22.2. Executing OPT_MERGE pass (detect identical cells).
Finding identical cells in module `\storage_probe'.
Computing hashes of 0 cells of `\storage_probe'.
Finding duplicate cells in `\storage_probe'.
Removed a total of 0 cells.

3.22.3. Executing OPT_DFF pass (perform DFF optimizations).

3.22.4. Executing OPT_CLEAN pass (remove unused cells and wires).
Finding unused cells or wires in module \storage_probe..

3.22.5. Finished fast OPT passes.

3.23. Executing HIERARCHY pass (managing design hierarchy).
Attribute `top' found on module `storage_probe'. Setting top module to storage_probe.

3.23.1. Analyzing design hierarchy..
Top module:  \storage_probe

3.23.2. Analyzing design hierarchy..
Top module:  \storage_probe
Removed 0 unused modules.

3.24. Printing statistics.

=== storage_probe ===

        +----------Local Count, excluding submodules.
        | 
       11 wires
     1684 wire bits
       11 public wires
     1684 public wire bits
       11 ports
     1684 port bits

3.25. Executing CHECK pass (checking for obvious problems).
Checking module storage_probe...
Found and reported 0 problems.

4. Executing DFFLIBMAP pass (mapping DFF/DLATCH cells to sequential cells from liberty file).
  cell gf180mcu_fd_sc_mcu7t5v0__dffnq_1 (noninv, pins=3, area=65.86) is a direct match for cell type $_DFF_N_.
  cell gf180mcu_fd_sc_mcu7t5v0__dffq_1 (noninv, pins=3, area=63.66) is a direct match for cell type $_DFF_P_.
  cell gf180mcu_fd_sc_mcu7t5v0__dffnrnq_1 (noninv, pins=4, area=74.64) is a direct match for cell type $_DFF_NN0_.
  cell gf180mcu_fd_sc_mcu7t5v0__dffnsnq_1 (noninv, pins=4, area=79.03) is a direct match for cell type $_DFF_NN1_.
  cell gf180mcu_fd_sc_mcu7t5v0__dffrnq_1 (noninv, pins=4, area=74.64) is a direct match for cell type $_DFF_PN0_.
  cell gf180mcu_fd_sc_mcu7t5v0__dffsnq_1 (noninv, pins=4, area=79.03) is a direct match for cell type $_DFF_PN1_.
  cell gf180mcu_fd_sc_mcu7t5v0__dffnrsnq_1 (noninv, pins=5, area=94.39) is a direct match for cell type $_DFFSR_NNN_.
  cell gf180mcu_fd_sc_mcu7t5v0__dffrsnq_1 (noninv, pins=5, area=85.61) is a direct match for cell type $_DFFSR_PNN_.
  cell gf180mcu_fd_sc_mcu7t5v0__latq_1 (noninv, pins=3, area=43.90) is a direct match for cell type $_DLATCH_P_.
  cell gf180mcu_fd_sc_mcu7t5v0__latrnq_1 (noninv, pins=4, area=48.29) is a direct match for cell type $_DLATCH_PN0_.
  cell gf180mcu_fd_sc_mcu7t5v0__latsnq_1 (noninv, pins=4, area=46.10) is a direct match for cell type $_DLATCH_PN1_.
  cell gf180mcu_fd_sc_mcu7t5v0__latrsnq_1 (noninv, pins=5, area=52.68) is a direct match for cell type $_DLATCHSR_PNN_.
  final dff/dlatch cell mappings:
    \gf180mcu_fd_sc_mcu7t5v0__dffnq_1 _DFF_N_ (.CLKN( C), .D( D), .Q( Q));
    \gf180mcu_fd_sc_mcu7t5v0__dffq_1 _DFF_P_ (.CLK( C), .D( D), .Q( Q));
    \gf180mcu_fd_sc_mcu7t5v0__dffnrnq_1 _DFF_NN0_ (.CLKN( C), .D( D), .Q( Q), .RN( R));
    \gf180mcu_fd_sc_mcu7t5v0__dffnsnq_1 _DFF_NN1_ (.CLKN( C), .D( D), .Q( Q), .SETN( R));
    unmapped dff/dlatch cell: $_DFF_NP0_
    unmapped dff/dlatch cell: $_DFF_NP1_
    \gf180mcu_fd_sc_mcu7t5v0__dffrnq_1 _DFF_PN0_ (.CLK( C), .D( D), .Q( Q), .RN( R));
    \gf180mcu_fd_sc_mcu7t5v0__dffsnq_1 _DFF_PN1_ (.CLK( C), .D( D), .Q( Q), .SETN( R));
    unmapped dff/dlatch cell: $_DFF_PP0_
    unmapped dff/dlatch cell: $_DFF_PP1_
    unmapped dff/dlatch cell: $_DFFE_NN_
    unmapped dff/dlatch cell: $_DFFE_NP_
    unmapped dff/dlatch cell: $_DFFE_PN_
    unmapped dff/dlatch cell: $_DFFE_PP_
    \gf180mcu_fd_sc_mcu7t5v0__dffnrsnq_1 _DFFSR_NNN_ (.CLKN( C), .D( D), .Q( Q), .RN( R), .SETN( S));
    unmapped dff/dlatch cell: $_DFFSR_NNP_
    unmapped dff/dlatch cell: $_DFFSR_NPN_
    unmapped dff/dlatch cell: $_DFFSR_NPP_
    \gf180mcu_fd_sc_mcu7t5v0__dffrsnq_1 _DFFSR_PNN_ (.CLK( C), .D( D), .Q( Q), .RN( R), .SETN( S));
    unmapped dff/dlatch cell: $_DFFSR_PNP_
    unmapped dff/dlatch cell: $_DFFSR_PPN_
    unmapped dff/dlatch cell: $_DFFSR_PPP_
    unmapped dff/dlatch cell: $_DLATCH_N_
    \gf180mcu_fd_sc_mcu7t5v0__latq_1 _DLATCH_P_ (.D( D), .E( E), .Q( Q));
    unmapped dff/dlatch cell: $_DLATCH_NN0_
    unmapped dff/dlatch cell: $_DLATCH_NN1_
    unmapped dff/dlatch cell: $_DLATCH_NP0_
    unmapped dff/dlatch cell: $_DLATCH_NP1_
    \gf180mcu_fd_sc_mcu7t5v0__latrnq_1 _DLATCH_PN0_ (.D( D), .E( E), .Q( Q), .RN( R));
    \gf180mcu_fd_sc_mcu7t5v0__latsnq_1 _DLATCH_PN1_ (.D( D), .E( E), .Q( Q), .SETN( R));
    unmapped dff/dlatch cell: $_DLATCH_PP0_
    unmapped dff/dlatch cell: $_DLATCH_PP1_
    unmapped dff/dlatch cell: $_DLATCHSR_NNN_
    unmapped dff/dlatch cell: $_DLATCHSR_NNP_
    unmapped dff/dlatch cell: $_DLATCHSR_NPN_
    unmapped dff/dlatch cell: $_DLATCHSR_NPP_
    \gf180mcu_fd_sc_mcu7t5v0__latrsnq_1 _DLATCHSR_PNN_ (.D( D), .E( E), .Q( Q), .RN( R), .SETN( S));
    unmapped dff/dlatch cell: $_DLATCHSR_PNP_
    unmapped dff/dlatch cell: $_DLATCHSR_PPN_
    unmapped dff/dlatch cell: $_DLATCHSR_PPP_

4.1. Executing DFFLEGALIZE pass (convert FFs and LATCHes to types supported by the target).
<suppressed ~12 debug messages>
Mapping DFF/DLATCH cells in module `\storage_probe':

5. Executing ABC pass (technology mapping using ABC).

5.1. Extracting gate netlist of module `\storage_probe' to `<abc-temp-dir>/input.blif'..
ABC: using cached merged SCL: /var/folders/fb/l4j31ymn3bn0mc6v1qbvvl8c0000gn/T/yosys-liberty-scl-cache-501/yosys_merged_d72b0919.scl (1 files)

5.1.1. Executed ABC.
Extracted 0 gates and 0 wires to a netlist network with 0 inputs and 0 outputs.
Don't call ABC as there is nothing to map.
Removing temp directory.
Removing global temp directory.

6. Printing statistics.

=== storage_probe ===

        +----------Local Count, excluding submodules.
        | 
       11 wires
     1684 wire bits
       11 public wires
     1684 public wire bits
       11 ports
     1684 port bits

End of script. Logfile hash: 1c8ee0e37e, time: 0.48s, user: 0.38s, system: 0.05s, MEM: 101.17 MB peak
Yosys 0.69+post (git sha1 143eb14f9cc55d6f8927e68523b0c9d2166ed02c, Release, AppleClang clang++ 21.0.0.21000101)
Time spent: 27% 1x dfflibmap (0 sec), 24% 2x stat (0 sec), ...
