# record C: pinned-image (openroad/orfs:26Q3-296-gda37dce1c, yosys 0.57) 'check -assert' on the
# MERGED (DR-0011 candidate, dx7_core 34f93d2d) canonicalized 1_1 netlist, same flow, same machine
# command: docker run -v <box>:/h openroad/orfs:26Q3-296-gda37dce1c sh -c 'yosys -p "read_rtlil <1_1>" -p "check -assert"'
=====================

 /----------------------------------------------------------------------------\
 |  yosys -- Yosys Open SYnthesis Suite                                       |
 |  Copyright (C) 2012 - 2026  Claire Xenia Wolf <claire@yosyshq.com>         |
 |  Distributed under an ISC-like license, type "license" to see terms        |
 \----------------------------------------------------------------------------/
 Yosys 0.67 (git sha1 2d1509d1b, Release, GNU /usr/local/bin/wrapped-cc/g++ 11.4.0)

-- Running command `read_rtlil /h/gf180-dx7/pnr/orfs/work/results/gf180/dx7core/natdie/1_1_yosys_canonicalize.rtlil' --

1. Executing RTLIL frontend.
Input filename: /h/gf180-dx7/pnr/orfs/work/results/gf180/dx7core/natdie/1_1_yosys_canonicalize.rtlil

-- Running command `check -assert' --

2. Executing CHECK pass (checking for obvious problems).
Checking module dx7_core...
Checking module alg_router...
Checking module env_unit...
Checking module h07_op_kernel...
Found and reported 0 problems.

End of script. Logfile hash: 9939688ca1, time: 6.07s, user: 5.54s, system: 0.53s, MEM: 1071.76 MB peak
Yosys 0.67 (git sha1 2d1509d1b, Release, GNU /usr/local/bin/wrapped-cc/g++ 11.4.0)
Time spent: 96% 1x check (5 sec), 3% 2x read_rtlil (0 sec), ...
